Archive member included to satisfy reference by file (symbol)

/mnt/Speicher/STM32_IDE/plugins/fr.ac6.mcu.externaltools.arm-none.linux64_1.15.0.201708311556/tools/compiler/bin/../lib/gcc/arm-none-eabi/6.3.1/thumb/v7e-m/fpv4-sp/hard/libgcc.a(_arm_addsubdf3.o)
                              Drivers/AT_Bibliothek/at_schrittmotor.o (__aeabi_dadd)
/mnt/Speicher/STM32_IDE/plugins/fr.ac6.mcu.externaltools.arm-none.linux64_1.15.0.201708311556/tools/compiler/bin/../lib/gcc/arm-none-eabi/6.3.1/thumb/v7e-m/fpv4-sp/hard/libgcc.a(_arm_muldivdf3.o)
                              Drivers/AT_Bibliothek/at_schrittmotor.o (__aeabi_dmul)
/mnt/Speicher/STM32_IDE/plugins/fr.ac6.mcu.externaltools.arm-none.linux64_1.15.0.201708311556/tools/compiler/bin/../lib/gcc/arm-none-eabi/6.3.1/thumb/v7e-m/fpv4-sp/hard/libgcc.a(_arm_fixunsdfsi.o)
                              Drivers/AT_Bibliothek/at_schrittmotor.o (__aeabi_d2uiz)
/mnt/Speicher/STM32_IDE/plugins/fr.ac6.mcu.externaltools.arm-none.linux64_1.15.0.201708311556/tools/compiler/bin/../lib/gcc/arm-none-eabi/6.3.1/../../../../arm-none-eabi/lib/thumb/v7e-m/fpv4-sp/hard/libc_nano.a(lib_a-exit.o)
                              /mnt/Speicher/STM32_IDE/plugins/fr.ac6.mcu.externaltools.arm-none.linux64_1.15.0.201708311556/tools/compiler/bin/../lib/gcc/arm-none-eabi/6.3.1/../../../../arm-none-eabi/lib/thumb/v7e-m/fpv4-sp/hard/crt0.o (exit)
/mnt/Speicher/STM32_IDE/plugins/fr.ac6.mcu.externaltools.arm-none.linux64_1.15.0.201708311556/tools/compiler/bin/../lib/gcc/arm-none-eabi/6.3.1/../../../../arm-none-eabi/lib/thumb/v7e-m/fpv4-sp/hard/libc_nano.a(lib_a-impure.o)
                              /mnt/Speicher/STM32_IDE/plugins/fr.ac6.mcu.externaltools.arm-none.linux64_1.15.0.201708311556/tools/compiler/bin/../lib/gcc/arm-none-eabi/6.3.1/../../../../arm-none-eabi/lib/thumb/v7e-m/fpv4-sp/hard/libc_nano.a(lib_a-exit.o) (_global_impure_ptr)
/mnt/Speicher/STM32_IDE/plugins/fr.ac6.mcu.externaltools.arm-none.linux64_1.15.0.201708311556/tools/compiler/bin/../lib/gcc/arm-none-eabi/6.3.1/../../../../arm-none-eabi/lib/thumb/v7e-m/fpv4-sp/hard/libc_nano.a(lib_a-init.o)
                              /mnt/Speicher/STM32_IDE/plugins/fr.ac6.mcu.externaltools.arm-none.linux64_1.15.0.201708311556/tools/compiler/bin/../lib/gcc/arm-none-eabi/6.3.1/../../../../arm-none-eabi/lib/thumb/v7e-m/fpv4-sp/hard/crt0.o (__libc_init_array)
/mnt/Speicher/STM32_IDE/plugins/fr.ac6.mcu.externaltools.arm-none.linux64_1.15.0.201708311556/tools/compiler/bin/../lib/gcc/arm-none-eabi/6.3.1/../../../../arm-none-eabi/lib/thumb/v7e-m/fpv4-sp/hard/libc_nano.a(lib_a-malloc.o)
                              Drivers/TM_Bibliothek/tm_stm32_buffer.o (malloc)
/mnt/Speicher/STM32_IDE/plugins/fr.ac6.mcu.externaltools.arm-none.linux64_1.15.0.201708311556/tools/compiler/bin/../lib/gcc/arm-none-eabi/6.3.1/../../../../arm-none-eabi/lib/thumb/v7e-m/fpv4-sp/hard/libc_nano.a(lib_a-memcpy-stub.o)
                              Drivers/AT_Bibliothek/at_lcd.o (memcpy)
/mnt/Speicher/STM32_IDE/plugins/fr.ac6.mcu.externaltools.arm-none.linux64_1.15.0.201708311556/tools/compiler/bin/../lib/gcc/arm-none-eabi/6.3.1/../../../../arm-none-eabi/lib/thumb/v7e-m/fpv4-sp/hard/libc_nano.a(lib_a-memset.o)
                              /mnt/Speicher/STM32_IDE/plugins/fr.ac6.mcu.externaltools.arm-none.linux64_1.15.0.201708311556/tools/compiler/bin/../lib/gcc/arm-none-eabi/6.3.1/../../../../arm-none-eabi/lib/thumb/v7e-m/fpv4-sp/hard/crt0.o (memset)
/mnt/Speicher/STM32_IDE/plugins/fr.ac6.mcu.externaltools.arm-none.linux64_1.15.0.201708311556/tools/compiler/bin/../lib/gcc/arm-none-eabi/6.3.1/../../../../arm-none-eabi/lib/thumb/v7e-m/fpv4-sp/hard/libc_nano.a(lib_a-nano-freer.o)
                              /mnt/Speicher/STM32_IDE/plugins/fr.ac6.mcu.externaltools.arm-none.linux64_1.15.0.201708311556/tools/compiler/bin/../lib/gcc/arm-none-eabi/6.3.1/../../../../arm-none-eabi/lib/thumb/v7e-m/fpv4-sp/hard/libc_nano.a(lib_a-malloc.o) (_free_r)
/mnt/Speicher/STM32_IDE/plugins/fr.ac6.mcu.externaltools.arm-none.linux64_1.15.0.201708311556/tools/compiler/bin/../lib/gcc/arm-none-eabi/6.3.1/../../../../arm-none-eabi/lib/thumb/v7e-m/fpv4-sp/hard/libc_nano.a(lib_a-nano-mallocr.o)
                              /mnt/Speicher/STM32_IDE/plugins/fr.ac6.mcu.externaltools.arm-none.linux64_1.15.0.201708311556/tools/compiler/bin/../lib/gcc/arm-none-eabi/6.3.1/../../../../arm-none-eabi/lib/thumb/v7e-m/fpv4-sp/hard/libc_nano.a(lib_a-malloc.o) (_malloc_r)
/mnt/Speicher/STM32_IDE/plugins/fr.ac6.mcu.externaltools.arm-none.linux64_1.15.0.201708311556/tools/compiler/bin/../lib/gcc/arm-none-eabi/6.3.1/../../../../arm-none-eabi/lib/thumb/v7e-m/fpv4-sp/hard/libc_nano.a(lib_a-sbrkr.o)
                              /mnt/Speicher/STM32_IDE/plugins/fr.ac6.mcu.externaltools.arm-none.linux64_1.15.0.201708311556/tools/compiler/bin/../lib/gcc/arm-none-eabi/6.3.1/../../../../arm-none-eabi/lib/thumb/v7e-m/fpv4-sp/hard/libc_nano.a(lib_a-nano-mallocr.o) (_sbrk_r)
[...]
Memory Configuration

Name             Origin             Length             Attributes
RAM              0x0000000020000000 0x0000000000030000 xrw
CCMRAM           0x0000000010000000 0x0000000000010000 rw
FLASH            0x0000000008000000 0x0000000000200000 xr
*default*        0x0000000000000000 0xffffffffffffffff

Linker script and memory map

LOAD /mnt/Speicher/STM32_IDE/plugins/fr.ac6.mcu.externaltools.arm-none.linux64_1.15.0.201708311556/tools/compiler/bin/../lib/gcc/arm-none-eabi/6.3.1/thumb/v7e-m/fpv4-sp/hard/crti.o
LOAD /mnt/Speicher/STM32_IDE/plugins/fr.ac6.mcu.externaltools.arm-none.linux64_1.15.0.201708311556/tools/compiler/bin/../lib/gcc/arm-none-eabi/6.3.1/thumb/v7e-m/fpv4-sp/hard/crtbegin.o
LOAD /mnt/Speicher/STM32_IDE/plugins/fr.ac6.mcu.externaltools.arm-none.linux64_1.15.0.201708311556/tools/compiler/bin/../lib/gcc/arm-none-eabi/6.3.1/../../../../arm-none-eabi/lib/thumb/v7e-m/fpv4-sp/hard/crt0.o
LOAD Drivers/AT_Bibliothek/at_io_expander.o
LOAD Drivers/AT_Bibliothek/at_lcd.o
LOAD Drivers/AT_Bibliothek/at_schrittmotor.o
LOAD Drivers/AT_Bibliothek/at_uart.o
LOAD Drivers/DSPIN_L6472_Treiber/dspin.o
LOAD Drivers/STM32F4xx_HAL_Driver/Src/stm32f4xx_hal.o
LOAD Drivers/STM32F4xx_HAL_Driver/Src/stm32f4xx_hal_cortex.o
LOAD Drivers/STM32F4xx_HAL_Driver/Src/stm32f4xx_hal_dma.o
LOAD Drivers/STM32F4xx_HAL_Driver/Src/stm32f4xx_hal_dma2d.o
LOAD Drivers/STM32F4xx_HAL_Driver/Src/stm32f4xx_hal_dma_ex.o
LOAD Drivers/STM32F4xx_HAL_Driver/Src/stm32f4xx_hal_dsi.o
LOAD Drivers/STM32F4xx_HAL_Driver/Src/stm32f4xx_hal_flash.o
LOAD Drivers/STM32F4xx_HAL_Driver/Src/stm32f4xx_hal_flash_ex.o
LOAD Drivers/STM32F4xx_HAL_Driver/Src/stm32f4xx_hal_flash_ramfunc.o
LOAD Drivers/STM32F4xx_HAL_Driver/Src/stm32f4xx_hal_gpio.o
LOAD Drivers/STM32F4xx_HAL_Driver/Src/stm32f4xx_hal_i2c.o
LOAD Drivers/STM32F4xx_HAL_Driver/Src/stm32f4xx_hal_i2c_ex.o
LOAD Drivers/STM32F4xx_HAL_Driver/Src/stm32f4xx_hal_ltdc.o
LOAD Drivers/STM32F4xx_HAL_Driver/Src/stm32f4xx_hal_ltdc_ex.o
LOAD Drivers/STM32F4xx_HAL_Driver/Src/stm32f4xx_hal_pwr.o
LOAD Drivers/STM32F4xx_HAL_Driver/Src/stm32f4xx_hal_pwr_ex.o
LOAD Drivers/STM32F4xx_HAL_Driver/Src/stm32f4xx_hal_rcc.o
LOAD Drivers/STM32F4xx_HAL_Driver/Src/stm32f4xx_hal_rcc_ex.o
LOAD Drivers/STM32F4xx_HAL_Driver/Src/stm32f4xx_hal_sdram.o
LOAD Drivers/STM32F4xx_HAL_Driver/Src/stm32f4xx_hal_spi.o
LOAD Drivers/STM32F4xx_HAL_Driver/Src/stm32f4xx_hal_tim.o
LOAD Drivers/STM32F4xx_HAL_Driver/Src/stm32f4xx_hal_tim_ex.o
LOAD Drivers/STM32F4xx_HAL_Driver/Src/stm32f4xx_hal_uart.o
LOAD Drivers/STM32F4xx_HAL_Driver/Src/stm32f4xx_ll_fmc.o
LOAD Drivers/TM_Bibliothek/tm_stm32_buffer.o
LOAD Drivers/TM_Bibliothek/tm_stm32_delay.o
LOAD Drivers/TM_Bibliothek/tm_stm32_dma.o
LOAD Drivers/TM_Bibliothek/tm_stm32_dma2d_graphic.o
LOAD Drivers/TM_Bibliothek/tm_stm32_fonts.o
LOAD Drivers/TM_Bibliothek/tm_stm32_gpio.o
LOAD Drivers/TM_Bibliothek/tm_stm32_i2c.o
LOAD Drivers/TM_Bibliothek/tm_stm32_lcd.o
LOAD Drivers/TM_Bibliothek/tm_stm32_sdram.o
LOAD Drivers/TM_Bibliothek/tm_stm32_spi.o
LOAD Drivers/TM_Bibliothek/tm_stm32_usart.o
LOAD Drivers/TM_Bibliothek/tm_stm32_usart_dma.o
LOAD Drivers/TM_Bibliothek/tm_stm32f4_stmpe811.o
LOAD Src/main.o
LOAD Src/stm32f4xx_hal_msp.o
LOAD Src/stm32f4xx_it.o
LOAD Src/system_stm32f4xx.o
LOAD startup/startup_stm32f429xx.o
LOAD /mnt/Speicher/STM32_IDE/plugins/fr.ac6.mcu.externaltools.arm-none.linux64_1.15.0.201708311556/tools/compiler/bin/../lib/gcc/arm-none-eabi/6.3.1/../../../../arm-none-eabi/lib/thumb/v7e-m/fpv4-sp/hard/libm.a
START GROUP
LOAD /mnt/Speicher/STM32_IDE/plugins/fr.ac6.mcu.externaltools.arm-none.linux64_1.15.0.201708311556/tools/compiler/bin/../lib/gcc/arm-none-eabi/6.3.1/thumb/v7e-m/fpv4-sp/hard/libgcc.a
LOAD /mnt/Speicher/STM32_IDE/plugins/fr.ac6.mcu.externaltools.arm-none.linux64_1.15.0.201708311556/tools/compiler/bin/../lib/gcc/arm-none-eabi/6.3.1/../../../../arm-none-eabi/lib/thumb/v7e-m/fpv4-sp/hard/libc_nano.a
END GROUP
START GROUP
LOAD /mnt/Speicher/STM32_IDE/plugins/fr.ac6.mcu.externaltools.arm-none.linux64_1.15.0.201708311556/tools/compiler/bin/../lib/gcc/arm-none-eabi/6.3.1/thumb/v7e-m/fpv4-sp/hard/libgcc.a
LOAD /mnt/Speicher/STM32_IDE/plugins/fr.ac6.mcu.externaltools.arm-none.linux64_1.15.0.201708311556/tools/compiler/bin/../lib/gcc/arm-none-eabi/6.3.1/../../../../arm-none-eabi/lib/thumb/v7e-m/fpv4-sp/hard/libc_nano.a
LOAD /mnt/Speicher/STM32_IDE/plugins/fr.ac6.mcu.externaltools.arm-none.linux64_1.15.0.201708311556/tools/compiler/bin/../lib/gcc/arm-none-eabi/6.3.1/../../../../arm-none-eabi/lib/thumb/v7e-m/fpv4-sp/hard/libnosys.a
END GROUP
START GROUP
LOAD /mnt/Speicher/STM32_IDE/plugins/fr.ac6.mcu.externaltools.arm-none.linux64_1.15.0.201708311556/tools/compiler/bin/../lib/gcc/arm-none-eabi/6.3.1/thumb/v7e-m/fpv4-sp/hard/libgcc.a
LOAD /mnt/Speicher/STM32_IDE/plugins/fr.ac6.mcu.externaltools.arm-none.linux64_1.15.0.201708311556/tools/compiler/bin/../lib/gcc/arm-none-eabi/6.3.1/../../../../arm-none-eabi/lib/thumb/v7e-m/fpv4-sp/hard/libc_nano.a
LOAD /mnt/Speicher/STM32_IDE/plugins/fr.ac6.mcu.externaltools.arm-none.linux64_1.15.0.201708311556/tools/compiler/bin/../lib/gcc/arm-none-eabi/6.3.1/../../../../arm-none-eabi/lib/thumb/v7e-m/fpv4-sp/hard/libnosys.a
END GROUP
LOAD /mnt/Speicher/STM32_IDE/plugins/fr.ac6.mcu.externaltools.arm-none.linux64_1.15.0.201708311556/tools/compiler/bin/../lib/gcc/arm-none-eabi/6.3.1/thumb/v7e-m/fpv4-sp/hard/crtend.o
LOAD /mnt/Speicher/STM32_IDE/plugins/fr.ac6.mcu.externaltools.arm-none.linux64_1.15.0.201708311556/tools/compiler/bin/../lib/gcc/arm-none-eabi/6.3.1/thumb/v7e-m/fpv4-sp/hard/crtn.o
                0x0000000020030000                _estack = 0x20030000
                0x0000000000000200                _Min_Heap_Size = 0x200
                0x0000000000000400                _Min_Stack_Size = 0x400

.isr_vector     0x0000000008000000      0x1ac
                0x0000000008000000                . = ALIGN (0x4)
 *(.isr_vector)
 .isr_vector    0x0000000008000000      0x1ac startup/startup_stm32f429xx.o
                0x0000000008000000                g_pfnVectors
                0x00000000080001ac                . = ALIGN (0x4)

.text           0x00000000080001b0     0x8224
                0x00000000080001b0                . = ALIGN (0x4)
 *(.text)
 .text          0x00000000080001b0       0x6c /mnt/Speicher/STM32_IDE/plugins/fr.ac6.mcu.externaltools.arm-none.linux64_1.15.0.201708311556/tools/compiler/bin/../lib/gcc/arm-none-eabi/6.3.1/thumb/v7e-m/fpv4-sp/hard/crtbegin.o
 .text          0x000000000800021c      0x370 /mnt/Speicher/STM32_IDE/plugins/fr.ac6.mcu.externaltools.arm-none.linux64_1.15.0.201708311556/tools/compiler/bin/../lib/gcc/arm-none-eabi/6.3.1/thumb/v7e-m/fpv4-sp/hard/libgcc.a(_arm_addsubdf3.o)
                0x000000000800021c                __aeabi_drsub
                0x0000000008000224                __aeabi_dsub
                0x0000000008000224                __subdf3
                0x0000000008000228                __adddf3
                0x0000000008000228                __aeabi_dadd
                0x00000000080004a0                __aeabi_ui2d
                0x00000000080004a0                __floatunsidf
                0x00000000080004c0                __floatsidf
                0x00000000080004c0                __aeabi_i2d
                0x00000000080004e4                __extendsfdf2
                0x00000000080004e4                __aeabi_f2d
                0x0000000008000520                __aeabi_ul2d
                0x0000000008000520                __floatundidf
                0x0000000008000530                __floatdidf
                0x0000000008000530                __aeabi_l2d
 .text          0x000000000800058c      0x424 /mnt/Speicher/STM32_IDE/plugins/fr.ac6.mcu.externaltools.arm-none.linux64_1.15.0.201708311556/tools/compiler/bin/../lib/gcc/arm-none-eabi/6.3.1/thumb/v7e-m/fpv4-sp/hard/libgcc.a(_arm_muldivdf3.o)
                0x000000000800058c                __aeabi_dmul
                0x000000000800058c                __muldf3
                0x00000000080007e0                __aeabi_ddiv
                0x00000000080007e0                __divdf3
 .text          0x00000000080009b0       0x40 /mnt/Speicher/STM32_IDE/plugins/fr.ac6.mcu.externaltools.arm-none.linux64_1.15.0.201708311556/tools/compiler/bin/../lib/gcc/arm-none-eabi/6.3.1/thumb/v7e-m/fpv4-sp/hard/libgcc.a(_arm_fixunsdfsi.o)
                0x00000000080009b0                __fixunsdfsi
                0x00000000080009b0                __aeabi_d2uiz
 .text          0x00000000080009f0       0xa0 /mnt/Speicher/STM32_IDE/plugins/fr.ac6.mcu.externaltools.arm-none.linux64_1.15.0.201708311556/tools/compiler/bin/../lib/gcc/arm-none-eabi/6.3.1/../../../../arm-none-eabi/lib/thumb/v7e-m/fpv4-sp/hard/libc_nano.a(lib_a-memchr.o)
                0x00000000080009f0                memchr
 *(.text*)
 .text.at_expander_senddata
                0x0000000008000a90       0xd4 Drivers/AT_Bibliothek/at_io_expander.o
                0x0000000008000a90                at_expander_senddata
 .text.at_expander_readdata
                0x0000000008000b64       0xe0 Drivers/AT_Bibliothek/at_io_expander.o
                0x0000000008000b64                at_expander_readdata
 .text.at_expander_init
                0x0000000008000c44       0x9c Drivers/AT_Bibliothek/at_io_expander.o
                0x0000000008000c44                at_expander_init
 .text.at_stck  0x0000000008000ce0       0x1a Drivers/AT_Bibliothek/at_io_expander.o
                0x0000000008000ce0                at_stck
 *fill*         0x0000000008000cfa        0x2 
 .text.at_lcd_init
                0x0000000008000cfc       0x34 Drivers/AT_Bibliothek/at_lcd.o
                0x0000000008000cfc                at_lcd_init
 .text.at_lcd_button
                0x0000000008000d30       0xb0 Drivers/AT_Bibliothek/at_lcd.o
                0x0000000008000d30                at_lcd_button
 .text.at_lcd_page_0
                0x0000000008000de0       0x70 Drivers/AT_Bibliothek/at_lcd.o
                0x0000000008000de0                at_lcd_page_0
 .text.at_lcd_page_1
                0x0000000008000e50      0x108 Drivers/AT_Bibliothek/at_lcd.o
                0x0000000008000e50                at_lcd_page_1
 .text.at_lcd_page_2
                0x0000000008000f58       0xf8 Drivers/AT_Bibliothek/at_lcd.o
                0x0000000008000f58                at_lcd_page_2
 .text.at_lcd_state
                0x0000000008001050      0x11c Drivers/AT_Bibliothek/at_lcd.o
                0x0000000008001050                at_lcd_state
 .text.at_debug
                0x000000000800116c       0xf8 Drivers/AT_Bibliothek/at_lcd.o
                0x000000000800116c                at_debug
 .text.at_lcd_error
                0x0000000008001264       0x74 Drivers/AT_Bibliothek/at_lcd.o
                0x0000000008001264                at_lcd_error
 .text.at_lcd_debug
                0x00000000080012d8       0xb4 Drivers/AT_Bibliothek/at_lcd.o
                0x00000000080012d8                at_lcd_debug
 .text.at_dSPIN_Write_Byte
                0x000000000800138c      0x314 Drivers/AT_Bibliothek/at_schrittmotor.o
                0x000000000800138c                at_dSPIN_Write_Byte
 .text.at_schrittmotor_init
                0x00000000080016a0       0x3c Drivers/AT_Bibliothek/at_schrittmotor.o
                0x00000000080016a0                at_schrittmotor_init
 .text.L3518_init
                0x00000000080016dc       0x4c Drivers/AT_Bibliothek/at_schrittmotor.o
                0x00000000080016dc                L3518_init
 .text.LSP1518_init
                0x0000000008001728       0x4c Drivers/AT_Bibliothek/at_schrittmotor.o
                0x0000000008001728                LSP1518_init
 .text.at_schrittmotor_get_param
                0x0000000008001774      0x150 Drivers/AT_Bibliothek/at_schrittmotor.o
                0x0000000008001774                at_schrittmotor_get_param
 *fill*         0x00000000080018c4        0x4 
 .text.at_schrittmotor_run
                0x00000000080018c8       0x3c Drivers/AT_Bibliothek/at_schrittmotor.o
                0x00000000080018c8                at_schrittmotor_run
 .text.at_schrittmotor_stop
                0x0000000008001904        0x8 Drivers/AT_Bibliothek/at_schrittmotor.o
                0x0000000008001904                at_schrittmotor_stop
 .text.at_schrittmotor_sync
                0x000000000800190c       0x18 Drivers/AT_Bibliothek/at_schrittmotor.o
                0x000000000800190c                at_schrittmotor_sync
 .text.at_schrittmotor_print_data
                0x0000000008001924      0x3c4 Drivers/AT_Bibliothek/at_schrittmotor.o
                0x0000000008001924                at_schrittmotor_print_data
 .text.dSPIN_Write_Byte
                0x0000000008001ce8        0xa Drivers/DSPIN_L6472_Treiber/dspin.o
                0x0000000008001ce8                dSPIN_Write_Byte
 .text.dSPIN_Get_Param
                0x0000000008001cf2       0x50 Drivers/DSPIN_L6472_Treiber/dspin.o
                0x0000000008001cf2                dSPIN_Get_Param
 .text.dSPIN_Run
                0x0000000008001d42       0x24 Drivers/DSPIN_L6472_Treiber/dspin.o
                0x0000000008001d42                dSPIN_Run
 .text.dSPIN_Reset_Device
                0x0000000008001d66        0xa Drivers/DSPIN_L6472_Treiber/dspin.o
                0x0000000008001d66                dSPIN_Reset_Device
 .text.dSPIN_Soft_Stop
                0x0000000008001d70        0xa Drivers/DSPIN_L6472_Treiber/dspin.o
                0x0000000008001d70                dSPIN_Soft_Stop
 .text.dSPIN_Get_Status
                0x0000000008001d7a       0x20 Drivers/DSPIN_L6472_Treiber/dspin.o
                0x0000000008001d7a                dSPIN_Get_Status
 *fill*         0x0000000008001d9a        0x2 
 .text.HAL_InitTick
                0x0000000008001d9c       0x2c Drivers/STM32F4xx_HAL_Driver/Src/stm32f4xx_hal.o
                0x0000000008001d9c                HAL_InitTick
 .text.HAL_Init
                0x0000000008001dc8       0x34 Drivers/STM32F4xx_HAL_Driver/Src/stm32f4xx_hal.o
                0x0000000008001dc8                HAL_Init
 .text.HAL_NVIC_SetPriorityGrouping
                0x0000000008001dfc       0x24 Drivers/STM32F4xx_HAL_Driver/Src/stm32f4xx_hal_cortex.o
                0x0000000008001dfc                HAL_NVIC_SetPriorityGrouping
 .text.HAL_NVIC_SetPriority
                0x0000000008001e20       0x64 Drivers/STM32F4xx_HAL_Driver/Src/stm32f4xx_hal_cortex.o
                0x0000000008001e20                HAL_NVIC_SetPriority
 .text.HAL_NVIC_EnableIRQ
                0x0000000008001e84       0x18 Drivers/STM32F4xx_HAL_Driver/Src/stm32f4xx_hal_cortex.o
                0x0000000008001e84                HAL_NVIC_EnableIRQ
 .text.HAL_SYSTICK_Config
                0x0000000008001e9c       0x2c Drivers/STM32F4xx_HAL_Driver/Src/stm32f4xx_hal_cortex.o
                0x0000000008001e9c                HAL_SYSTICK_Config
 .text.HAL_NVIC_ClearPendingIRQ
                0x0000000008001ec8       0x1c Drivers/STM32F4xx_HAL_Driver/Src/stm32f4xx_hal_cortex.o
                0x0000000008001ec8                HAL_NVIC_ClearPendingIRQ
 .text.HAL_SYSTICK_CLKSourceConfig
                0x0000000008001ee4       0x20 Drivers/STM32F4xx_HAL_Driver/Src/stm32f4xx_hal_cortex.o
                0x0000000008001ee4                HAL_SYSTICK_CLKSourceConfig
 .text.HAL_SYSTICK_Callback
                0x0000000008001f04        0x2 Drivers/STM32F4xx_HAL_Driver/Src/stm32f4xx_hal_cortex.o
                0x0000000008001f04                HAL_SYSTICK_Callback
 .text.HAL_SYSTICK_IRQHandler
                0x0000000008001f06        0x8 Drivers/STM32F4xx_HAL_Driver/Src/stm32f4xx_hal_cortex.o
                0x0000000008001f06                HAL_SYSTICK_IRQHandler
 *fill*         0x0000000008001f0e        0x2 
 .text.DMA_CalcBaseAndBitshift
                0x0000000008001f10       0x3c Drivers/STM32F4xx_HAL_Driver/Src/stm32f4xx_hal_dma.o
 .text.DMA_CheckFifoParam
                0x0000000008001f4c       0x8e Drivers/STM32F4xx_HAL_Driver/Src/stm32f4xx_hal_dma.o
 *fill*         0x0000000008001fda        0x2 
 .text.HAL_DMA_Init
                0x0000000008001fdc       0xd0 Drivers/STM32F4xx_HAL_Driver/Src/stm32f4xx_hal_dma.o
                0x0000000008001fdc                HAL_DMA_Init
 .text.HAL_DMA_Abort_IT
                0x00000000080020ac       0x26 Drivers/STM32F4xx_HAL_Driver/Src/stm32f4xx_hal_dma.o
                0x00000000080020ac                HAL_DMA_Abort_IT
 *fill*         0x00000000080020d2        0x2 
 .text.HAL_DMA_IRQHandler
                0x00000000080020d4      0x1e4 Drivers/STM32F4xx_HAL_Driver/Src/stm32f4xx_hal_dma.o
                0x00000000080020d4                HAL_DMA_IRQHandler
 .text.DMA2D_SetConfig
                0x00000000080022b8       0x9c Drivers/STM32F4xx_HAL_Driver/Src/stm32f4xx_hal_dma2d.o
 .text.HAL_DMA2D_Init
                0x0000000008002354       0x5a Drivers/STM32F4xx_HAL_Driver/Src/stm32f4xx_hal_dma2d.o
                0x0000000008002354                HAL_DMA2D_Init
 .text.HAL_DMA2D_Start
                0x00000000080023ae       0x38 Drivers/STM32F4xx_HAL_Driver/Src/stm32f4xx_hal_dma2d.o
                0x00000000080023ae                HAL_DMA2D_Start
 .text.HAL_DMA2D_PollForTransfer
                0x00000000080023e6      0x13e Drivers/STM32F4xx_HAL_Driver/Src/stm32f4xx_hal_dma2d.o
                0x00000000080023e6                HAL_DMA2D_PollForTransfer
 .text.HAL_DMA2D_ConfigLayer
                0x0000000008002524       0xf4 Drivers/STM32F4xx_HAL_Driver/Src/stm32f4xx_hal_dma2d.o
                0x0000000008002524                HAL_DMA2D_ConfigLayer
 .text.HAL_GPIO_Init
                0x0000000008002618      0x1e4 Drivers/STM32F4xx_HAL_Driver/Src/stm32f4xx_hal_gpio.o
                0x0000000008002618                HAL_GPIO_Init
 .text.HAL_GPIO_WritePin
                0x00000000080027fc        0xc Drivers/STM32F4xx_HAL_Driver/Src/stm32f4xx_hal_gpio.o
                0x00000000080027fc                HAL_GPIO_WritePin
 .text.HAL_GPIO_TogglePin
                0x0000000008002808        0x8 Drivers/STM32F4xx_HAL_Driver/Src/stm32f4xx_hal_gpio.o
                0x0000000008002808                HAL_GPIO_TogglePin
 .text.HAL_GPIO_EXTI_IRQHandler
                0x0000000008002810       0x1c Drivers/STM32F4xx_HAL_Driver/Src/stm32f4xx_hal_gpio.o
                0x0000000008002810                HAL_GPIO_EXTI_IRQHandler
 .text.I2C_IsAcknowledgeFailed
                0x000000000800282c       0x2a Drivers/STM32F4xx_HAL_Driver/Src/stm32f4xx_hal_i2c.o
 .text.I2C_WaitOnFlagUntilTimeout
                0x0000000008002856       0x68 Drivers/STM32F4xx_HAL_Driver/Src/stm32f4xx_hal_i2c.o
 .text.I2C_WaitOnMasterAddressFlagUntilTimeout
                0x00000000080028be       0x90 Drivers/STM32F4xx_HAL_Driver/Src/stm32f4xx_hal_i2c.o
 *fill*         0x000000000800294e        0x2 
 .text.I2C_MasterRequestWrite
                0x0000000008002950       0xbc Drivers/STM32F4xx_HAL_Driver/Src/stm32f4xx_hal_i2c.o
 .text.I2C_MasterRequestRead
                0x0000000008002a0c      0x120 Drivers/STM32F4xx_HAL_Driver/Src/stm32f4xx_hal_i2c.o
 .text.I2C_WaitOnTXEFlagUntilTimeout
                0x0000000008002b2c       0x4e Drivers/STM32F4xx_HAL_Driver/Src/stm32f4xx_hal_i2c.o
 .text.I2C_WaitOnBTFFlagUntilTimeout
                0x0000000008002b7a       0x4e Drivers/STM32F4xx_HAL_Driver/Src/stm32f4xx_hal_i2c.o
 .text.I2C_WaitOnRXNEFlagUntilTimeout
                0x0000000008002bc8       0x5c Drivers/STM32F4xx_HAL_Driver/Src/stm32f4xx_hal_i2c.o
 .text.HAL_I2C_Init
                0x0000000008002c24      0x11c Drivers/STM32F4xx_HAL_Driver/Src/stm32f4xx_hal_i2c.o
                0x0000000008002c24                HAL_I2C_Init
 .text.HAL_I2C_Master_Transmit
                0x0000000008002d40      0x184 Drivers/STM32F4xx_HAL_Driver/Src/stm32f4xx_hal_i2c.o
                0x0000000008002d40                HAL_I2C_Master_Transmit
 .text.HAL_I2C_Master_Receive
                0x0000000008002ec4      0x2f4 Drivers/STM32F4xx_HAL_Driver/Src/stm32f4xx_hal_i2c.o
                0x0000000008002ec4                HAL_I2C_Master_Receive
 .text.HAL_I2C_GetError
                0x00000000080031b8        0x4 Drivers/STM32F4xx_HAL_Driver/Src/stm32f4xx_hal_i2c.o
                0x00000000080031b8                HAL_I2C_GetError
 .text.HAL_I2CEx_ConfigAnalogFilter
                0x00000000080031bc       0x44 Drivers/STM32F4xx_HAL_Driver/Src/stm32f4xx_hal_i2c_ex.o
                0x00000000080031bc                HAL_I2CEx_ConfigAnalogFilter
 .text.LTDC_SetConfig
                0x0000000008003200      0x192 Drivers/STM32F4xx_HAL_Driver/Src/stm32f4xx_hal_ltdc.o
 *fill*         0x0000000008003392        0x2 
 .text.HAL_LTDC_Init
                0x0000000008003394       0xf4 Drivers/STM32F4xx_HAL_Driver/Src/stm32f4xx_hal_ltdc.o
                0x0000000008003394                HAL_LTDC_Init
 .text.HAL_LTDC_ErrorCallback
                0x0000000008003488        0x2 Drivers/STM32F4xx_HAL_Driver/Src/stm32f4xx_hal_ltdc.o
                0x0000000008003488                HAL_LTDC_ErrorCallback
 .text.HAL_LTDC_LineEventCallback
                0x000000000800348a        0x2 Drivers/STM32F4xx_HAL_Driver/Src/stm32f4xx_hal_ltdc.o
                0x000000000800348a                HAL_LTDC_LineEventCallback
 .text.HAL_LTDC_ReloadEventCallback
                0x000000000800348c        0x2 Drivers/STM32F4xx_HAL_Driver/Src/stm32f4xx_hal_ltdc.o
                0x000000000800348c                HAL_LTDC_ReloadEventCallback
 .text.HAL_LTDC_IRQHandler
                0x000000000800348e       0xda Drivers/STM32F4xx_HAL_Driver/Src/stm32f4xx_hal_ltdc.o
                0x000000000800348e                HAL_LTDC_IRQHandler
 .text.HAL_LTDC_ConfigLayer
                0x0000000008003568       0x5c Drivers/STM32F4xx_HAL_Driver/Src/stm32f4xx_hal_ltdc.o
                0x0000000008003568                HAL_LTDC_ConfigLayer
 .text.HAL_LTDC_SetAlpha
                0x00000000080035c4       0x42 Drivers/STM32F4xx_HAL_Driver/Src/stm32f4xx_hal_ltdc.o
                0x00000000080035c4                HAL_LTDC_SetAlpha
 *fill*         0x0000000008003606        0x2 
 .text.HAL_LTDC_ProgramLineEvent
                0x0000000008003608       0x48 Drivers/STM32F4xx_HAL_Driver/Src/stm32f4xx_hal_ltdc.o
                0x0000000008003608                HAL_LTDC_ProgramLineEvent
 .text.HAL_PWREx_EnableOverDrive
                0x0000000008003650       0xa0 Drivers/STM32F4xx_HAL_Driver/Src/stm32f4xx_hal_pwr_ex.o
                0x0000000008003650                HAL_PWREx_EnableOverDrive
 .text.HAL_RCC_OscConfig
                0x00000000080036f0      0x3b0 Drivers/STM32F4xx_HAL_Driver/Src/stm32f4xx_hal_rcc.o
                0x00000000080036f0                HAL_RCC_OscConfig
 .text.HAL_RCC_GetSysClockFreq
                0x0000000008003aa0       0x94 Drivers/STM32F4xx_HAL_Driver/Src/stm32f4xx_hal_rcc.o
                0x0000000008003aa0                HAL_RCC_GetSysClockFreq
 .text.HAL_RCC_ClockConfig
                0x0000000008003b34      0x19c Drivers/STM32F4xx_HAL_Driver/Src/stm32f4xx_hal_rcc.o
                0x0000000008003b34                HAL_RCC_ClockConfig
 .text.HAL_RCC_GetHCLKFreq
                0x0000000008003cd0        0xc Drivers/STM32F4xx_HAL_Driver/Src/stm32f4xx_hal_rcc.o
                0x0000000008003cd0                HAL_RCC_GetHCLKFreq
 .text.HAL_RCC_GetPCLK1Freq
                0x0000000008003cdc       0x2c Drivers/STM32F4xx_HAL_Driver/Src/stm32f4xx_hal_rcc.o
                0x0000000008003cdc                HAL_RCC_GetPCLK1Freq
 .text.HAL_RCC_GetPCLK2Freq
                0x0000000008003d08       0x2c Drivers/STM32F4xx_HAL_Driver/Src/stm32f4xx_hal_rcc.o
                0x0000000008003d08                HAL_RCC_GetPCLK2Freq
 .text.HAL_RCCEx_PeriphCLKConfig
                0x0000000008003d34      0x2f8 Drivers/STM32F4xx_HAL_Driver/Src/stm32f4xx_hal_rcc_ex.o
                0x0000000008003d34                HAL_RCCEx_PeriphCLKConfig
 .text.HAL_SDRAM_MspInit
                0x000000000800402c        0x2 Drivers/STM32F4xx_HAL_Driver/Src/stm32f4xx_hal_sdram.o
                0x000000000800402c                HAL_SDRAM_MspInit
 .text.HAL_SDRAM_Init
                0x000000000800402e       0x3e Drivers/STM32F4xx_HAL_Driver/Src/stm32f4xx_hal_sdram.o
                0x000000000800402e                HAL_SDRAM_Init
 .text.HAL_SDRAM_SendCommand
                0x000000000800406c       0x3a Drivers/STM32F4xx_HAL_Driver/Src/stm32f4xx_hal_sdram.o
                0x000000000800406c                HAL_SDRAM_SendCommand
 .text.HAL_SDRAM_ProgramRefreshRate
                0x00000000080040a6       0x28 Drivers/STM32F4xx_HAL_Driver/Src/stm32f4xx_hal_sdram.o
                0x00000000080040a6                HAL_SDRAM_ProgramRefreshRate
 .text.HAL_SPI_Init
                0x00000000080040ce       0x80 Drivers/STM32F4xx_HAL_Driver/Src/stm32f4xx_hal_spi.o
                0x00000000080040ce                HAL_SPI_Init
 .text.UART_EndRxTransfer
                0x000000000800414e       0x1c Drivers/STM32F4xx_HAL_Driver/Src/stm32f4xx_hal_uart.o
 .text.UART_Transmit_IT
                0x000000000800416a       0x6a Drivers/STM32F4xx_HAL_Driver/Src/stm32f4xx_hal_uart.o
 .text.UART_SetConfig
                0x00000000080041d4      0x344 Drivers/STM32F4xx_HAL_Driver/Src/stm32f4xx_hal_uart.o
 .text.UART_WaitOnFlagUntilTimeout
                0x0000000008004518       0x64 Drivers/STM32F4xx_HAL_Driver/Src/stm32f4xx_hal_uart.o
 .text.HAL_UART_Init
                0x000000000800457c       0x5e Drivers/STM32F4xx_HAL_Driver/Src/stm32f4xx_hal_uart.o
                0x000000000800457c                HAL_UART_Init
 .text.HAL_UART_Transmit
                0x00000000080045da       0xe2 Drivers/STM32F4xx_HAL_Driver/Src/stm32f4xx_hal_uart.o
                0x00000000080045da                HAL_UART_Transmit
 .text.HAL_UART_Receive_IT
                0x00000000080046bc       0x52 Drivers/STM32F4xx_HAL_Driver/Src/stm32f4xx_hal_uart.o
                0x00000000080046bc                HAL_UART_Receive_IT
 .text.HAL_UART_TxCpltCallback
                0x000000000800470e        0x2 Drivers/STM32F4xx_HAL_Driver/Src/stm32f4xx_hal_uart.o
                0x000000000800470e                HAL_UART_TxCpltCallback
 .text.UART_EndTransmit_IT
                0x0000000008004710       0x1a Drivers/STM32F4xx_HAL_Driver/Src/stm32f4xx_hal_uart.o
 .text.UART_Receive_IT
                0x000000000800472a       0x94 Drivers/STM32F4xx_HAL_Driver/Src/stm32f4xx_hal_uart.o
 .text.HAL_UART_ErrorCallback
                0x00000000080047be        0x2 Drivers/STM32F4xx_HAL_Driver/Src/stm32f4xx_hal_uart.o
                0x00000000080047be                HAL_UART_ErrorCallback
 .text.HAL_UART_IRQHandler
                0x00000000080047c0      0x120 Drivers/STM32F4xx_HAL_Driver/Src/stm32f4xx_hal_uart.o
                0x00000000080047c0                HAL_UART_IRQHandler
 .text.UART_DMAAbortOnError
                0x00000000080048e0       0x10 Drivers/STM32F4xx_HAL_Driver/Src/stm32f4xx_hal_uart.o
 .text.FMC_SDRAM_Init
                0x00000000080048f0       0x78 Drivers/STM32F4xx_HAL_Driver/Src/stm32f4xx_ll_fmc.o
                0x00000000080048f0                FMC_SDRAM_Init
 .text.FMC_SDRAM_Timing_Init
                0x0000000008004968       0x96 Drivers/STM32F4xx_HAL_Driver/Src/stm32f4xx_ll_fmc.o
                0x0000000008004968                FMC_SDRAM_Timing_Init
 .text.FMC_SDRAM_SendCommand
                0x00000000080049fe       0x54 Drivers/STM32F4xx_HAL_Driver/Src/stm32f4xx_ll_fmc.o
                0x00000000080049fe                FMC_SDRAM_SendCommand
 .text.FMC_SDRAM_ProgramRefreshRate
                0x0000000008004a52        0xc Drivers/STM32F4xx_HAL_Driver/Src/stm32f4xx_ll_fmc.o
                0x0000000008004a52                FMC_SDRAM_ProgramRefreshRate
 .text.TM_BUFFER_GetFree
                0x0000000008004a5e       0x28 Drivers/TM_Bibliothek/tm_stm32_buffer.o
                0x0000000008004a5e                TM_BUFFER_GetFree
 .text.TM_BUFFER_Write
                0x0000000008004a86       0x7e Drivers/TM_Bibliothek/tm_stm32_buffer.o
                0x0000000008004a86                TM_BUFFER_Write
 .text.TM_DELAY_Init
                0x0000000008004b04       0x3c Drivers/TM_Bibliothek/tm_stm32_delay.o
                0x0000000008004b04                TM_DELAY_Init
 .text.TM_DELAY_1msHandler
                0x0000000008004b40        0x2 Drivers/TM_Bibliothek/tm_stm32_delay.o
                0x0000000008004b40                TM_DELAY_1msHandler
 *fill*         0x0000000008004b42        0x2 
 .text.HAL_IncTick
                0x0000000008004b44       0x84 Drivers/TM_Bibliothek/tm_stm32_delay.o
                0x0000000008004b44                HAL_IncTick
 .text.HAL_GetTick
                0x0000000008004bc8        0xc Drivers/TM_Bibliothek/tm_stm32_delay.o
                0x0000000008004bc8                HAL_GetTick
 .text.HAL_Delay
                0x0000000008004bd4       0x34 Drivers/TM_Bibliothek/tm_stm32_delay.o
                0x0000000008004bd4                HAL_Delay
 .text.TM_DMA_ClearFlag
                0x0000000008004c08       0x58 Drivers/TM_Bibliothek/tm_stm32_dma.o
                0x0000000008004c08                TM_DMA_ClearFlag
 .text.TM_DMA_GetFlags
                0x0000000008004c60       0x58 Drivers/TM_Bibliothek/tm_stm32_dma.o
                0x0000000008004c60                TM_DMA_GetFlags
 .text.TM_DMA_TransferCompleteHandler
                0x0000000008004cb8        0x2 Drivers/TM_Bibliothek/tm_stm32_dma.o
                0x0000000008004cb8                TM_DMA_TransferCompleteHandler
 .text.TM_DMA_HalfTransferCompleteHandler
                0x0000000008004cba        0x2 Drivers/TM_Bibliothek/tm_stm32_dma.o
                0x0000000008004cba                TM_DMA_HalfTransferCompleteHandler
 .text.TM_DMA_TransferErrorHandler
                0x0000000008004cbc        0x2 Drivers/TM_Bibliothek/tm_stm32_dma.o
                0x0000000008004cbc                TM_DMA_TransferErrorHandler
 .text.TM_DMA_DirectModeErrorHandler
                0x0000000008004cbe        0x2 Drivers/TM_Bibliothek/tm_stm32_dma.o
                0x0000000008004cbe                TM_DMA_DirectModeErrorHandler
 .text.TM_DMA_FIFOErrorHandler
                0x0000000008004cc0        0x2 Drivers/TM_Bibliothek/tm_stm32_dma.o
                0x0000000008004cc0                TM_DMA_FIFOErrorHandler
 .text.TM_DMA_INT_ProcessInterrupt
                0x0000000008004cc2       0x84 Drivers/TM_Bibliothek/tm_stm32_dma.o
 *fill*         0x0000000008004d46        0x2 
 .text.DMA1_Stream0_IRQHandler
                0x0000000008004d48       0x10 Drivers/TM_Bibliothek/tm_stm32_dma.o
                0x0000000008004d48                DMA1_Stream0_IRQHandler
 .text.DMA1_Stream1_IRQHandler
                0x0000000008004d58       0x10 Drivers/TM_Bibliothek/tm_stm32_dma.o
                0x0000000008004d58                DMA1_Stream1_IRQHandler
 .text.DMA1_Stream2_IRQHandler
                0x0000000008004d68       0x10 Drivers/TM_Bibliothek/tm_stm32_dma.o
                0x0000000008004d68                DMA1_Stream2_IRQHandler
 .text.DMA1_Stream3_IRQHandler
                0x0000000008004d78       0x10 Drivers/TM_Bibliothek/tm_stm32_dma.o
                0x0000000008004d78                DMA1_Stream3_IRQHandler
 .text.DMA1_Stream4_IRQHandler
                0x0000000008004d88       0x10 Drivers/TM_Bibliothek/tm_stm32_dma.o
                0x0000000008004d88                DMA1_Stream4_IRQHandler
 .text.DMA1_Stream5_IRQHandler
                0x0000000008004d98       0x10 Drivers/TM_Bibliothek/tm_stm32_dma.o
                0x0000000008004d98                DMA1_Stream5_IRQHandler
 .text.DMA1_Stream6_IRQHandler
                0x0000000008004da8       0x10 Drivers/TM_Bibliothek/tm_stm32_dma.o
                0x0000000008004da8                DMA1_Stream6_IRQHandler
 .text.DMA1_Stream7_IRQHandler
                0x0000000008004db8       0x10 Drivers/TM_Bibliothek/tm_stm32_dma.o
                0x0000000008004db8                DMA1_Stream7_IRQHandler
 .text.DMA2_Stream0_IRQHandler
                0x0000000008004dc8       0x10 Drivers/TM_Bibliothek/tm_stm32_dma.o
                0x0000000008004dc8                DMA2_Stream0_IRQHandler
 .text.DMA2_Stream1_IRQHandler
                0x0000000008004dd8       0x10 Drivers/TM_Bibliothek/tm_stm32_dma.o
                0x0000000008004dd8                DMA2_Stream1_IRQHandler
 .text.DMA2_Stream4_IRQHandler
                0x0000000008004de8       0x10 Drivers/TM_Bibliothek/tm_stm32_dma.o
                0x0000000008004de8                DMA2_Stream4_IRQHandler
 .text.DMA2_Stream5_IRQHandler
                0x0000000008004df8       0x10 Drivers/TM_Bibliothek/tm_stm32_dma.o
                0x0000000008004df8                DMA2_Stream5_IRQHandler
 .text.DMA2_Stream6_IRQHandler
                0x0000000008004e08       0x10 Drivers/TM_Bibliothek/tm_stm32_dma.o
                0x0000000008004e08                DMA2_Stream6_IRQHandler
 .text.DMA2D_Convert565ToARGB8888
                0x0000000008004e18        0xc Drivers/TM_Bibliothek/tm_stm32_dma2d_graphic.o
 .text.TM_DMA2DGRAPHIC_Init
                0x0000000008004e24       0x6c Drivers/TM_Bibliothek/tm_stm32_dma2d_graphic.o
                0x0000000008004e24                TM_DMA2DGRAPHIC_Init
 .text.TM_DMA2DGRAPHIC_SetLayer
                0x0000000008004e90       0x14 Drivers/TM_Bibliothek/tm_stm32_dma2d_graphic.o
                0x0000000008004e90                TM_DMA2DGRAPHIC_SetLayer
 .text.TM_DMA2DGRAPHIC_DrawPixel
                0x0000000008004ea4       0xb4 Drivers/TM_Bibliothek/tm_stm32_dma2d_graphic.o
                0x0000000008004ea4                TM_DMA2DGRAPHIC_DrawPixel
 .text.TM_DMA2DGRAPHIC_SetOrientation
                0x0000000008004f58       0x30 Drivers/TM_Bibliothek/tm_stm32_dma2d_graphic.o
                0x0000000008004f58                TM_DMA2DGRAPHIC_SetOrientation
 .text.TM_DMA2DGRAPHIC_Fill
                0x0000000008004f88       0x68 Drivers/TM_Bibliothek/tm_stm32_dma2d_graphic.o
                0x0000000008004f88                TM_DMA2DGRAPHIC_Fill
 .text.TM_INT_DMA2DGRAPHIC_SetConf
                0x0000000008004ff0       0x44 Drivers/TM_Bibliothek/tm_stm32_dma2d_graphic.o
                0x0000000008004ff0                TM_INT_DMA2DGRAPHIC_SetConf
 .text.TM_INT_DMA2DGRAPHIC_InitAndTransfer
                0x0000000008005034       0x98 Drivers/TM_Bibliothek/tm_stm32_dma2d_graphic.o
                0x0000000008005034                TM_INT_DMA2DGRAPHIC_InitAndTransfer
 .text.TM_INT_DMA2DGRAPHIC_SetMemory
                0x00000000080050cc       0x38 Drivers/TM_Bibliothek/tm_stm32_dma2d_graphic.o
                0x00000000080050cc                TM_INT_DMA2DGRAPHIC_SetMemory
 .text.TM_DMA2DGRAPHIC_DrawFilledRectangle
                0x0000000008005104      0x130 Drivers/TM_Bibliothek/tm_stm32_dma2d_graphic.o
                0x0000000008005104                TM_DMA2DGRAPHIC_DrawFilledRectangle
 .text.TM_GPIO_GetPortSource
                0x0000000008005234        0xe Drivers/TM_Bibliothek/tm_stm32_gpio.o
                0x0000000008005234                TM_GPIO_GetPortSource
 *fill*         0x0000000008005242        0x2 
 .text.TM_GPIO_INT_EnableClock
                0x0000000008005244       0x1c Drivers/TM_Bibliothek/tm_stm32_gpio.o
                0x0000000008005244                TM_GPIO_INT_EnableClock
 .text.TM_GPIO_INT_Init
                0x0000000008005260       0xa8 Drivers/TM_Bibliothek/tm_stm32_gpio.o
                0x0000000008005260                TM_GPIO_INT_Init
 .text.TM_GPIO_Init
                0x0000000008005308       0x30 Drivers/TM_Bibliothek/tm_stm32_gpio.o
                0x0000000008005308                TM_GPIO_Init
 .text.TM_GPIO_InitAlternate
                0x0000000008005338       0x6c Drivers/TM_Bibliothek/tm_stm32_gpio.o
                0x0000000008005338                TM_GPIO_InitAlternate
 .text.TM_I2C_FillSettings
                0x00000000080053a4       0x18 Drivers/TM_Bibliothek/tm_stm32_i2c.o
 .text.TM_I2C_GetHandle
                0x00000000080053bc       0x38 Drivers/TM_Bibliothek/tm_stm32_i2c.o
                0x00000000080053bc                TM_I2C_GetHandle
 .text.TM_I2C_Read
                0x00000000080053f4       0x56 Drivers/TM_Bibliothek/tm_stm32_i2c.o
                0x00000000080053f4                TM_I2C_Read
 .text.TM_I2C_ReadMulti
                0x000000000800544a       0x58 Drivers/TM_Bibliothek/tm_stm32_i2c.o
                0x000000000800544a                TM_I2C_ReadMulti
 .text.TM_I2C_Write
                0x00000000080054a2       0x3a Drivers/TM_Bibliothek/tm_stm32_i2c.o
                0x00000000080054a2                TM_I2C_Write
 .text.TM_I2C_InitCustomPinsCallback
                0x00000000080054dc        0x2 Drivers/TM_Bibliothek/tm_stm32_i2c.o
                0x00000000080054dc                TM_I2C_InitCustomPinsCallback
 *fill*         0x00000000080054de        0x2 
 .text.TM_I2C1_INT_InitPins
                0x00000000080054e0       0x70 Drivers/TM_Bibliothek/tm_stm32_i2c.o
 .text.TM_I2C2_INT_InitPins
                0x0000000008005550       0x74 Drivers/TM_Bibliothek/tm_stm32_i2c.o
 .text.TM_I2C3_INT_InitPins
                0x00000000080055c4       0x70 Drivers/TM_Bibliothek/tm_stm32_i2c.o
 .text.TM_I2C_Init
                0x0000000008005634       0xb0 Drivers/TM_Bibliothek/tm_stm32_i2c.o
                0x0000000008005634                TM_I2C_Init
 .text.TM_ILI9341_SendCommand
                0x00000000080056e4       0x64 Drivers/TM_Bibliothek/tm_stm32_lcd.o
 .text.TM_ILI9341_Delay
                0x0000000008005748       0x16 Drivers/TM_Bibliothek/tm_stm32_lcd.o
 *fill*         0x000000000800575e        0x2 
 .text.TM_LCD_INT_InitPins
                0x0000000008005760       0xec Drivers/TM_Bibliothek/tm_stm32_lcd.o
 .text.TM_LCD_INT_InitLTDC
                0x000000000800584c       0xb0 Drivers/TM_Bibliothek/tm_stm32_lcd.o
 .text.TM_LCD_INT_InitLayers
                0x00000000080058fc       0x80 Drivers/TM_Bibliothek/tm_stm32_lcd.o
 .text.TM_ILI9341_SendData
                0x000000000800597c       0x64 Drivers/TM_Bibliothek/tm_stm32_lcd.o
 .text.TM_LCD_INT_InitLCD
                0x00000000080059e0      0x2a8 Drivers/TM_Bibliothek/tm_stm32_lcd.o
 .text.TM_LCD_Fill
                0x0000000008005c88        0xa Drivers/TM_Bibliothek/tm_stm32_lcd.o
                0x0000000008005c88                TM_LCD_Fill
 *fill*         0x0000000008005c92        0x2 
 .text.TM_LCD_SetOrientation
                0x0000000008005c94       0x44 Drivers/TM_Bibliothek/tm_stm32_lcd.o
                0x0000000008005c94                TM_LCD_SetOrientation
 .text.TM_LCD_DisplayOn
                0x0000000008005cd8       0x1c Drivers/TM_Bibliothek/tm_stm32_lcd.o
                0x0000000008005cd8                TM_LCD_DisplayOn
 .text.TM_LCD_SetXY
                0x0000000008005cf4       0x34 Drivers/TM_Bibliothek/tm_stm32_lcd.o
                0x0000000008005cf4                TM_LCD_SetXY
 .text.TM_LCD_GetCurrentX
                0x0000000008005d28        0xc Drivers/TM_Bibliothek/tm_stm32_lcd.o
                0x0000000008005d28                TM_LCD_GetCurrentX
 .text.TM_LCD_GetCurrentY
                0x0000000008005d34        0xc Drivers/TM_Bibliothek/tm_stm32_lcd.o
                0x0000000008005d34                TM_LCD_GetCurrentY
 .text.TM_LCD_SetFont
                0x0000000008005d40       0x10 Drivers/TM_Bibliothek/tm_stm32_lcd.o
                0x0000000008005d40                TM_LCD_SetFont
 .text.TM_LCD_SetColors
                0x0000000008005d50       0x14 Drivers/TM_Bibliothek/tm_stm32_lcd.o
                0x0000000008005d50                TM_LCD_SetColors
 .text.TM_LCD_Putc
                0x0000000008005d64       0xe0 Drivers/TM_Bibliothek/tm_stm32_lcd.o
                0x0000000008005d64                TM_LCD_Putc
 .text.TM_LCD_Puts
                0x0000000008005e44       0x18 Drivers/TM_Bibliothek/tm_stm32_lcd.o
                0x0000000008005e44                TM_LCD_Puts
 .text.TM_LCD_SetLayer1
                0x0000000008005e5c       0x20 Drivers/TM_Bibliothek/tm_stm32_lcd.o
                0x0000000008005e5c                TM_LCD_SetLayer1
 .text.TM_LCD_SetLayer2
                0x0000000008005e7c       0x24 Drivers/TM_Bibliothek/tm_stm32_lcd.o
                0x0000000008005e7c                TM_LCD_SetLayer2
 .text.TM_LCD_SetLayer1Opacity
                0x0000000008005ea0       0x14 Drivers/TM_Bibliothek/tm_stm32_lcd.o
                0x0000000008005ea0                TM_LCD_SetLayer1Opacity
 .text.TM_LCD_SetLayer2Opacity
                0x0000000008005eb4       0x14 Drivers/TM_Bibliothek/tm_stm32_lcd.o
                0x0000000008005eb4                TM_LCD_SetLayer2Opacity
 .text.TM_LCD_Init
                0x0000000008005ec8       0xc4 Drivers/TM_Bibliothek/tm_stm32_lcd.o
                0x0000000008005ec8                TM_LCD_Init
 .text.TM_LCD_DrawFilledRectangle
                0x0000000008005f8c       0x12 Drivers/TM_Bibliothek/tm_stm32_lcd.o
                0x0000000008005f8c                TM_LCD_DrawFilledRectangle
 *fill*         0x0000000008005f9e        0x2 
 .text.LTDC_IRQHandler
                0x0000000008005fa0       0x10 Drivers/TM_Bibliothek/tm_stm32_lcd.o
                0x0000000008005fa0                LTDC_IRQHandler
 .text.TM_SDRAM_InitCustomPinsCallback
                0x0000000008005fb0        0x4 Drivers/TM_Bibliothek/tm_stm32_sdram.o
                0x0000000008005fb0                TM_SDRAM_InitCustomPinsCallback
 .text.TM_SDRAM_InitPins
                0x0000000008005fb4       0x98 Drivers/TM_Bibliothek/tm_stm32_sdram.o
 .text.TM_SDRAM_Init
                0x000000000800604c      0x138 Drivers/TM_Bibliothek/tm_stm32_sdram.o
                0x000000000800604c                TM_SDRAM_Init
 .text.TM_SPI_InitCustomPinsCallback
                0x0000000008006184        0x2 Drivers/TM_Bibliothek/tm_stm32_spi.o
                0x0000000008006184                TM_SPI_InitCustomPinsCallback
 *fill*         0x0000000008006186        0x2 
 .text.TM_SPI1_INT_InitPins
                0x0000000008006188       0x58 Drivers/TM_Bibliothek/tm_stm32_spi.o
                0x0000000008006188                TM_SPI1_INT_InitPins
 .text.TM_SPI2_INT_InitPins
                0x00000000080061e0       0xbc Drivers/TM_Bibliothek/tm_stm32_spi.o
                0x00000000080061e0                TM_SPI2_INT_InitPins
 .text.TM_SPI3_INT_InitPins
                0x000000000800629c       0x5c Drivers/TM_Bibliothek/tm_stm32_spi.o
                0x000000000800629c                TM_SPI3_INT_InitPins
 .text.TM_SPI4_INT_InitPins
                0x00000000080062f8       0x5c Drivers/TM_Bibliothek/tm_stm32_spi.o
                0x00000000080062f8                TM_SPI4_INT_InitPins
 .text.TM_SPI5_INT_InitPins
                0x0000000008006354       0x6c Drivers/TM_Bibliothek/tm_stm32_spi.o
                0x0000000008006354                TM_SPI5_INT_InitPins
 .text.TM_SPI6_INT_InitPins
                0x00000000080063c0       0x3c Drivers/TM_Bibliothek/tm_stm32_spi.o
                0x00000000080063c0                TM_SPI6_INT_InitPins
 .text.TM_SPIx_Init
                0x00000000080063fc      0x1c0 Drivers/TM_Bibliothek/tm_stm32_spi.o
 .text.TM_SPI_Init
                0x00000000080065bc       0xcc Drivers/TM_Bibliothek/tm_stm32_spi.o
                0x00000000080065bc                TM_SPI_Init
 .text.TM_USART_INT_ClearAllFlags
                0x0000000008006688       0x4e Drivers/TM_Bibliothek/tm_stm32_usart.o
 .text.TM_USART_INT_InsertToBuffer
                0x00000000080066d6       0x18 Drivers/TM_Bibliothek/tm_stm32_usart.o
 *fill*         0x00000000080066ee        0x2 
 .text.USART2_IRQHandler
                0x00000000080066f0       0x2c Drivers/TM_Bibliothek/tm_stm32_usart.o
                0x00000000080066f0                USART2_IRQHandler
 .text.USART3_IRQHandler
                0x000000000800671c       0x2c Drivers/TM_Bibliothek/tm_stm32_usart.o
                0x000000000800671c                USART3_IRQHandler
 .text.UART4_IRQHandler
                0x0000000008006748       0x2c Drivers/TM_Bibliothek/tm_stm32_usart.o
                0x0000000008006748                UART4_IRQHandler
 .text.UART5_IRQHandler
                0x0000000008006774       0x2c Drivers/TM_Bibliothek/tm_stm32_usart.o
                0x0000000008006774                UART5_IRQHandler
 .text.USART6_IRQHandler
                0x00000000080067a0       0x2c Drivers/TM_Bibliothek/tm_stm32_usart.o
                0x00000000080067a0                USART6_IRQHandler
 .text.UART7_IRQHandler
                0x00000000080067cc       0x2c Drivers/TM_Bibliothek/tm_stm32_usart.o
                0x00000000080067cc                UART7_IRQHandler
 .text.UART8_IRQHandler
                0x00000000080067f8       0x2c Drivers/TM_Bibliothek/tm_stm32_usart.o
                0x00000000080067f8                UART8_IRQHandler
 .text.TM_STMPE811_Read
                0x0000000008006824       0x20 Drivers/TM_Bibliothek/tm_stm32f4_stmpe811.o
                0x0000000008006824                TM_STMPE811_Read
 .text.TM_STMPE811_Init
                0x0000000008006844      0x1a0 Drivers/TM_Bibliothek/tm_stm32f4_stmpe811.o
                0x0000000008006844                TM_STMPE811_Init
 .text.TM_STMPE811_ReadX
                0x00000000080069e4       0x70 Drivers/TM_Bibliothek/tm_stm32f4_stmpe811.o
                0x00000000080069e4                TM_STMPE811_ReadX
 .text.TM_STMPE811_ReadY
                0x0000000008006a54       0x60 Drivers/TM_Bibliothek/tm_stm32f4_stmpe811.o
                0x0000000008006a54                TM_STMPE811_ReadY
 .text.TM_STMPE811_ReadTouch
                0x0000000008006ab4      0x104 Drivers/TM_Bibliothek/tm_stm32f4_stmpe811.o
                0x0000000008006ab4                TM_STMPE811_ReadTouch
 .text.MX_GPIO_Init
                0x0000000008006bb8      0x24c Src/main.o
 .text.HAL_GPIO_EXTI_Callback
                0x0000000008006e04      0x224 Src/main.o
                0x0000000008006e04                HAL_GPIO_EXTI_Callback
 .text.HAL_UART_RxCpltCallback
                0x0000000008007028       0xa0 Src/main.o
                0x0000000008007028                HAL_UART_RxCpltCallback
 .text._Error_Handler
                0x00000000080070c8        0x2 Src/main.o
                0x00000000080070c8                _Error_Handler
 *fill*         0x00000000080070ca        0x2 
 .text.MX_DMA_Init
                0x00000000080070cc       0x90 Src/main.o
 .text.MX_SPI3_Init
                0x000000000800715c       0x4c Src/main.o
 .text.MX_USART1_UART_Init
                0x00000000080071a8       0x3c Src/main.o
 .text.MX_DMA2D_Init
                0x00000000080071e4       0x4c Src/main.o
 .text.MX_FMC_Init
                0x0000000008007230       0x5c Src/main.o
 .text.MX_SPI5_Init
                0x000000000800728c       0x4c Src/main.o
 .text.MX_LTDC_Init
                0x00000000080072d8       0xac Src/main.o
 .text.MX_I2C3_Init
                0x0000000008007384       0x40 Src/main.o
 .text.SystemClock_Config
                0x00000000080073c4      0x100 Src/main.o
                0x00000000080073c4                SystemClock_Config
 .text.main     0x00000000080074c4      0x188 Src/main.o
                0x00000000080074c4                main
 .text.HAL_MspInit
                0x000000000800764c       0x5e Src/stm32f4xx_hal_msp.o
                0x000000000800764c                HAL_MspInit
 *fill*         0x00000000080076aa        0x2 
 .text.HAL_DMA2D_MspInit
                0x00000000080076ac       0x30 Src/stm32f4xx_hal_msp.o
                0x00000000080076ac                HAL_DMA2D_MspInit
 .text.HAL_I2C_MspInit
                0x00000000080076dc       0x74 Src/stm32f4xx_hal_msp.o
                0x00000000080076dc                HAL_I2C_MspInit
 .text.HAL_LTDC_MspInit
                0x0000000008007750      0x108 Src/stm32f4xx_hal_msp.o
                0x0000000008007750                HAL_LTDC_MspInit
 .text.HAL_SPI_MspInit
                0x0000000008007858       0xac Src/stm32f4xx_hal_msp.o
                0x0000000008007858                HAL_SPI_MspInit
 .text.HAL_UART_MspInit
                0x0000000008007904       0xf4 Src/stm32f4xx_hal_msp.o
                0x0000000008007904                HAL_UART_MspInit
 .text.SVC_Handler
                0x00000000080079f8        0x2 Src/stm32f4xx_it.o
                0x00000000080079f8                SVC_Handler
 .text.PendSV_Handler
                0x00000000080079fa        0x2 Src/stm32f4xx_it.o
                0x00000000080079fa                PendSV_Handler
 .text.SysTick_Handler
                0x00000000080079fc        0xc Src/stm32f4xx_it.o
                0x00000000080079fc                SysTick_Handler
 .text.EXTI0_IRQHandler
                0x0000000008007a08        0xa Src/stm32f4xx_it.o
                0x0000000008007a08                EXTI0_IRQHandler
 .text.EXTI2_IRQHandler
                0x0000000008007a12        0xa Src/stm32f4xx_it.o
                0x0000000008007a12                EXTI2_IRQHandler
 .text.EXTI3_IRQHandler
                0x0000000008007a1c        0xa Src/stm32f4xx_it.o
                0x0000000008007a1c                EXTI3_IRQHandler
 .text.EXTI4_IRQHandler
                0x0000000008007a26        0xa Src/stm32f4xx_it.o
                0x0000000008007a26                EXTI4_IRQHandler
 .text.USART1_IRQHandler
                0x0000000008007a30       0x10 Src/stm32f4xx_it.o
                0x0000000008007a30                USART1_IRQHandler
 .text.EXTI15_10_IRQHandler
                0x0000000008007a40        0xc Src/stm32f4xx_it.o
                0x0000000008007a40                EXTI15_10_IRQHandler
 .text.DMA2_Stream2_IRQHandler
                0x0000000008007a4c       0x10 Src/stm32f4xx_it.o
                0x0000000008007a4c                DMA2_Stream2_IRQHandler
 .text.DMA2_Stream7_IRQHandler
                0x0000000008007a5c       0x10 Src/stm32f4xx_it.o
                0x0000000008007a5c                DMA2_Stream7_IRQHandler
 .text.SystemInit
                0x0000000008007a6c       0x4c Src/system_stm32f4xx.o
                0x0000000008007a6c                SystemInit
 .text.Reset_Handler
                0x0000000008007ab8       0x50 startup/startup_stm32f429xx.o
                0x0000000008007ab8                Reset_Handler
 .text.Default_Handler
                0x0000000008007b08        0x2 startup/startup_stm32f429xx.o
                0x0000000008007b08                RTC_Alarm_IRQHandler
                0x0000000008007b08                HASH_RNG_IRQHandler
                0x0000000008007b08                TIM8_CC_IRQHandler
                0x0000000008007b08                DebugMon_Handler
                0x0000000008007b08                SPI4_IRQHandler
                0x0000000008007b08                TIM1_CC_IRQHandler
                0x0000000008007b08                HardFault_Handler
                0x0000000008007b08                PVD_IRQHandler
                0x0000000008007b08                SDIO_IRQHandler
                0x0000000008007b08                TAMP_STAMP_IRQHandler
                0x0000000008007b08                NMI_Handler
                0x0000000008007b08                CAN2_RX1_IRQHandler
                0x0000000008007b08                TIM8_TRG_COM_TIM14_IRQHandler
                0x0000000008007b08                TIM1_UP_TIM10_IRQHandler
                0x0000000008007b08                TIM8_UP_TIM13_IRQHandler
                0x0000000008007b08                I2C3_ER_IRQHandler
                0x0000000008007b08                I2C2_EV_IRQHandler
                0x0000000008007b08                CAN1_RX0_IRQHandler
                0x0000000008007b08                FPU_IRQHandler
                0x0000000008007b08                OTG_HS_WKUP_IRQHandler
                0x0000000008007b08                UsageFault_Handler
                0x0000000008007b08                LTDC_ER_IRQHandler
                0x0000000008007b08                CAN2_SCE_IRQHandler
                0x0000000008007b08                SPI1_IRQHandler
                0x0000000008007b08                TIM6_DAC_IRQHandler
                0x0000000008007b08                TIM1_BRK_TIM9_IRQHandler
                0x0000000008007b08                DCMI_IRQHandler
                0x0000000008007b08                CAN2_RX0_IRQHandler
                0x0000000008007b08                DMA2_Stream3_IRQHandler
                0x0000000008007b08                CAN1_RX1_IRQHandler
                0x0000000008007b08                TIM4_IRQHandler
                0x0000000008007b08                I2C1_EV_IRQHandler
                0x0000000008007b08                TIM3_IRQHandler
                0x0000000008007b08                RCC_IRQHandler
                0x0000000008007b08                TIM8_BRK_TIM12_IRQHandler
                0x0000000008007b08                Default_Handler
                0x0000000008007b08                ADC_IRQHandler
                0x0000000008007b08                SPI5_IRQHandler
                0x0000000008007b08                TIM7_IRQHandler
                0x0000000008007b08                CAN2_TX_IRQHandler
                0x0000000008007b08                TIM5_IRQHandler
                0x0000000008007b08                I2C3_EV_IRQHandler
                0x0000000008007b08                EXTI9_5_IRQHandler
                0x0000000008007b08                RTC_WKUP_IRQHandler
                0x0000000008007b08                ETH_WKUP_IRQHandler
                0x0000000008007b08                SPI2_IRQHandler
                0x0000000008007b08                OTG_HS_EP1_IN_IRQHandler
                0x0000000008007b08                MemManage_Handler
                0x0000000008007b08                CAN1_TX_IRQHandler
                0x0000000008007b08                ETH_IRQHandler
                0x0000000008007b08                OTG_HS_EP1_OUT_IRQHandler
                0x0000000008007b08                WWDG_IRQHandler
                0x0000000008007b08                SPI6_IRQHandler
                0x0000000008007b08                TIM2_IRQHandler
                0x0000000008007b08                OTG_FS_WKUP_IRQHandler
                0x0000000008007b08                TIM1_TRG_COM_TIM11_IRQHandler
                0x0000000008007b08                OTG_HS_IRQHandler
                0x0000000008007b08                DMA2D_IRQHandler
                0x0000000008007b08                EXTI1_IRQHandler
                0x0000000008007b08                I2C2_ER_IRQHandler
                0x0000000008007b08                CAN1_SCE_IRQHandler
                0x0000000008007b08                FLASH_IRQHandler
                0x0000000008007b08                BusFault_Handler
                0x0000000008007b08                OTG_FS_IRQHandler
                0x0000000008007b08                SPI3_IRQHandler
                0x0000000008007b08                I2C1_ER_IRQHandler
                0x0000000008007b08                FMC_IRQHandler
                0x0000000008007b08                SAI1_IRQHandler
 *fill*         0x0000000008007b0a        0x2 
 .text.__libc_init_array
                0x0000000008007b0c       0x48 /mnt/Speicher/STM32_IDE/plugins/fr.ac6.mcu.externaltools.arm-none.linux64_1.15.0.201708311556/tools/compiler/bin/../lib/gcc/arm-none-eabi/6.3.1/../../../../arm-none-eabi/lib/thumb/v7e-m/fpv4-sp/hard/libc_nano.a(lib_a-init.o)
                0x0000000008007b0c                __libc_init_array
 .text.memcpy   0x0000000008007b54       0x16 /mnt/Speicher/STM32_IDE/plugins/fr.ac6.mcu.externaltools.arm-none.linux64_1.15.0.201708311556/tools/compiler/bin/../lib/gcc/arm-none-eabi/6.3.1/../../../../arm-none-eabi/lib/thumb/v7e-m/fpv4-sp/hard/libc_nano.a(lib_a-memcpy-stub.o)
                0x0000000008007b54                memcpy
 .text.memset   0x0000000008007b6a       0x10 /mnt/Speicher/STM32_IDE/plugins/fr.ac6.mcu.externaltools.arm-none.linux64_1.15.0.201708311556/tools/compiler/bin/../lib/gcc/arm-none-eabi/6.3.1/../../../../arm-none-eabi/lib/thumb/v7e-m/fpv4-sp/hard/libc_nano.a(lib_a-memset.o)
                0x0000000008007b6a                memset
 *fill*         0x0000000008007b7a        0x2 
 .text._free_r  0x0000000008007b7c       0x9c /mnt/Speicher/STM32_IDE/plugins/fr.ac6.mcu.externaltools.arm-none.linux64_1.15.0.201708311556/tools/compiler/bin/../lib/gcc/arm-none-eabi/6.3.1/../../../../arm-none-eabi/lib/thumb/v7e-m/fpv4-sp/hard/libc_nano.a(lib_a-nano-freer.o)
                0x0000000008007b7c                _free_r
 .text._malloc_r
                0x0000000008007c18       0xbc /mnt/Speicher/STM32_IDE/plugins/fr.ac6.mcu.externaltools.arm-none.linux64_1.15.0.201708311556/tools/compiler/bin/../lib/gcc/arm-none-eabi/6.3.1/../../../../arm-none-eabi/lib/thumb/v7e-m/fpv4-sp/hard/libc_nano.a(lib_a-nano-mallocr.o)
                0x0000000008007c18                _malloc_r
 .text._sbrk_r  0x0000000008007cd4       0x20 /mnt/Speicher/STM32_IDE/plugins/fr.ac6.mcu.externaltools.arm-none.linux64_1.15.0.201708311556/tools/compiler/bin/../lib/gcc/arm-none-eabi/6.3.1/../../../../arm-none-eabi/lib/thumb/v7e-m/fpv4-sp/hard/libc_nano.a(lib_a-sbrkr.o)
                0x0000000008007cd4                _sbrk_r
 .text.sprintf  0x0000000008007cf4       0x48 /mnt/Speicher/STM32_IDE/plugins/fr.ac6.mcu.externaltools.arm-none.linux64_1.15.0.201708311556/tools/compiler/bin/../lib/gcc/arm-none-eabi/6.3.1/../../../../arm-none-eabi/lib/thumb/v7e-m/fpv4-sp/hard/libc_nano.a(lib_a-sprintf.o)
                0x0000000008007cf4                sprintf
                0x0000000008007cf4                siprintf
 .text.__malloc_lock
                0x0000000008007d3c        0x2 /mnt/Speicher/STM32_IDE/plugins/fr.ac6.mcu.externaltools.arm-none.linux64_1.15.0.201708311556/tools/compiler/bin/../lib/gcc/arm-none-eabi/6.3.1/../../../../arm-none-eabi/lib/thumb/v7e-m/fpv4-sp/hard/libc_nano.a(lib_a-mlock.o)
                0x0000000008007d3c                __malloc_lock
 .text.__malloc_unlock
                0x0000000008007d3e        0x2 /mnt/Speicher/STM32_IDE/plugins/fr.ac6.mcu.externaltools.arm-none.linux64_1.15.0.201708311556/tools/compiler/bin/../lib/gcc/arm-none-eabi/6.3.1/../../../../arm-none-eabi/lib/thumb/v7e-m/fpv4-sp/hard/libc_nano.a(lib_a-mlock.o)
                0x0000000008007d3e                __malloc_unlock
 .text.__ssputs_r
                0x0000000008007d40       0xb6 /mnt/Speicher/STM32_IDE/plugins/fr.ac6.mcu.externaltools.arm-none.linux64_1.15.0.201708311556/tools/compiler/bin/../lib/gcc/arm-none-eabi/6.3.1/../../../../arm-none-eabi/lib/thumb/v7e-m/fpv4-sp/hard/libc_nano.a(lib_a-nano-svfprintf.o)
                0x0000000008007d40                __ssputs_r
 *fill*         0x0000000008007df6        0x2 
 .text._svfprintf_r
                0x0000000008007df8      0x1e8 /mnt/Speicher/STM32_IDE/plugins/fr.ac6.mcu.externaltools.arm-none.linux64_1.15.0.201708311556/tools/compiler/bin/../lib/gcc/arm-none-eabi/6.3.1/../../../../arm-none-eabi/lib/thumb/v7e-m/fpv4-sp/hard/libc_nano.a(lib_a-nano-svfprintf.o)
                0x0000000008007df8                _svfprintf_r
                0x0000000008007df8                _svfiprintf_r
 .text._printf_common
                0x0000000008007fe0       0xec /mnt/Speicher/STM32_IDE/plugins/fr.ac6.mcu.externaltools.arm-none.linux64_1.15.0.201708311556/tools/compiler/bin/../lib/gcc/arm-none-eabi/6.3.1/../../../../arm-none-eabi/lib/thumb/v7e-m/fpv4-sp/hard/libc_nano.a(lib_a-nano-vfprintf_i.o)
                0x0000000008007fe0                _printf_common
 .text._printf_i
                0x00000000080080cc      0x240 /mnt/Speicher/STM32_IDE/plugins/fr.ac6.mcu.externaltools.arm-none.linux64_1.15.0.201708311556/tools/compiler/bin/../lib/gcc/arm-none-eabi/6.3.1/../../../../arm-none-eabi/lib/thumb/v7e-m/fpv4-sp/hard/libc_nano.a(lib_a-nano-vfprintf_i.o)
                0x00000000080080cc                _printf_i
 .text.memmove  0x000000000800830c       0x34 /mnt/Speicher/STM32_IDE/plugins/fr.ac6.mcu.externaltools.arm-none.linux64_1.15.0.201708311556/tools/compiler/bin/../lib/gcc/arm-none-eabi/6.3.1/../../../../arm-none-eabi/lib/thumb/v7e-m/fpv4-sp/hard/libc_nano.a(lib_a-memmove.o)
                0x000000000800830c                memmove
 .text._realloc_r
                0x0000000008008340       0x4c /mnt/Speicher/STM32_IDE/plugins/fr.ac6.mcu.externaltools.arm-none.linux64_1.15.0.201708311556/tools/compiler/bin/../lib/gcc/arm-none-eabi/6.3.1/../../../../arm-none-eabi/lib/thumb/v7e-m/fpv4-sp/hard/libc_nano.a(lib_a-nano-reallocr.o)
                0x0000000008008340                _realloc_r
 .text._malloc_usable_size_r
                0x000000000800838c       0x12 /mnt/Speicher/STM32_IDE/plugins/fr.ac6.mcu.externaltools.arm-none.linux64_1.15.0.201708311556/tools/compiler/bin/../lib/gcc/arm-none-eabi/6.3.1/../../../../arm-none-eabi/lib/thumb/v7e-m/fpv4-sp/hard/libc_nano.a(lib_a-nano-msizer.o)
                0x000000000800838c                _malloc_usable_size_r
 *fill*         0x000000000800839e        0x2 
 .text._sbrk    0x00000000080083a0       0x1c /mnt/Speicher/STM32_IDE/plugins/fr.ac6.mcu.externaltools.arm-none.linux64_1.15.0.201708311556/tools/compiler/bin/../lib/gcc/arm-none-eabi/6.3.1/../../../../arm-none-eabi/lib/thumb/v7e-m/fpv4-sp/hard/libnosys.a(sbrk.o)
                0x00000000080083a0                _sbrk
 *(.glue_7)
 .glue_7        0x00000000080083bc        0x0 linker stubs
 *(.glue_7t)
 .glue_7t       0x00000000080083bc        0x0 linker stubs
 *(.eh_frame)
 .eh_frame      0x00000000080083bc        0x0 /mnt/Speicher/STM32_IDE/plugins/fr.ac6.mcu.externaltools.arm-none.linux64_1.15.0.201708311556/tools/compiler/bin/../lib/gcc/arm-none-eabi/6.3.1/thumb/v7e-m/fpv4-sp/hard/crtbegin.o
 *(.init)
 .init          0x00000000080083bc        0x4 /mnt/Speicher/STM32_IDE/plugins/fr.ac6.mcu.externaltools.arm-none.linux64_1.15.0.201708311556/tools/compiler/bin/../lib/gcc/arm-none-eabi/6.3.1/thumb/v7e-m/fpv4-sp/hard/crti.o
                0x00000000080083bc                _init
 .init          0x00000000080083c0        0x8 /mnt/Speicher/STM32_IDE/plugins/fr.ac6.mcu.externaltools.arm-none.linux64_1.15.0.201708311556/tools/compiler/bin/../lib/gcc/arm-none-eabi/6.3.1/thumb/v7e-m/fpv4-sp/hard/crtn.o
 *(.fini)
 .fini          0x00000000080083c8        0x4 /mnt/Speicher/STM32_IDE/plugins/fr.ac6.mcu.externaltools.arm-none.linux64_1.15.0.201708311556/tools/compiler/bin/../lib/gcc/arm-none-eabi/6.3.1/thumb/v7e-m/fpv4-sp/hard/crti.o
                0x00000000080083c8                _fini
 .fini          0x00000000080083cc        0x8 /mnt/Speicher/STM32_IDE/plugins/fr.ac6.mcu.externaltools.arm-none.linux64_1.15.0.201708311556/tools/compiler/bin/../lib/gcc/arm-none-eabi/6.3.1/thumb/v7e-m/fpv4-sp/hard/crtn.o
                0x00000000080083d4                . = ALIGN (0x4)
                0x00000000080083d4                _etext = .

.vfp11_veneer   0x00000000080083d4        0x0
 .vfp11_veneer  0x00000000080083d4        0x0 linker stubs

.v4_bx          0x00000000080083d4        0x0
 .v4_bx         0x00000000080083d4        0x0 linker stubs

.iplt           0x00000000080083d4        0x0
 .iplt          0x00000000080083d4        0x0 /mnt/Speicher/STM32_IDE/plugins/fr.ac6.mcu.externaltools.arm-none.linux64_1.15.0.201708311556/tools/compiler/bin/../lib/gcc/arm-none-eabi/6.3.1/thumb/v7e-m/fpv4-sp/hard/crtbegin.o

.rodata         0x00000000080083d4     0x2f80
                0x00000000080083d4                . = ALIGN (0x4)
 *(.rodata)
 .rodata        0x00000000080083d4        0x8 Drivers/STM32F4xx_HAL_Driver/Src/stm32f4xx_hal_dma.o
 .rodata        0x00000000080083dc       0x14 Drivers/TM_Bibliothek/tm_stm32_dma.o
 .rodata        0x00000000080083f0     0x2c14 Drivers/TM_Bibliothek/tm_stm32_fonts.o
                0x00000000080083f0                fh_logo_big
                0x00000000080087f0                TM_Font16x26
                0x0000000008009b3c                TM_Font11x18
                0x000000000800a898                TM_Font7x10
 .rodata        0x000000000800b004       0x18 Src/system_stm32f4xx.o
                0x000000000800b004                AHBPrescTable
                0x000000000800b014                APBPrescTable
 *(.rodata*)
 .rodata.str1.4
                0x000000000800b01c       0xeb Drivers/AT_Bibliothek/at_lcd.o
 *fill*         0x000000000800b107        0x1 
 .rodata.str1.4
                0x000000000800b108      0x165 Drivers/AT_Bibliothek/at_schrittmotor.o
                                        0x169 (size before relaxing)
 *fill*         0x000000000800b26d        0x3 
 .rodata.str1.4
                0x000000000800b270       0x94 Src/main.o
                                         0x98 (size before relaxing)
 .rodata.str1.4
                0x000000000800b304       0x1c Src/stm32f4xx_hal_msp.o
                                         0x1b (size before relaxing)
 .rodata._svfprintf_r.str1.1
                0x000000000800b320       0x11 /mnt/Speicher/STM32_IDE/plugins/fr.ac6.mcu.externaltools.arm-none.linux64_1.15.0.201708311556/tools/compiler/bin/../lib/gcc/arm-none-eabi/6.3.1/../../../../arm-none-eabi/lib/thumb/v7e-m/fpv4-sp/hard/libc_nano.a(lib_a-nano-svfprintf.o)
 .rodata._printf_i.str1.1
                0x000000000800b331       0x22 /mnt/Speicher/STM32_IDE/plugins/fr.ac6.mcu.externaltools.arm-none.linux64_1.15.0.201708311556/tools/compiler/bin/../lib/gcc/arm-none-eabi/6.3.1/../../../../arm-none-eabi/lib/thumb/v7e-m/fpv4-sp/hard/libc_nano.a(lib_a-nano-vfprintf_i.o)
                0x000000000800b354                . = ALIGN (0x4)
 *fill*         0x000000000800b353        0x1 

.rel.dyn        0x000000000800b354        0x0
 .rel.iplt      0x000000000800b354        0x0 /mnt/Speicher/STM32_IDE/plugins/fr.ac6.mcu.externaltools.arm-none.linux64_1.15.0.201708311556/tools/compiler/bin/../lib/gcc/arm-none-eabi/6.3.1/thumb/v7e-m/fpv4-sp/hard/crtbegin.o

.ARM.extab
 *(.ARM.extab* .gnu.linkonce.armextab.*)

.ARM            0x000000000800b354        0x0
                0x000000000800b354                __exidx_start = .
 *(.ARM.exidx*)
                0x000000000800b354                __exidx_end = .

.preinit_array  0x000000000800b354        0x0
                0x000000000800b354                PROVIDE (__preinit_array_start, .)
 *(.preinit_array*)
                0x000000000800b354                PROVIDE (__preinit_array_end, .)

.init_array     0x000000000800b354        0x4
                0x000000000800b354                PROVIDE (__init_array_start, .)
 *(SORT(.init_array.*))
 *(.init_array*)
 .init_array    0x000000000800b354        0x4 /mnt/Speicher/STM32_IDE/plugins/fr.ac6.mcu.externaltools.arm-none.linux64_1.15.0.201708311556/tools/compiler/bin/../lib/gcc/arm-none-eabi/6.3.1/thumb/v7e-m/fpv4-sp/hard/crtbegin.o
                0x000000000800b358                PROVIDE (__init_array_end, .)

.fini_array     0x000000000800b358        0x4
                [!provide]                        PROVIDE (__fini_array_start, .)
 *(SORT(.fini_array.*))
 *(.fini_array*)
 .fini_array    0x000000000800b358        0x4 /mnt/Speicher/STM32_IDE/plugins/fr.ac6.mcu.externaltools.arm-none.linux64_1.15.0.201708311556/tools/compiler/bin/../lib/gcc/arm-none-eabi/6.3.1/thumb/v7e-m/fpv4-sp/hard/crtbegin.o
                [!provide]                        PROVIDE (__fini_array_end, .)
                0x000000000800b35c                _sidata = LOADADDR (.data)

.data           0x0000000020000000      0x244 load address 0x000000000800b35c
                0x0000000020000000                . = ALIGN (0x4)
                0x0000000020000000                _sdata = .
 *(.data)
 .data          0x0000000020000000        0x4 Drivers/TM_Bibliothek/tm_stm32_dma2d_graphic.o
                0x0000000020000000                DMA2D_Color
 .data          0x0000000020000004       0x18 Drivers/TM_Bibliothek/tm_stm32_fonts.o
                0x0000000020000004                TM_Font_16x26
                0x000000002000000c                TM_Font_11x18
                0x0000000020000014                TM_Font_7x10
 .data          0x000000002000001c       0xfc Drivers/TM_Bibliothek/tm_stm32_i2c.o
 .data          0x0000000020000118       0xc0 Drivers/TM_Bibliothek/tm_stm32_usart.o
                0x0000000020000118                TM_USART1
                0x0000000020000130                TM_USART2
                0x0000000020000148                TM_USART3
                0x0000000020000160                TM_UART4
                0x0000000020000178                TM_UART5
                0x0000000020000190                TM_USART6
                0x00000000200001a8                TM_UART7
                0x00000000200001c0                TM_UART8
 .data          0x00000000200001d8        0x1 Src/main.o
 *fill*         0x00000000200001d9        0x3 
 .data          0x00000000200001dc        0x4 Src/system_stm32f4xx.o
                0x00000000200001dc                SystemCoreClock
 *(.data*)
 .data._impure_ptr
                0x00000000200001e0        0x4 /mnt/Speicher/STM32_IDE/plugins/fr.ac6.mcu.externaltools.arm-none.linux64_1.15.0.201708311556/tools/compiler/bin/../lib/gcc/arm-none-eabi/6.3.1/../../../../arm-none-eabi/lib/thumb/v7e-m/fpv4-sp/hard/libc_nano.a(lib_a-impure.o)
                0x00000000200001e0                _impure_ptr
 .data.impure_data
                0x00000000200001e4       0x60 /mnt/Speicher/STM32_IDE/plugins/fr.ac6.mcu.externaltools.arm-none.linux64_1.15.0.201708311556/tools/compiler/bin/../lib/gcc/arm-none-eabi/6.3.1/../../../../arm-none-eabi/lib/thumb/v7e-m/fpv4-sp/hard/libc_nano.a(lib_a-impure.o)
                0x0000000020000244                . = ALIGN (0x4)
                0x0000000020000244                _edata = .
                0x000000000800b5a0                _siccmram = LOADADDR (.ccmram)

.jcr            0x0000000020000244        0x0 load address 0x000000000800b5a0
 .jcr           0x0000000020000244        0x0 /mnt/Speicher/STM32_IDE/plugins/fr.ac6.mcu.externaltools.arm-none.linux64_1.15.0.201708311556/tools/compiler/bin/../lib/gcc/arm-none-eabi/6.3.1/thumb/v7e-m/fpv4-sp/hard/crtbegin.o

.igot.plt       0x0000000020000244        0x0 load address 0x000000000800b5a0
 .igot.plt      0x0000000020000244        0x0 /mnt/Speicher/STM32_IDE/plugins/fr.ac6.mcu.externaltools.arm-none.linux64_1.15.0.201708311556/tools/compiler/bin/../lib/gcc/arm-none-eabi/6.3.1/thumb/v7e-m/fpv4-sp/hard/crtbegin.o

.ccmram         0x0000000010000000        0x0 load address 0x000000000800b5a0
                0x0000000010000000                . = ALIGN (0x4)
                0x0000000010000000                _sccmram = .
 *(.ccmram)
 *(.ccmram*)
                0x0000000010000000                . = ALIGN (0x4)
                0x0000000010000000                _eccmram = .
                0x0000000010000000                . = ALIGN (0x4)

.bss            0x0000000020000244      0xb14
                0x0000000020000244                _sbss = .
                0x0000000020000244                __bss_start__ = _sbss
 *(.bss)
 .bss           0x0000000020000244       0x1c /mnt/Speicher/STM32_IDE/plugins/fr.ac6.mcu.externaltools.arm-none.linux64_1.15.0.201708311556/tools/compiler/bin/../lib/gcc/arm-none-eabi/6.3.1/thumb/v7e-m/fpv4-sp/hard/crtbegin.o
 .bss           0x0000000020000260      0x488 Drivers/AT_Bibliothek/at_lcd.o
 .bss           0x00000000200006e8       0x20 Drivers/TM_Bibliothek/tm_stm32_delay.o
                0x0000000020000700                TM_Time
                0x0000000020000704                TM_Time2
 .bss           0x0000000020000708       0x40 Drivers/TM_Bibliothek/tm_stm32_dma2d_graphic.o
 .bss           0x0000000020000748       0x1a Drivers/TM_Bibliothek/tm_stm32_gpio.o
 *fill*         0x0000000020000762        0x2 
 .bss           0x0000000020000764       0xd8 Drivers/TM_Bibliothek/tm_stm32_lcd.o
 .bss           0x000000002000083c        0x1 Drivers/TM_Bibliothek/tm_stm32_sdram.o
 *fill*         0x000000002000083d        0x1 
 .bss           0x000000002000083e        0x7 Src/main.o
                0x000000002000083e                INIT_DONE
                0x000000002000083f                UART1_Data
                0x0000000020000842                aktuelle_taste
                0x0000000020000843                aktuelle_seite
                0x0000000020000844                anschluss
 *(.bss*)
 *fill*         0x0000000020000845        0x3 
 .bss.__malloc_free_list
                0x0000000020000848        0x4 /mnt/Speicher/STM32_IDE/plugins/fr.ac6.mcu.externaltools.arm-none.linux64_1.15.0.201708311556/tools/compiler/bin/../lib/gcc/arm-none-eabi/6.3.1/../../../../arm-none-eabi/lib/thumb/v7e-m/fpv4-sp/hard/libc_nano.a(lib_a-nano-mallocr.o)
                0x0000000020000848                __malloc_free_list
 .bss.__malloc_sbrk_start
                0x000000002000084c        0x4 /mnt/Speicher/STM32_IDE/plugins/fr.ac6.mcu.externaltools.arm-none.linux64_1.15.0.201708311556/tools/compiler/bin/../lib/gcc/arm-none-eabi/6.3.1/../../../../arm-none-eabi/lib/thumb/v7e-m/fpv4-sp/hard/libc_nano.a(lib_a-nano-mallocr.o)
                0x000000002000084c                __malloc_sbrk_start
 .bss.heap_end.5239
                0x0000000020000850        0x4 /mnt/Speicher/STM32_IDE/plugins/fr.ac6.mcu.externaltools.arm-none.linux64_1.15.0.201708311556/tools/compiler/bin/../lib/gcc/arm-none-eabi/6.3.1/../../../../arm-none-eabi/lib/thumb/v7e-m/fpv4-sp/hard/libnosys.a(sbrk.o)
 *(COMMON)
 COMMON         0x0000000020000854       0x1e Drivers/AT_Bibliothek/at_io_expander.o
                0x0000000020000854                str
 *fill*         0x0000000020000872        0x2 
 COMMON         0x0000000020000874       0x2c Drivers/AT_Bibliothek/at_schrittmotor.o
                0x0000000020000874                dSPIN_RegsStruct
 COMMON         0x00000000200008a0       0x2c Drivers/TM_Bibliothek/tm_stm32_dma2d_graphic.o
                0x00000000200008a0                DMA2D_Height
                0x00000000200008a4                DIS
                0x00000000200008c4                DMA2D_StartAddress
                0x00000000200008c8                DMA2D_Width
 COMMON         0x00000000200008cc      0x100 Drivers/TM_Bibliothek/tm_stm32_usart.o
                0x00000000200008cc                UART5_Buffer
                0x00000000200008ec                USART6_Buffer
                0x000000002000090c                USART2_Buffer
                0x000000002000092c                USART1_Buffer
                0x000000002000094c                USART3_Buffer
                0x000000002000096c                UART4_Buffer
                0x000000002000098c                UART8_Buffer
                0x00000000200009ac                UART7_Buffer
 COMMON         0x00000000200009cc      0x388 Src/main.o
                0x00000000200009cc                hi2c3
                0x0000000020000a20                hdma_memtomem_dma2_stream0
                0x0000000020000a80                hspi5
                0x0000000020000ad8                hspi3
                0x0000000020000b30                hltdc
                0x0000000020000bd8                hdma_usart1_tx
                0x0000000020000c38                hdma_usart1_rx
                0x0000000020000c98                LCD_Config
                0x0000000020000ca0                huart1
                0x0000000020000ce0                hdma2d
                0x0000000020000d20                hsdram1
 COMMON         0x0000000020000d54        0x4 /mnt/Speicher/STM32_IDE/plugins/fr.ac6.mcu.externaltools.arm-none.linux64_1.15.0.201708311556/tools/compiler/bin/../lib/gcc/arm-none-eabi/6.3.1/../../../../arm-none-eabi/lib/thumb/v7e-m/fpv4-sp/hard/libc_nano.a(lib_a-reent.o)
                0x0000000020000d54                errno
                0x0000000020000d58                . = ALIGN (0x4)
                0x0000000020000d58                _ebss = .
                0x0000000020000d58                __bss_end__ = _ebss

._user_heap_stack
                0x0000000020000d58      0x600
                0x0000000020000d58                . = ALIGN (0x8)
                0x0000000020000d58                PROVIDE (end, .)
                [!provide]                        PROVIDE (_end, .)
                0x0000000020000f58                . = (. + _Min_Heap_Size)
 *fill*         0x0000000020000d58      0x200 
                0x0000000020001358                . = (. + _Min_Stack_Size)
 *fill*         0x0000000020000f58      0x400 
                0x0000000020001358                . = ALIGN (0x8)

/DISCARD/
 libc.a(*)
 libm.a(*)
 libgcc.a(*)

.ARM.attributes
                0x0000000000000000       0x30
 *(.ARM.attributes)
 .ARM.attributes
                0x0000000000000000       0x22 /mnt/Speicher/STM32_IDE/plugins/fr.ac6.mcu.externaltools.arm-none.linux64_1.15.0.201708311556/tools/compiler/bin/../lib/gcc/arm-none-eabi/6.3.1/thumb/v7e-m/fpv4-sp/hard/crti.o
 .ARM.attributes
                0x0000000000000022       0x34 /mnt/Speicher/STM32_IDE/plugins/fr.ac6.mcu.externaltools.arm-none.linux64_1.15.0.201708311556/tools/compiler/bin/../lib/gcc/arm-none-eabi/6.3.1/thumb/v7e-m/fpv4-sp/hard/crtbegin.o
 .ARM.attributes
                0x0000000000000056       0x39 Drivers/AT_Bibliothek/at_io_expander.o
 .ARM.attributes
                0x000000000000008f       0x39 Drivers/AT_Bibliothek/at_lcd.o
 .ARM.attributes
                0x00000000000000c8       0x39 Drivers/AT_Bibliothek/at_schrittmotor.o
 .ARM.attributes
                0x0000000000000101       0x39 Drivers/DSPIN_L6472_Treiber/dspin.o
 .ARM.attributes
                0x000000000000013a       0x39 Drivers/STM32F4xx_HAL_Driver/Src/stm32f4xx_hal.o
 .ARM.attributes
                0x0000000000000173       0x39 Drivers/STM32F4xx_HAL_Driver/Src/stm32f4xx_hal_cortex.o
 .ARM.attributes
                0x00000000000001ac       0x39 Drivers/STM32F4xx_HAL_Driver/Src/stm32f4xx_hal_dma.o
 .ARM.attributes
                0x00000000000001e5       0x39 Drivers/STM32F4xx_HAL_Driver/Src/stm32f4xx_hal_dma2d.o
 .ARM.attributes
                0x000000000000021e       0x39 Drivers/STM32F4xx_HAL_Driver/Src/stm32f4xx_hal_gpio.o
 .ARM.attributes
                0x0000000000000257       0x39 Drivers/STM32F4xx_HAL_Driver/Src/stm32f4xx_hal_i2c.o
 .ARM.attributes
                0x0000000000000290       0x39 Drivers/STM32F4xx_HAL_Driver/Src/stm32f4xx_hal_i2c_ex.o
 .ARM.attributes
                0x00000000000002c9       0x39 Drivers/STM32F4xx_HAL_Driver/Src/stm32f4xx_hal_ltdc.o
 .ARM.attributes
                0x0000000000000302       0x39 Drivers/STM32F4xx_HAL_Driver/Src/stm32f4xx_hal_pwr_ex.o
 .ARM.attributes
                0x000000000000033b       0x39 Drivers/STM32F4xx_HAL_Driver/Src/stm32f4xx_hal_rcc.o
 .ARM.attributes
                0x0000000000000374       0x39 Drivers/STM32F4xx_HAL_Driver/Src/stm32f4xx_hal_rcc_ex.o
 .ARM.attributes
                0x00000000000003ad       0x39 Drivers/STM32F4xx_HAL_Driver/Src/stm32f4xx_hal_sdram.o
 .ARM.attributes
                0x00000000000003e6       0x39 Drivers/STM32F4xx_HAL_Driver/Src/stm32f4xx_hal_spi.o
 .ARM.attributes
                0x000000000000041f       0x39 Drivers/STM32F4xx_HAL_Driver/Src/stm32f4xx_hal_uart.o
 .ARM.attributes
                0x0000000000000458       0x39 Drivers/STM32F4xx_HAL_Driver/Src/stm32f4xx_ll_fmc.o
 .ARM.attributes
                0x0000000000000491       0x39 Drivers/TM_Bibliothek/tm_stm32_buffer.o
 .ARM.attributes
                0x00000000000004ca       0x39 Drivers/TM_Bibliothek/tm_stm32_delay.o
 .ARM.attributes
                0x0000000000000503       0x39 Drivers/TM_Bibliothek/tm_stm32_dma.o
 .ARM.attributes
                0x000000000000053c       0x39 Drivers/TM_Bibliothek/tm_stm32_dma2d_graphic.o
 .ARM.attributes
                0x0000000000000575       0x39 Drivers/TM_Bibliothek/tm_stm32_fonts.o
 .ARM.attributes
                0x00000000000005ae       0x39 Drivers/TM_Bibliothek/tm_stm32_gpio.o
 .ARM.attributes
                0x00000000000005e7       0x39 Drivers/TM_Bibliothek/tm_stm32_i2c.o
 .ARM.attributes
                0x0000000000000620       0x39 Drivers/TM_Bibliothek/tm_stm32_lcd.o
 .ARM.attributes
                0x0000000000000659       0x39 Drivers/TM_Bibliothek/tm_stm32_sdram.o
 .ARM.attributes
                0x0000000000000692       0x39 Drivers/TM_Bibliothek/tm_stm32_spi.o
 .ARM.attributes
                0x00000000000006cb       0x39 Drivers/TM_Bibliothek/tm_stm32_usart.o
 .ARM.attributes
                0x0000000000000704       0x39 Drivers/TM_Bibliothek/tm_stm32f4_stmpe811.o
 .ARM.attributes
                0x000000000000073d       0x39 Src/main.o
 .ARM.attributes
                0x0000000000000776       0x39 Src/stm32f4xx_hal_msp.o
 .ARM.attributes
                0x00000000000007af       0x39 Src/stm32f4xx_it.o
 .ARM.attributes
                0x00000000000007e8       0x39 Src/system_stm32f4xx.o
 .ARM.attributes
                0x0000000000000821       0x21 startup/startup_stm32f429xx.o
 .ARM.attributes
                0x0000000000000842       0x22 /mnt/Speicher/STM32_IDE/plugins/fr.ac6.mcu.externaltools.arm-none.linux64_1.15.0.201708311556/tools/compiler/bin/../lib/gcc/arm-none-eabi/6.3.1/thumb/v7e-m/fpv4-sp/hard/libgcc.a(_arm_addsubdf3.o)
 .ARM.attributes
                0x0000000000000864       0x22 /mnt/Speicher/STM32_IDE/plugins/fr.ac6.mcu.externaltools.arm-none.linux64_1.15.0.201708311556/tools/compiler/bin/../lib/gcc/arm-none-eabi/6.3.1/thumb/v7e-m/fpv4-sp/hard/libgcc.a(_arm_muldivdf3.o)
 .ARM.attributes
                0x0000000000000886       0x22 /mnt/Speicher/STM32_IDE/plugins/fr.ac6.mcu.externaltools.arm-none.linux64_1.15.0.201708311556/tools/compiler/bin/../lib/gcc/arm-none-eabi/6.3.1/thumb/v7e-m/fpv4-sp/hard/libgcc.a(_arm_fixunsdfsi.o)
 .ARM.attributes
                0x00000000000008a8       0x34 /mnt/Speicher/STM32_IDE/plugins/fr.ac6.mcu.externaltools.arm-none.linux64_1.15.0.201708311556/tools/compiler/bin/../lib/gcc/arm-none-eabi/6.3.1/../../../../arm-none-eabi/lib/thumb/v7e-m/fpv4-sp/hard/libc_nano.a(lib_a-impure.o)
 .ARM.attributes
                0x00000000000008dc       0x34 /mnt/Speicher/STM32_IDE/plugins/fr.ac6.mcu.externaltools.arm-none.linux64_1.15.0.201708311556/tools/compiler/bin/../lib/gcc/arm-none-eabi/6.3.1/../../../../arm-none-eabi/lib/thumb/v7e-m/fpv4-sp/hard/libc_nano.a(lib_a-init.o)
 .ARM.attributes
                0x0000000000000910       0x34 /mnt/Speicher/STM32_IDE/plugins/fr.ac6.mcu.externaltools.arm-none.linux64_1.15.0.201708311556/tools/compiler/bin/../lib/gcc/arm-none-eabi/6.3.1/../../../../arm-none-eabi/lib/thumb/v7e-m/fpv4-sp/hard/libc_nano.a(lib_a-memcpy-stub.o)
 .ARM.attributes
                0x0000000000000944       0x34 /mnt/Speicher/STM32_IDE/plugins/fr.ac6.mcu.externaltools.arm-none.linux64_1.15.0.201708311556/tools/compiler/bin/../lib/gcc/arm-none-eabi/6.3.1/../../../../arm-none-eabi/lib/thumb/v7e-m/fpv4-sp/hard/libc_nano.a(lib_a-memset.o)
 .ARM.attributes
                0x0000000000000978       0x34 /mnt/Speicher/STM32_IDE/plugins/fr.ac6.mcu.externaltools.arm-none.linux64_1.15.0.201708311556/tools/compiler/bin/../lib/gcc/arm-none-eabi/6.3.1/../../../../arm-none-eabi/lib/thumb/v7e-m/fpv4-sp/hard/libc_nano.a(lib_a-nano-freer.o)
 .ARM.attributes
                0x00000000000009ac       0x34 /mnt/Speicher/STM32_IDE/plugins/fr.ac6.mcu.externaltools.arm-none.linux64_1.15.0.201708311556/tools/compiler/bin/../lib/gcc/arm-none-eabi/6.3.1/../../../../arm-none-eabi/lib/thumb/v7e-m/fpv4-sp/hard/libc_nano.a(lib_a-nano-mallocr.o)
 .ARM.attributes
                0x00000000000009e0       0x34 /mnt/Speicher/STM32_IDE/plugins/fr.ac6.mcu.externaltools.arm-none.linux64_1.15.0.201708311556/tools/compiler/bin/../lib/gcc/arm-none-eabi/6.3.1/../../../../arm-none-eabi/lib/thumb/v7e-m/fpv4-sp/hard/libc_nano.a(lib_a-sbrkr.o)
 .ARM.attributes
                0x0000000000000a14       0x34 /mnt/Speicher/STM32_IDE/plugins/fr.ac6.mcu.externaltools.arm-none.linux64_1.15.0.201708311556/tools/compiler/bin/../lib/gcc/arm-none-eabi/6.3.1/../../../../arm-none-eabi/lib/thumb/v7e-m/fpv4-sp/hard/libc_nano.a(lib_a-sprintf.o)
 .ARM.attributes
                0x0000000000000a48       0x34 /mnt/Speicher/STM32_IDE/plugins/fr.ac6.mcu.externaltools.arm-none.linux64_1.15.0.201708311556/tools/compiler/bin/../lib/gcc/arm-none-eabi/6.3.1/../../../../arm-none-eabi/lib/thumb/v7e-m/fpv4-sp/hard/libc_nano.a(lib_a-mlock.o)
 .ARM.attributes
                0x0000000000000a7c       0x34 /mnt/Speicher/STM32_IDE/plugins/fr.ac6.mcu.externaltools.arm-none.linux64_1.15.0.201708311556/tools/compiler/bin/../lib/gcc/arm-none-eabi/6.3.1/../../../../arm-none-eabi/lib/thumb/v7e-m/fpv4-sp/hard/libc_nano.a(lib_a-nano-svfprintf.o)
 .ARM.attributes
                0x0000000000000ab0       0x34 /mnt/Speicher/STM32_IDE/plugins/fr.ac6.mcu.externaltools.arm-none.linux64_1.15.0.201708311556/tools/compiler/bin/../lib/gcc/arm-none-eabi/6.3.1/../../../../arm-none-eabi/lib/thumb/v7e-m/fpv4-sp/hard/libc_nano.a(lib_a-nano-vfprintf_i.o)
 .ARM.attributes
                0x0000000000000ae4       0x34 /mnt/Speicher/STM32_IDE/plugins/fr.ac6.mcu.externaltools.arm-none.linux64_1.15.0.201708311556/tools/compiler/bin/../lib/gcc/arm-none-eabi/6.3.1/../../../../arm-none-eabi/lib/thumb/v7e-m/fpv4-sp/hard/libc_nano.a(lib_a-reent.o)
 .ARM.attributes
                0x0000000000000b18       0x20 /mnt/Speicher/STM32_IDE/plugins/fr.ac6.mcu.externaltools.arm-none.linux64_1.15.0.201708311556/tools/compiler/bin/../lib/gcc/arm-none-eabi/6.3.1/../../../../arm-none-eabi/lib/thumb/v7e-m/fpv4-sp/hard/libc_nano.a(lib_a-memchr.o)
 .ARM.attributes
                0x0000000000000b38       0x34 /mnt/Speicher/STM32_IDE/plugins/fr.ac6.mcu.externaltools.arm-none.linux64_1.15.0.201708311556/tools/compiler/bin/../lib/gcc/arm-none-eabi/6.3.1/../../../../arm-none-eabi/lib/thumb/v7e-m/fpv4-sp/hard/libc_nano.a(lib_a-memmove.o)
 .ARM.attributes
                0x0000000000000b6c       0x34 /mnt/Speicher/STM32_IDE/plugins/fr.ac6.mcu.externaltools.arm-none.linux64_1.15.0.201708311556/tools/compiler/bin/../lib/gcc/arm-none-eabi/6.3.1/../../../../arm-none-eabi/lib/thumb/v7e-m/fpv4-sp/hard/libc_nano.a(lib_a-nano-reallocr.o)
 .ARM.attributes
                0x0000000000000ba0       0x34 /mnt/Speicher/STM32_IDE/plugins/fr.ac6.mcu.externaltools.arm-none.linux64_1.15.0.201708311556/tools/compiler/bin/../lib/gcc/arm-none-eabi/6.3.1/../../../../arm-none-eabi/lib/thumb/v7e-m/fpv4-sp/hard/libc_nano.a(lib_a-nano-msizer.o)
 .ARM.attributes
                0x0000000000000bd4       0x34 /mnt/Speicher/STM32_IDE/plugins/fr.ac6.mcu.externaltools.arm-none.linux64_1.15.0.201708311556/tools/compiler/bin/../lib/gcc/arm-none-eabi/6.3.1/../../../../arm-none-eabi/lib/thumb/v7e-m/fpv4-sp/hard/libnosys.a(sbrk.o)
 .ARM.attributes
                0x0000000000000c08       0x22 /mnt/Speicher/STM32_IDE/plugins/fr.ac6.mcu.externaltools.arm-none.linux64_1.15.0.201708311556/tools/compiler/bin/../lib/gcc/arm-none-eabi/6.3.1/thumb/v7e-m/fpv4-sp/hard/crtn.o
OUTPUT(Schrittmotor_V4.elf elf32-littlearm)

.debug_info     0x0000000000000000    0x38491
 .debug_info    0x0000000000000000     0x1098 Drivers/AT_Bibliothek/at_io_expander.o
 .debug_info    0x0000000000001098     0x19ff Drivers/AT_Bibliothek/at_lcd.o
 .debug_info    0x0000000000002a97     0x1c86 Drivers/AT_Bibliothek/at_schrittmotor.o
 .debug_info    0x000000000000471d     0x1662 Drivers/DSPIN_L6472_Treiber/dspin.o
 .debug_info    0x0000000000005d7f     0x126e Drivers/STM32F4xx_HAL_Driver/Src/stm32f4xx_hal.o
 .debug_info    0x0000000000006fed     0x1790 Drivers/STM32F4xx_HAL_Driver/Src/stm32f4xx_hal_cortex.o
 .debug_info    0x000000000000877d     0x127c Drivers/STM32F4xx_HAL_Driver/Src/stm32f4xx_hal_dma.o
 .debug_info    0x00000000000099f9     0x1b71 Drivers/STM32F4xx_HAL_Driver/Src/stm32f4xx_hal_dma2d.o
 .debug_info    0x000000000000b56a      0xfb1 Drivers/STM32F4xx_HAL_Driver/Src/stm32f4xx_hal_gpio.o
 .debug_info    0x000000000000c51b     0x36ef Drivers/STM32F4xx_HAL_Driver/Src/stm32f4xx_hal_i2c.o
 .debug_info    0x000000000000fc0a      0xeee Drivers/STM32F4xx_HAL_Driver/Src/stm32f4xx_hal_i2c_ex.o
 .debug_info    0x0000000000010af8     0x1b56 Drivers/STM32F4xx_HAL_Driver/Src/stm32f4xx_hal_ltdc.o
 .debug_info    0x000000000001264e     0x11a5 Drivers/STM32F4xx_HAL_Driver/Src/stm32f4xx_hal_pwr_ex.o
 .debug_info    0x00000000000137f3     0x151a Drivers/STM32F4xx_HAL_Driver/Src/stm32f4xx_hal_rcc.o
 .debug_info    0x0000000000014d0d     0x11aa Drivers/STM32F4xx_HAL_Driver/Src/stm32f4xx_hal_rcc_ex.o
 .debug_info    0x0000000000015eb7     0x15f1 Drivers/STM32F4xx_HAL_Driver/Src/stm32f4xx_hal_sdram.o
 .debug_info    0x00000000000174a8     0x220a Drivers/STM32F4xx_HAL_Driver/Src/stm32f4xx_hal_spi.o
 .debug_info    0x00000000000196b2     0x1f1d Drivers/STM32F4xx_HAL_Driver/Src/stm32f4xx_hal_uart.o
 .debug_info    0x000000000001b5cf     0x1745 Drivers/STM32F4xx_HAL_Driver/Src/stm32f4xx_ll_fmc.o
 .debug_info    0x000000000001cd14     0x1083 Drivers/TM_Bibliothek/tm_stm32_buffer.o
 .debug_info    0x000000000001dd97      0xfd8 Drivers/TM_Bibliothek/tm_stm32_delay.o
 .debug_info    0x000000000001ed6f     0x17bd Drivers/TM_Bibliothek/tm_stm32_dma.o
 .debug_info    0x000000000002052c     0x285f Drivers/TM_Bibliothek/tm_stm32_dma2d_graphic.o
 .debug_info    0x0000000000022d8b      0xb54 Drivers/TM_Bibliothek/tm_stm32_fonts.o
 .debug_info    0x00000000000238df     0x11e9 Drivers/TM_Bibliothek/tm_stm32_gpio.o
 .debug_info    0x0000000000024ac8     0x20be Drivers/TM_Bibliothek/tm_stm32_i2c.o
 .debug_info    0x0000000000026b86     0x2e96 Drivers/TM_Bibliothek/tm_stm32_lcd.o
 .debug_info    0x0000000000029a1c     0x13dd Drivers/TM_Bibliothek/tm_stm32_sdram.o
 .debug_info    0x000000000002adf9     0x1f75 Drivers/TM_Bibliothek/tm_stm32_spi.o
 .debug_info    0x000000000002cd6e     0x2b41 Drivers/TM_Bibliothek/tm_stm32_usart.o
 .debug_info    0x000000000002f8af     0x12cf Drivers/TM_Bibliothek/tm_stm32f4_stmpe811.o
 .debug_info    0x0000000000030b7e     0x36b7 Src/main.o
 .debug_info    0x0000000000034235     0x2534 Src/stm32f4xx_hal_msp.o
 .debug_info    0x0000000000036769      0xf5c Src/stm32f4xx_it.o
 .debug_info    0x00000000000376c5      0xd4a Src/system_stm32f4xx.o
 .debug_info    0x000000000003840f       0x82 startup/startup_stm32f429xx.o

.debug_abbrev   0x0000000000000000     0x683d
 .debug_abbrev  0x0000000000000000      0x2c6 Drivers/AT_Bibliothek/at_io_expander.o
 .debug_abbrev  0x00000000000002c6      0x305 Drivers/AT_Bibliothek/at_lcd.o
 .debug_abbrev  0x00000000000005cb      0x376 Drivers/AT_Bibliothek/at_schrittmotor.o
 .debug_abbrev  0x0000000000000941      0x30a Drivers/DSPIN_L6472_Treiber/dspin.o
 .debug_abbrev  0x0000000000000c4b      0x347 Drivers/STM32F4xx_HAL_Driver/Src/stm32f4xx_hal.o
 .debug_abbrev  0x0000000000000f92      0x3d4 Drivers/STM32F4xx_HAL_Driver/Src/stm32f4xx_hal_cortex.o
 .debug_abbrev  0x0000000000001366      0x328 Drivers/STM32F4xx_HAL_Driver/Src/stm32f4xx_hal_dma.o
 .debug_abbrev  0x000000000000168e      0x34b Drivers/STM32F4xx_HAL_Driver/Src/stm32f4xx_hal_dma2d.o
 .debug_abbrev  0x00000000000019d9      0x2a5 Drivers/STM32F4xx_HAL_Driver/Src/stm32f4xx_hal_gpio.o
 .debug_abbrev  0x0000000000001c7e      0x2f9 Drivers/STM32F4xx_HAL_Driver/Src/stm32f4xx_hal_i2c.o
 .debug_abbrev  0x0000000000001f77      0x214 Drivers/STM32F4xx_HAL_Driver/Src/stm32f4xx_hal_i2c_ex.o
 .debug_abbrev  0x000000000000218b      0x2f8 Drivers/STM32F4xx_HAL_Driver/Src/stm32f4xx_hal_ltdc.o
 .debug_abbrev  0x0000000000002483      0x33c Drivers/STM32F4xx_HAL_Driver/Src/stm32f4xx_hal_pwr_ex.o
 .debug_abbrev  0x00000000000027bf      0x370 Drivers/STM32F4xx_HAL_Driver/Src/stm32f4xx_hal_rcc.o
 .debug_abbrev  0x0000000000002b2f      0x2e0 Drivers/STM32F4xx_HAL_Driver/Src/stm32f4xx_hal_rcc_ex.o
 .debug_abbrev  0x0000000000002e0f      0x2d5 Drivers/STM32F4xx_HAL_Driver/Src/stm32f4xx_hal_sdram.o
 .debug_abbrev  0x00000000000030e4      0x2f0 Drivers/STM32F4xx_HAL_Driver/Src/stm32f4xx_hal_spi.o
 .debug_abbrev  0x00000000000033d4      0x342 Drivers/STM32F4xx_HAL_Driver/Src/stm32f4xx_hal_uart.o
 .debug_abbrev  0x0000000000003716      0x286 Drivers/STM32F4xx_HAL_Driver/Src/stm32f4xx_ll_fmc.o
 .debug_abbrev  0x000000000000399c      0x2ef Drivers/TM_Bibliothek/tm_stm32_buffer.o
 .debug_abbrev  0x0000000000003c8b      0x386 Drivers/TM_Bibliothek/tm_stm32_delay.o
 .debug_abbrev  0x0000000000004011      0x2be Drivers/TM_Bibliothek/tm_stm32_dma.o
 .debug_abbrev  0x00000000000042cf      0x397 Drivers/TM_Bibliothek/tm_stm32_dma2d_graphic.o
 .debug_abbrev  0x0000000000004666      0x238 Drivers/TM_Bibliothek/tm_stm32_fonts.o
 .debug_abbrev  0x000000000000489e      0x2c8 Drivers/TM_Bibliothek/tm_stm32_gpio.o
 .debug_abbrev  0x0000000000004b66      0x31c Drivers/TM_Bibliothek/tm_stm32_i2c.o
 .debug_abbrev  0x0000000000004e82      0x39e Drivers/TM_Bibliothek/tm_stm32_lcd.o
 .debug_abbrev  0x0000000000005220      0x26e Drivers/TM_Bibliothek/tm_stm32_sdram.o
 .debug_abbrev  0x000000000000548e      0x30d Drivers/TM_Bibliothek/tm_stm32_spi.o
 .debug_abbrev  0x000000000000579b      0x357 Drivers/TM_Bibliothek/tm_stm32_usart.o
 .debug_abbrev  0x0000000000005af2      0x2f7 Drivers/TM_Bibliothek/tm_stm32f4_stmpe811.o
 .debug_abbrev  0x0000000000005de9      0x34d Src/main.o
 .debug_abbrev  0x0000000000006136      0x2ba Src/stm32f4xx_hal_msp.o
 .debug_abbrev  0x00000000000063f0      0x236 Src/stm32f4xx_it.o
 .debug_abbrev  0x0000000000006626      0x205 Src/system_stm32f4xx.o
 .debug_abbrev  0x000000000000682b       0x12 startup/startup_stm32f429xx.o

.debug_loc      0x0000000000000000    0x126c8
 .debug_loc     0x0000000000000000      0x242 Drivers/AT_Bibliothek/at_io_expander.o
 .debug_loc     0x0000000000000242      0x227 Drivers/AT_Bibliothek/at_lcd.o
 .debug_loc     0x0000000000000469      0x5af Drivers/AT_Bibliothek/at_schrittmotor.o
 .debug_loc     0x0000000000000a18      0x358 Drivers/DSPIN_L6472_Treiber/dspin.o
 .debug_loc     0x0000000000000d70       0xbd Drivers/STM32F4xx_HAL_Driver/Src/stm32f4xx_hal.o
 .debug_loc     0x0000000000000e2d      0x5ce Drivers/STM32F4xx_HAL_Driver/Src/stm32f4xx_hal_cortex.o
 .debug_loc     0x00000000000013fb      0xafd Drivers/STM32F4xx_HAL_Driver/Src/stm32f4xx_hal_dma.o
 .debug_loc     0x0000000000001ef8     0x1162 Drivers/STM32F4xx_HAL_Driver/Src/stm32f4xx_hal_dma2d.o
 .debug_loc     0x000000000000305a      0x3fd Drivers/STM32F4xx_HAL_Driver/Src/stm32f4xx_hal_gpio.o
 .debug_loc     0x0000000000003457     0x31a5 Drivers/STM32F4xx_HAL_Driver/Src/stm32f4xx_hal_i2c.o
 .debug_loc     0x00000000000065fc       0xe0 Drivers/STM32F4xx_HAL_Driver/Src/stm32f4xx_hal_i2c_ex.o
 .debug_loc     0x00000000000066dc     0x1603 Drivers/STM32F4xx_HAL_Driver/Src/stm32f4xx_hal_ltdc.o
 .debug_loc     0x0000000000007cdf      0x1ef Drivers/STM32F4xx_HAL_Driver/Src/stm32f4xx_hal_pwr_ex.o
 .debug_loc     0x0000000000007ece      0x53b Drivers/STM32F4xx_HAL_Driver/Src/stm32f4xx_hal_rcc.o
 .debug_loc     0x0000000000008409      0x40a Drivers/STM32F4xx_HAL_Driver/Src/stm32f4xx_hal_rcc_ex.o