Archive member included to satisfy reference by file (symbol)

/mnt/Speicher/STM32_IDE/plugins/fr.ac6.mcu.externaltools.arm-none.linux64_1.15.0.201708311556/tools/compiler/bin/../lib/gcc/arm-none-eabi/6.3.1/../../../../arm-none-eabi/lib/thumb/v7e-m/fpv4-sp/hard/libc_nano.a(lib_a-exit.o)
                              /mnt/Speicher/STM32_IDE/plugins/fr.ac6.mcu.externaltools.arm-none.linux64_1.15.0.201708311556/tools/compiler/bin/../lib/gcc/arm-none-eabi/6.3.1/../../../../arm-none-eabi/lib/thumb/v7e-m/fpv4-sp/hard/crt0.o (exit)
/mnt/Speicher/STM32_IDE/plugins/fr.ac6.mcu.externaltools.arm-none.linux64_1.15.0.201708311556/tools/compiler/bin/../lib/gcc/arm-none-eabi/6.3.1/../../../../arm-none-eabi/lib/thumb/v7e-m/fpv4-sp/hard/libc_nano.a(lib_a-impure.o)
                              /mnt/Speicher/STM32_IDE/plugins/fr.ac6.mcu.externaltools.arm-none.linux64_1.15.0.201708311556/tools/compiler/bin/../lib/gcc/arm-none-eabi/6.3.1/../../../../arm-none-eabi/lib/thumb/v7e-m/fpv4-sp/hard/libc_nano.a(lib_a-exit.o) (_global_impure_ptr)
/mnt/Speicher/STM32_IDE/plugins/fr.ac6.mcu.externaltools.arm-none.linux64_1.15.0.201708311556/tools/compiler/bin/../lib/gcc/arm-none-eabi/6.3.1/../../../../arm-none-eabi/lib/thumb/v7e-m/fpv4-sp/hard/libc_nano.a(lib_a-init.o)
                              /mnt/Speicher/STM32_IDE/plugins/fr.ac6.mcu.externaltools.arm-none.linux64_1.15.0.201708311556/tools/compiler/bin/../lib/gcc/arm-none-eabi/6.3.1/../../../../arm-none-eabi/lib/thumb/v7e-m/fpv4-sp/hard/crt0.o (__libc_init_array)
/mnt/Speicher/STM32_IDE/plugins/fr.ac6.mcu.externaltools.arm-none.linux64_1.15.0.201708311556/tools/compiler/bin/../lib/gcc/arm-none-eabi/6.3.1/../../../../arm-none-eabi/lib/thumb/v7e-m/fpv4-sp/hard/libc_nano.a(lib_a-malloc.o)
                              Drivers/TM_Bibliothek/tm_stm32_buffer.o (malloc)
/mnt/Speicher/STM32_IDE/plugins/fr.ac6.mcu.externaltools.arm-none.linux64_1.15.0.201708311556/tools/compiler/bin/../lib/gcc/arm-none-eabi/6.3.1/../../../../arm-none-eabi/lib/thumb/v7e-m/fpv4-sp/hard/libc_nano.a(lib_a-memcpy-stub.o)
                              Drivers/TM_Bibliothek/tm_stm32_buffer.o (memcpy)
/mnt/Speicher/STM32_IDE/plugins/fr.ac6.mcu.externaltools.arm-none.linux64_1.15.0.201708311556/tools/compiler/bin/../lib/gcc/arm-none-eabi/6.3.1/../../../../arm-none-eabi/lib/thumb/v7e-m/fpv4-sp/hard/libc_nano.a(lib_a-memset.o)
                              /mnt/Speicher/STM32_IDE/plugins/fr.ac6.mcu.externaltools.arm-none.linux64_1.15.0.201708311556/tools/compiler/bin/../lib/gcc/arm-none-eabi/6.3.1/../../../../arm-none-eabi/lib/thumb/v7e-m/fpv4-sp/hard/crt0.o (memset)
/mnt/Speicher/STM32_IDE/plugins/fr.ac6.mcu.externaltools.arm-none.linux64_1.15.0.201708311556/tools/compiler/bin/../lib/gcc/arm-none-eabi/6.3.1/../../../../arm-none-eabi/lib/thumb/v7e-m/fpv4-sp/hard/libc_nano.a(lib_a-nano-freer.o)
                              /mnt/Speicher/STM32_IDE/plugins/fr.ac6.mcu.externaltools.arm-none.linux64_1.15.0.201708311556/tools/compiler/bin/../lib/gcc/arm-none-eabi/6.3.1/../../../../arm-none-eabi/lib/thumb/v7e-m/fpv4-sp/hard/libc_nano.a(lib_a-malloc.o) (_free_r)
/mnt/Speicher/STM32_IDE/plugins/fr.ac6.mcu.externaltools.arm-none.linux64_1.15.0.201708311556/tools/compiler/bin/../lib/gcc/arm-none-eabi/6.3.1/../../../../arm-none-eabi/lib/thumb/v7e-m/fpv4-sp/hard/libc_nano.a(lib_a-nano-mallocr.o)
                              /mnt/Speicher/STM32_IDE/plugins/fr.ac6.mcu.externaltools.arm-none.linux64_1.15.0.201708311556/tools/compiler/bin/../lib/gcc/arm-none-eabi/6.3.1/../../../../arm-none-eabi/lib/thumb/v7e-m/fpv4-sp/hard/libc_nano.a(lib_a-malloc.o) (_malloc_r)
/mnt/Speicher/STM32_IDE/plugins/fr.ac6.mcu.externaltools.arm-none.linux64_1.15.0.201708311556/tools/compiler/bin/../lib/gcc/arm-none-eabi/6.3.1/../../../../arm-none-eabi/lib/thumb/v7e-m/fpv4-sp/hard/libc_nano.a(lib_a-sbrkr.o)
                              /mnt/Speicher/STM32_IDE/plugins/fr.ac6.mcu.externaltools.arm-none.linux64_1.15.0.201708311556/tools/compiler/bin/../lib/gcc/arm-none-eabi/6.3.1/../../../../arm-none-eabi/lib/thumb/v7e-m/fpv4-sp/hard/libc_nano.a(lib_a-nano-mallocr.o) (_sbrk_r)
/mnt/Speicher/STM32_IDE/plugins/fr.ac6.mcu.externaltools.arm-none.linux64_1.15.0.201708311556/tools/compiler/bin/../lib/gcc/arm-none-eabi/6.3.1/../../../../arm-none-eabi/lib/thumb/v7e-m/fpv4-sp/hard/libc_nano.a(lib_a-sprintf.o)
                              Drivers/AT_Bibliothek/at_io_expander.o (sprintf)
/mnt/Speicher/STM32_IDE/plugins/fr.ac6.mcu.externaltools.arm-none.linux64_1.15.0.201708311556/tools/compiler/bin/../lib/gcc/arm-none-eabi/6.3.1/../../../../arm-none-eabi/lib/thumb/v7e-m/fpv4-sp/hard/libc_nano.a(lib_a-strcmp.o)
                              Drivers/AT_Bibliothek/at_uart.o (strcmp)
/mnt/Speicher/STM32_IDE/plugins/fr.ac6.mcu.externaltools.arm-none.linux64_1.15.0.201708311556/tools/compiler/bin/../lib/gcc/arm-none-eabi/6.3.1/../../../../arm-none-eabi/lib/thumb/v7e-m/fpv4-sp/hard/libc_nano.a(lib_a-strlen.o)
[...]
Memory Configuration

Name             Origin             Length             Attributes
RAM              0x0000000020000000 0x0000000000030000 xrw
CCMRAM           0x0000000010000000 0x0000000000010000 rw
FLASH            0x0000000008000000 0x0000000000200000 xr
*default*        0x0000000000000000 0xffffffffffffffff

Linker script and memory map

LOAD /mnt/Speicher/STM32_IDE/plugins/fr.ac6.mcu.externaltools.arm-none.linux64_1.15.0.201708311556/tools/compiler/bin/../lib/gcc/arm-none-eabi/6.3.1/thumb/v7e-m/fpv4-sp/hard/crti.o
LOAD /mnt/Speicher/STM32_IDE/plugins/fr.ac6.mcu.externaltools.arm-none.linux64_1.15.0.201708311556/tools/compiler/bin/../lib/gcc/arm-none-eabi/6.3.1/thumb/v7e-m/fpv4-sp/hard/crtbegin.o
LOAD /mnt/Speicher/STM32_IDE/plugins/fr.ac6.mcu.externaltools.arm-none.linux64_1.15.0.201708311556/tools/compiler/bin/../lib/gcc/arm-none-eabi/6.3.1/../../../../arm-none-eabi/lib/thumb/v7e-m/fpv4-sp/hard/crt0.o
LOAD Drivers/AT_Bibliothek/at_io_expander.o
LOAD Drivers/AT_Bibliothek/at_lcd.o
LOAD Drivers/AT_Bibliothek/at_schrittmotor.o
LOAD Drivers/AT_Bibliothek/at_uart.o
LOAD Drivers/DSPIN_L6472_Treiber/dspin.o
LOAD Drivers/STM32F4xx_HAL_Driver/Src/stm32f4xx_hal.o
LOAD Drivers/STM32F4xx_HAL_Driver/Src/stm32f4xx_hal_cortex.o
LOAD Drivers/STM32F4xx_HAL_Driver/Src/stm32f4xx_hal_dma.o
LOAD Drivers/STM32F4xx_HAL_Driver/Src/stm32f4xx_hal_dma2d.o
LOAD Drivers/STM32F4xx_HAL_Driver/Src/stm32f4xx_hal_dma_ex.o
LOAD Drivers/STM32F4xx_HAL_Driver/Src/stm32f4xx_hal_dsi.o
LOAD Drivers/STM32F4xx_HAL_Driver/Src/stm32f4xx_hal_flash.o
LOAD Drivers/STM32F4xx_HAL_Driver/Src/stm32f4xx_hal_flash_ex.o
LOAD Drivers/STM32F4xx_HAL_Driver/Src/stm32f4xx_hal_flash_ramfunc.o
LOAD Drivers/STM32F4xx_HAL_Driver/Src/stm32f4xx_hal_gpio.o
LOAD Drivers/STM32F4xx_HAL_Driver/Src/stm32f4xx_hal_i2c.o
LOAD Drivers/STM32F4xx_HAL_Driver/Src/stm32f4xx_hal_i2c_ex.o
LOAD Drivers/STM32F4xx_HAL_Driver/Src/stm32f4xx_hal_ltdc.o
LOAD Drivers/STM32F4xx_HAL_Driver/Src/stm32f4xx_hal_ltdc_ex.o
LOAD Drivers/STM32F4xx_HAL_Driver/Src/stm32f4xx_hal_pwr.o
LOAD Drivers/STM32F4xx_HAL_Driver/Src/stm32f4xx_hal_pwr_ex.o
LOAD Drivers/STM32F4xx_HAL_Driver/Src/stm32f4xx_hal_rcc.o
LOAD Drivers/STM32F4xx_HAL_Driver/Src/stm32f4xx_hal_rcc_ex.o
LOAD Drivers/STM32F4xx_HAL_Driver/Src/stm32f4xx_hal_sdram.o
LOAD Drivers/STM32F4xx_HAL_Driver/Src/stm32f4xx_hal_spi.o
LOAD Drivers/STM32F4xx_HAL_Driver/Src/stm32f4xx_hal_tim.o
LOAD Drivers/STM32F4xx_HAL_Driver/Src/stm32f4xx_hal_tim_ex.o
LOAD Drivers/STM32F4xx_HAL_Driver/Src/stm32f4xx_hal_uart.o
LOAD Drivers/STM32F4xx_HAL_Driver/Src/stm32f4xx_ll_fmc.o
LOAD Drivers/TM_Bibliothek/tm_stm32_buffer.o
LOAD Drivers/TM_Bibliothek/tm_stm32_delay.o
LOAD Drivers/TM_Bibliothek/tm_stm32_dma.o
LOAD Drivers/TM_Bibliothek/tm_stm32_dma2d_graphic.o
LOAD Drivers/TM_Bibliothek/tm_stm32_fonts.o
LOAD Drivers/TM_Bibliothek/tm_stm32_gpio.o
LOAD Drivers/TM_Bibliothek/tm_stm32_i2c.o
LOAD Drivers/TM_Bibliothek/tm_stm32_lcd.o
LOAD Drivers/TM_Bibliothek/tm_stm32_sdram.o
LOAD Drivers/TM_Bibliothek/tm_stm32_spi.o
LOAD Drivers/TM_Bibliothek/tm_stm32_usart.o
LOAD Drivers/TM_Bibliothek/tm_stm32_usart_dma.o
LOAD Drivers/TM_Bibliothek/tm_stm32f4_stmpe811.o
LOAD Src/main.o
LOAD Src/stm32f4xx_hal_msp.o
LOAD Src/stm32f4xx_it.o
LOAD Src/system_stm32f4xx.o
LOAD startup/startup_stm32f429xx.o
LOAD /mnt/Speicher/STM32_IDE/plugins/fr.ac6.mcu.externaltools.arm-none.linux64_1.15.0.201708311556/tools/compiler/bin/../lib/gcc/arm-none-eabi/6.3.1/../../../../arm-none-eabi/lib/thumb/v7e-m/fpv4-sp/hard/libm.a
START GROUP
LOAD /mnt/Speicher/STM32_IDE/plugins/fr.ac6.mcu.externaltools.arm-none.linux64_1.15.0.201708311556/tools/compiler/bin/../lib/gcc/arm-none-eabi/6.3.1/thumb/v7e-m/fpv4-sp/hard/libgcc.a
LOAD /mnt/Speicher/STM32_IDE/plugins/fr.ac6.mcu.externaltools.arm-none.linux64_1.15.0.201708311556/tools/compiler/bin/../lib/gcc/arm-none-eabi/6.3.1/../../../../arm-none-eabi/lib/thumb/v7e-m/fpv4-sp/hard/libc_nano.a
END GROUP
START GROUP
LOAD /mnt/Speicher/STM32_IDE/plugins/fr.ac6.mcu.externaltools.arm-none.linux64_1.15.0.201708311556/tools/compiler/bin/../lib/gcc/arm-none-eabi/6.3.1/thumb/v7e-m/fpv4-sp/hard/libgcc.a
LOAD /mnt/Speicher/STM32_IDE/plugins/fr.ac6.mcu.externaltools.arm-none.linux64_1.15.0.201708311556/tools/compiler/bin/../lib/gcc/arm-none-eabi/6.3.1/../../../../arm-none-eabi/lib/thumb/v7e-m/fpv4-sp/hard/libc_nano.a
LOAD /mnt/Speicher/STM32_IDE/plugins/fr.ac6.mcu.externaltools.arm-none.linux64_1.15.0.201708311556/tools/compiler/bin/../lib/gcc/arm-none-eabi/6.3.1/../../../../arm-none-eabi/lib/thumb/v7e-m/fpv4-sp/hard/libnosys.a
END GROUP
START GROUP
LOAD /mnt/Speicher/STM32_IDE/plugins/fr.ac6.mcu.externaltools.arm-none.linux64_1.15.0.201708311556/tools/compiler/bin/../lib/gcc/arm-none-eabi/6.3.1/thumb/v7e-m/fpv4-sp/hard/libgcc.a
LOAD /mnt/Speicher/STM32_IDE/plugins/fr.ac6.mcu.externaltools.arm-none.linux64_1.15.0.201708311556/tools/compiler/bin/../lib/gcc/arm-none-eabi/6.3.1/../../../../arm-none-eabi/lib/thumb/v7e-m/fpv4-sp/hard/libc_nano.a
LOAD /mnt/Speicher/STM32_IDE/plugins/fr.ac6.mcu.externaltools.arm-none.linux64_1.15.0.201708311556/tools/compiler/bin/../lib/gcc/arm-none-eabi/6.3.1/../../../../arm-none-eabi/lib/thumb/v7e-m/fpv4-sp/hard/libnosys.a
END GROUP
LOAD /mnt/Speicher/STM32_IDE/plugins/fr.ac6.mcu.externaltools.arm-none.linux64_1.15.0.201708311556/tools/compiler/bin/../lib/gcc/arm-none-eabi/6.3.1/thumb/v7e-m/fpv4-sp/hard/crtend.o
LOAD /mnt/Speicher/STM32_IDE/plugins/fr.ac6.mcu.externaltools.arm-none.linux64_1.15.0.201708311556/tools/compiler/bin/../lib/gcc/arm-none-eabi/6.3.1/thumb/v7e-m/fpv4-sp/hard/crtn.o
                0x0000000020030000                _estack = 0x20030000
                0x0000000000000200                _Min_Heap_Size = 0x200
                0x0000000000000400                _Min_Stack_Size = 0x400

.isr_vector     0x0000000008000000      0x1ac
                0x0000000008000000                . = ALIGN (0x4)
 *(.isr_vector)
 .isr_vector    0x0000000008000000      0x1ac startup/startup_stm32f429xx.o
                0x0000000008000000                g_pfnVectors
                0x00000000080001ac                . = ALIGN (0x4)

.text           0x00000000080001b0     0x7b8c
                0x00000000080001b0                . = ALIGN (0x4)
 *(.text)
 .text          0x00000000080001b0       0x6c /mnt/Speicher/STM32_IDE/plugins/fr.ac6.mcu.externaltools.arm-none.linux64_1.15.0.201708311556/tools/compiler/bin/../lib/gcc/arm-none-eabi/6.3.1/thumb/v7e-m/fpv4-sp/hard/crtbegin.o
 *fill*         0x000000000800021c        0x4 
 .text          0x0000000008000220       0xa0 /mnt/Speicher/STM32_IDE/plugins/fr.ac6.mcu.externaltools.arm-none.linux64_1.15.0.201708311556/tools/compiler/bin/../lib/gcc/arm-none-eabi/6.3.1/../../../../arm-none-eabi/lib/thumb/v7e-m/fpv4-sp/hard/libc_nano.a(lib_a-memchr.o)
                0x0000000008000220                memchr
 *(.text*)
 .text.at_expander_senddata
                0x00000000080002c0       0xd4 Drivers/AT_Bibliothek/at_io_expander.o
                0x00000000080002c0                at_expander_senddata
 .text.at_expander_readdata
                0x0000000008000394       0xe0 Drivers/AT_Bibliothek/at_io_expander.o
                0x0000000008000394                at_expander_readdata
 .text.at_expander_init
                0x0000000008000474       0x9c Drivers/AT_Bibliothek/at_io_expander.o
                0x0000000008000474                at_expander_init
 .text.at_stck  0x0000000008000510       0x1a Drivers/AT_Bibliothek/at_io_expander.o
                0x0000000008000510                at_stck
 *fill*         0x000000000800052a        0x2 
 .text.at_lcd_init
                0x000000000800052c       0x34 Drivers/AT_Bibliothek/at_lcd.o
                0x000000000800052c                at_lcd_init
 .text.at_lcd_button
                0x0000000008000560       0xb0 Drivers/AT_Bibliothek/at_lcd.o
                0x0000000008000560                at_lcd_button
 .text.at_lcd_page_0
                0x0000000008000610       0x5c Drivers/AT_Bibliothek/at_lcd.o
                0x0000000008000610                at_lcd_page_0
 .text.at_lcd_page_1
                0x000000000800066c      0x108 Drivers/AT_Bibliothek/at_lcd.o
                0x000000000800066c                at_lcd_page_1
 .text.at_lcd_page_2
                0x0000000008000774       0xf8 Drivers/AT_Bibliothek/at_lcd.o
                0x0000000008000774                at_lcd_page_2
 .text.at_lcd_state
                0x000000000800086c      0x13c Drivers/AT_Bibliothek/at_lcd.o
                0x000000000800086c                at_lcd_state
 .text.at_debug
                0x00000000080009a8       0xf8 Drivers/AT_Bibliothek/at_lcd.o
                0x00000000080009a8                at_debug
 .text.at_lcd_error
                0x0000000008000aa0       0x74 Drivers/AT_Bibliothek/at_lcd.o
                0x0000000008000aa0                at_lcd_error
 .text.at_lcd_debug
                0x0000000008000b14       0xa8 Drivers/AT_Bibliothek/at_lcd.o
                0x0000000008000b14                at_lcd_debug
 .text.at_dSPIN_Write_Byte
                0x0000000008000bbc      0x314 Drivers/AT_Bibliothek/at_schrittmotor.o
                0x0000000008000bbc                at_dSPIN_Write_Byte
 .text.L3518_init
                0x0000000008000ed0       0x4c Drivers/AT_Bibliothek/at_schrittmotor.o
                0x0000000008000ed0                L3518_init
 .text.LSP1518_init
                0x0000000008000f1c       0x4c Drivers/AT_Bibliothek/at_schrittmotor.o
                0x0000000008000f1c                LSP1518_init
 .text.at_schrittmotor_init
                0x0000000008000f68       0x44 Drivers/AT_Bibliothek/at_schrittmotor.o
                0x0000000008000f68                at_schrittmotor_init
 .text.at_schritt_konfig
                0x0000000008000fac       0x6c Drivers/AT_Bibliothek/at_schrittmotor.o
                0x0000000008000fac                at_schritt_konfig
 .text.at_schrittmotor_stop
                0x0000000008001018        0x8 Drivers/AT_Bibliothek/at_schrittmotor.o
                0x0000000008001018                at_schrittmotor_stop
 .text.at_schrittmotor_run
                0x0000000008001020        0xe Drivers/AT_Bibliothek/at_schrittmotor.o
                0x0000000008001020                at_schrittmotor_run
 .text.at_schrittmotor_sync
                0x000000000800102e       0x18 Drivers/AT_Bibliothek/at_schrittmotor.o
                0x000000000800102e                at_schrittmotor_sync
 *fill*         0x0000000008001046        0x2 
 .text.at_schrittmotor_get_param
                0x0000000008001048      0x158 Drivers/AT_Bibliothek/at_schrittmotor.o
                0x0000000008001048                at_schrittmotor_get_param
 .text.at_schrittmotor_print_data
                0x00000000080011a0      0x3c8 Drivers/AT_Bibliothek/at_schrittmotor.o
                0x00000000080011a0                at_schrittmotor_print_data
 .text.dSPIN_Write_Byte
                0x0000000008001568        0xa Drivers/DSPIN_L6472_Treiber/dspin.o
                0x0000000008001568                dSPIN_Write_Byte
 .text.dSPIN_Set_Param
                0x0000000008001572       0x46 Drivers/DSPIN_L6472_Treiber/dspin.o
                0x0000000008001572                dSPIN_Set_Param
 .text.dSPIN_Registers_Set
                0x00000000080015b8       0xaa Drivers/DSPIN_L6472_Treiber/dspin.o
                0x00000000080015b8                dSPIN_Registers_Set
 .text.dSPIN_Get_Param
                0x0000000008001662       0x50 Drivers/DSPIN_L6472_Treiber/dspin.o
                0x0000000008001662                dSPIN_Get_Param
 .text.dSPIN_Run
                0x00000000080016b2       0x24 Drivers/DSPIN_L6472_Treiber/dspin.o
                0x00000000080016b2                dSPIN_Run
 .text.dSPIN_Step_Clock
                0x00000000080016d6        0xc Drivers/DSPIN_L6472_Treiber/dspin.o
                0x00000000080016d6                dSPIN_Step_Clock
 .text.dSPIN_Reset_Device
                0x00000000080016e2        0xa Drivers/DSPIN_L6472_Treiber/dspin.o
                0x00000000080016e2                dSPIN_Reset_Device
 .text.dSPIN_Soft_Stop
                0x00000000080016ec        0xa Drivers/DSPIN_L6472_Treiber/dspin.o
                0x00000000080016ec                dSPIN_Soft_Stop
 .text.dSPIN_Get_Status
                0x00000000080016f6       0x20 Drivers/DSPIN_L6472_Treiber/dspin.o
                0x00000000080016f6                dSPIN_Get_Status
 *fill*         0x0000000008001716        0x2 
 .text.HAL_InitTick
                0x0000000008001718       0x2c Drivers/STM32F4xx_HAL_Driver/Src/stm32f4xx_hal.o
                0x0000000008001718                HAL_InitTick
 .text.HAL_Init
                0x0000000008001744       0x34 Drivers/STM32F4xx_HAL_Driver/Src/stm32f4xx_hal.o
                0x0000000008001744                HAL_Init
 .text.HAL_NVIC_SetPriorityGrouping
                0x0000000008001778       0x24 Drivers/STM32F4xx_HAL_Driver/Src/stm32f4xx_hal_cortex.o
                0x0000000008001778                HAL_NVIC_SetPriorityGrouping
 .text.HAL_NVIC_SetPriority
                0x000000000800179c       0x64 Drivers/STM32F4xx_HAL_Driver/Src/stm32f4xx_hal_cortex.o
                0x000000000800179c                HAL_NVIC_SetPriority
 .text.HAL_NVIC_EnableIRQ
                0x0000000008001800       0x18 Drivers/STM32F4xx_HAL_Driver/Src/stm32f4xx_hal_cortex.o
                0x0000000008001800                HAL_NVIC_EnableIRQ
 .text.HAL_SYSTICK_Config
                0x0000000008001818       0x2c Drivers/STM32F4xx_HAL_Driver/Src/stm32f4xx_hal_cortex.o
                0x0000000008001818                HAL_SYSTICK_Config
 .text.HAL_NVIC_ClearPendingIRQ
                0x0000000008001844       0x1c Drivers/STM32F4xx_HAL_Driver/Src/stm32f4xx_hal_cortex.o
                0x0000000008001844                HAL_NVIC_ClearPendingIRQ
 .text.HAL_SYSTICK_CLKSourceConfig
                0x0000000008001860       0x20 Drivers/STM32F4xx_HAL_Driver/Src/stm32f4xx_hal_cortex.o
                0x0000000008001860                HAL_SYSTICK_CLKSourceConfig
 .text.HAL_SYSTICK_Callback
                0x0000000008001880        0x2 Drivers/STM32F4xx_HAL_Driver/Src/stm32f4xx_hal_cortex.o
                0x0000000008001880                HAL_SYSTICK_Callback
 .text.HAL_SYSTICK_IRQHandler
                0x0000000008001882        0x8 Drivers/STM32F4xx_HAL_Driver/Src/stm32f4xx_hal_cortex.o
                0x0000000008001882                HAL_SYSTICK_IRQHandler
 *fill*         0x000000000800188a        0x2 
 .text.DMA_CalcBaseAndBitshift
                0x000000000800188c       0x3c Drivers/STM32F4xx_HAL_Driver/Src/stm32f4xx_hal_dma.o
 .text.DMA_CheckFifoParam
                0x00000000080018c8       0x8e Drivers/STM32F4xx_HAL_Driver/Src/stm32f4xx_hal_dma.o
 *fill*         0x0000000008001956        0x2 
 .text.HAL_DMA_Init
                0x0000000008001958       0xd0 Drivers/STM32F4xx_HAL_Driver/Src/stm32f4xx_hal_dma.o
                0x0000000008001958                HAL_DMA_Init
 .text.HAL_DMA_Abort_IT
                0x0000000008001a28       0x26 Drivers/STM32F4xx_HAL_Driver/Src/stm32f4xx_hal_dma.o
                0x0000000008001a28                HAL_DMA_Abort_IT
 *fill*         0x0000000008001a4e        0x2 
 .text.HAL_DMA_IRQHandler
                0x0000000008001a50      0x1e4 Drivers/STM32F4xx_HAL_Driver/Src/stm32f4xx_hal_dma.o
                0x0000000008001a50                HAL_DMA_IRQHandler
 .text.DMA2D_SetConfig
                0x0000000008001c34       0x9c Drivers/STM32F4xx_HAL_Driver/Src/stm32f4xx_hal_dma2d.o
 .text.HAL_DMA2D_Init
                0x0000000008001cd0       0x5a Drivers/STM32F4xx_HAL_Driver/Src/stm32f4xx_hal_dma2d.o
                0x0000000008001cd0                HAL_DMA2D_Init
 .text.HAL_DMA2D_Start
                0x0000000008001d2a       0x38 Drivers/STM32F4xx_HAL_Driver/Src/stm32f4xx_hal_dma2d.o
                0x0000000008001d2a                HAL_DMA2D_Start
 .text.HAL_DMA2D_PollForTransfer
                0x0000000008001d62      0x13e Drivers/STM32F4xx_HAL_Driver/Src/stm32f4xx_hal_dma2d.o
                0x0000000008001d62                HAL_DMA2D_PollForTransfer
 .text.HAL_DMA2D_ConfigLayer
                0x0000000008001ea0       0xf4 Drivers/STM32F4xx_HAL_Driver/Src/stm32f4xx_hal_dma2d.o
                0x0000000008001ea0                HAL_DMA2D_ConfigLayer
 .text.HAL_GPIO_Init
                0x0000000008001f94      0x1e4 Drivers/STM32F4xx_HAL_Driver/Src/stm32f4xx_hal_gpio.o
                0x0000000008001f94                HAL_GPIO_Init
 .text.HAL_GPIO_WritePin
                0x0000000008002178        0xc Drivers/STM32F4xx_HAL_Driver/Src/stm32f4xx_hal_gpio.o
                0x0000000008002178                HAL_GPIO_WritePin
 .text.HAL_GPIO_TogglePin
                0x0000000008002184        0x8 Drivers/STM32F4xx_HAL_Driver/Src/stm32f4xx_hal_gpio.o
                0x0000000008002184                HAL_GPIO_TogglePin
 .text.HAL_GPIO_EXTI_IRQHandler
                0x000000000800218c       0x1c Drivers/STM32F4xx_HAL_Driver/Src/stm32f4xx_hal_gpio.o
                0x000000000800218c                HAL_GPIO_EXTI_IRQHandler
 .text.I2C_IsAcknowledgeFailed
                0x00000000080021a8       0x2a Drivers/STM32F4xx_HAL_Driver/Src/stm32f4xx_hal_i2c.o
 .text.I2C_WaitOnFlagUntilTimeout
                0x00000000080021d2       0x68 Drivers/STM32F4xx_HAL_Driver/Src/stm32f4xx_hal_i2c.o
 .text.I2C_WaitOnMasterAddressFlagUntilTimeout
                0x000000000800223a       0x90 Drivers/STM32F4xx_HAL_Driver/Src/stm32f4xx_hal_i2c.o
 *fill*         0x00000000080022ca        0x2 
 .text.I2C_MasterRequestWrite
                0x00000000080022cc       0xbc Drivers/STM32F4xx_HAL_Driver/Src/stm32f4xx_hal_i2c.o
 .text.I2C_MasterRequestRead
                0x0000000008002388      0x120 Drivers/STM32F4xx_HAL_Driver/Src/stm32f4xx_hal_i2c.o
 .text.I2C_WaitOnTXEFlagUntilTimeout
                0x00000000080024a8       0x4e Drivers/STM32F4xx_HAL_Driver/Src/stm32f4xx_hal_i2c.o
 .text.I2C_WaitOnBTFFlagUntilTimeout
                0x00000000080024f6       0x4e Drivers/STM32F4xx_HAL_Driver/Src/stm32f4xx_hal_i2c.o
 .text.I2C_WaitOnRXNEFlagUntilTimeout
                0x0000000008002544       0x5c Drivers/STM32F4xx_HAL_Driver/Src/stm32f4xx_hal_i2c.o
 .text.HAL_I2C_Init
                0x00000000080025a0      0x11c Drivers/STM32F4xx_HAL_Driver/Src/stm32f4xx_hal_i2c.o
                0x00000000080025a0                HAL_I2C_Init
 .text.HAL_I2C_Master_Transmit
                0x00000000080026bc      0x184 Drivers/STM32F4xx_HAL_Driver/Src/stm32f4xx_hal_i2c.o
                0x00000000080026bc                HAL_I2C_Master_Transmit
 .text.HAL_I2C_Master_Receive
                0x0000000008002840      0x2f4 Drivers/STM32F4xx_HAL_Driver/Src/stm32f4xx_hal_i2c.o
                0x0000000008002840                HAL_I2C_Master_Receive
 .text.HAL_I2C_GetError
                0x0000000008002b34        0x4 Drivers/STM32F4xx_HAL_Driver/Src/stm32f4xx_hal_i2c.o
                0x0000000008002b34                HAL_I2C_GetError
 .text.HAL_I2CEx_ConfigAnalogFilter
                0x0000000008002b38       0x44 Drivers/STM32F4xx_HAL_Driver/Src/stm32f4xx_hal_i2c_ex.o
                0x0000000008002b38                HAL_I2CEx_ConfigAnalogFilter
 .text.LTDC_SetConfig
                0x0000000008002b7c      0x192 Drivers/STM32F4xx_HAL_Driver/Src/stm32f4xx_hal_ltdc.o
 *fill*         0x0000000008002d0e        0x2 
 .text.HAL_LTDC_Init
                0x0000000008002d10       0xf4 Drivers/STM32F4xx_HAL_Driver/Src/stm32f4xx_hal_ltdc.o
                0x0000000008002d10                HAL_LTDC_Init
 .text.HAL_LTDC_ErrorCallback
                0x0000000008002e04        0x2 Drivers/STM32F4xx_HAL_Driver/Src/stm32f4xx_hal_ltdc.o
                0x0000000008002e04                HAL_LTDC_ErrorCallback
 .text.HAL_LTDC_LineEventCallback
                0x0000000008002e06        0x2 Drivers/STM32F4xx_HAL_Driver/Src/stm32f4xx_hal_ltdc.o
                0x0000000008002e06                HAL_LTDC_LineEventCallback
 .text.HAL_LTDC_ReloadEventCallback
                0x0000000008002e08        0x2 Drivers/STM32F4xx_HAL_Driver/Src/stm32f4xx_hal_ltdc.o
                0x0000000008002e08                HAL_LTDC_ReloadEventCallback
 .text.HAL_LTDC_IRQHandler
                0x0000000008002e0a       0xda Drivers/STM32F4xx_HAL_Driver/Src/stm32f4xx_hal_ltdc.o
                0x0000000008002e0a                HAL_LTDC_IRQHandler
 .text.HAL_LTDC_ConfigLayer
                0x0000000008002ee4       0x5c Drivers/STM32F4xx_HAL_Driver/Src/stm32f4xx_hal_ltdc.o
                0x0000000008002ee4                HAL_LTDC_ConfigLayer
 .text.HAL_LTDC_SetAlpha
                0x0000000008002f40       0x42 Drivers/STM32F4xx_HAL_Driver/Src/stm32f4xx_hal_ltdc.o
                0x0000000008002f40                HAL_LTDC_SetAlpha
 *fill*         0x0000000008002f82        0x2 
 .text.HAL_LTDC_ProgramLineEvent
                0x0000000008002f84       0x48 Drivers/STM32F4xx_HAL_Driver/Src/stm32f4xx_hal_ltdc.o
                0x0000000008002f84                HAL_LTDC_ProgramLineEvent
 .text.HAL_PWREx_EnableOverDrive
                0x0000000008002fcc       0xa0 Drivers/STM32F4xx_HAL_Driver/Src/stm32f4xx_hal_pwr_ex.o
                0x0000000008002fcc                HAL_PWREx_EnableOverDrive
 .text.HAL_RCC_OscConfig
                0x000000000800306c      0x3b0 Drivers/STM32F4xx_HAL_Driver/Src/stm32f4xx_hal_rcc.o
                0x000000000800306c                HAL_RCC_OscConfig
 .text.HAL_RCC_GetSysClockFreq
                0x000000000800341c       0x94 Drivers/STM32F4xx_HAL_Driver/Src/stm32f4xx_hal_rcc.o
                0x000000000800341c                HAL_RCC_GetSysClockFreq
 .text.HAL_RCC_ClockConfig
                0x00000000080034b0      0x19c Drivers/STM32F4xx_HAL_Driver/Src/stm32f4xx_hal_rcc.o
                0x00000000080034b0                HAL_RCC_ClockConfig
 .text.HAL_RCC_GetHCLKFreq
                0x000000000800364c        0xc Drivers/STM32F4xx_HAL_Driver/Src/stm32f4xx_hal_rcc.o
                0x000000000800364c                HAL_RCC_GetHCLKFreq
 .text.HAL_RCC_GetPCLK1Freq
                0x0000000008003658       0x2c Drivers/STM32F4xx_HAL_Driver/Src/stm32f4xx_hal_rcc.o
                0x0000000008003658                HAL_RCC_GetPCLK1Freq
 .text.HAL_RCC_GetPCLK2Freq
                0x0000000008003684       0x2c Drivers/STM32F4xx_HAL_Driver/Src/stm32f4xx_hal_rcc.o
                0x0000000008003684                HAL_RCC_GetPCLK2Freq
 .text.HAL_RCCEx_PeriphCLKConfig
                0x00000000080036b0      0x2f8 Drivers/STM32F4xx_HAL_Driver/Src/stm32f4xx_hal_rcc_ex.o
                0x00000000080036b0                HAL_RCCEx_PeriphCLKConfig
 .text.HAL_SDRAM_MspInit
                0x00000000080039a8        0x2 Drivers/STM32F4xx_HAL_Driver/Src/stm32f4xx_hal_sdram.o
                0x00000000080039a8                HAL_SDRAM_MspInit
 .text.HAL_SDRAM_Init
                0x00000000080039aa       0x3e Drivers/STM32F4xx_HAL_Driver/Src/stm32f4xx_hal_sdram.o
                0x00000000080039aa                HAL_SDRAM_Init
 .text.HAL_SDRAM_SendCommand
                0x00000000080039e8       0x3a Drivers/STM32F4xx_HAL_Driver/Src/stm32f4xx_hal_sdram.o
                0x00000000080039e8                HAL_SDRAM_SendCommand
 .text.HAL_SDRAM_ProgramRefreshRate
                0x0000000008003a22       0x28 Drivers/STM32F4xx_HAL_Driver/Src/stm32f4xx_hal_sdram.o
                0x0000000008003a22                HAL_SDRAM_ProgramRefreshRate
 .text.HAL_SPI_Init
                0x0000000008003a4a       0x80 Drivers/STM32F4xx_HAL_Driver/Src/stm32f4xx_hal_spi.o
                0x0000000008003a4a                HAL_SPI_Init
 .text.UART_EndRxTransfer
                0x0000000008003aca       0x1c Drivers/STM32F4xx_HAL_Driver/Src/stm32f4xx_hal_uart.o
 .text.UART_Transmit_IT
                0x0000000008003ae6       0x6a Drivers/STM32F4xx_HAL_Driver/Src/stm32f4xx_hal_uart.o
 .text.UART_SetConfig
                0x0000000008003b50      0x344 Drivers/STM32F4xx_HAL_Driver/Src/stm32f4xx_hal_uart.o
 .text.UART_WaitOnFlagUntilTimeout
                0x0000000008003e94       0x64 Drivers/STM32F4xx_HAL_Driver/Src/stm32f4xx_hal_uart.o
 .text.HAL_UART_Init
                0x0000000008003ef8       0x5e Drivers/STM32F4xx_HAL_Driver/Src/stm32f4xx_hal_uart.o
                0x0000000008003ef8                HAL_UART_Init
 .text.HAL_UART_Transmit
                0x0000000008003f56       0xe2 Drivers/STM32F4xx_HAL_Driver/Src/stm32f4xx_hal_uart.o
                0x0000000008003f56                HAL_UART_Transmit
 .text.HAL_UART_Receive_IT
                0x0000000008004038       0x52 Drivers/STM32F4xx_HAL_Driver/Src/stm32f4xx_hal_uart.o
                0x0000000008004038                HAL_UART_Receive_IT
 .text.HAL_UART_TxCpltCallback
                0x000000000800408a        0x2 Drivers/STM32F4xx_HAL_Driver/Src/stm32f4xx_hal_uart.o
                0x000000000800408a                HAL_UART_TxCpltCallback
 .text.UART_EndTransmit_IT
                0x000000000800408c       0x1a Drivers/STM32F4xx_HAL_Driver/Src/stm32f4xx_hal_uart.o
 .text.UART_Receive_IT
                0x00000000080040a6       0x94 Drivers/STM32F4xx_HAL_Driver/Src/stm32f4xx_hal_uart.o
 .text.HAL_UART_ErrorCallback
                0x000000000800413a        0x2 Drivers/STM32F4xx_HAL_Driver/Src/stm32f4xx_hal_uart.o
                0x000000000800413a                HAL_UART_ErrorCallback
 .text.HAL_UART_IRQHandler
                0x000000000800413c      0x120 Drivers/STM32F4xx_HAL_Driver/Src/stm32f4xx_hal_uart.o
                0x000000000800413c                HAL_UART_IRQHandler
 .text.UART_DMAAbortOnError
                0x000000000800425c       0x10 Drivers/STM32F4xx_HAL_Driver/Src/stm32f4xx_hal_uart.o
 .text.FMC_SDRAM_Init
                0x000000000800426c       0x78 Drivers/STM32F4xx_HAL_Driver/Src/stm32f4xx_ll_fmc.o
                0x000000000800426c                FMC_SDRAM_Init
 .text.FMC_SDRAM_Timing_Init
                0x00000000080042e4       0x96 Drivers/STM32F4xx_HAL_Driver/Src/stm32f4xx_ll_fmc.o
                0x00000000080042e4                FMC_SDRAM_Timing_Init
 .text.FMC_SDRAM_SendCommand
                0x000000000800437a       0x54 Drivers/STM32F4xx_HAL_Driver/Src/stm32f4xx_ll_fmc.o
                0x000000000800437a                FMC_SDRAM_SendCommand
 .text.FMC_SDRAM_ProgramRefreshRate
                0x00000000080043ce        0xc Drivers/STM32F4xx_HAL_Driver/Src/stm32f4xx_ll_fmc.o
                0x00000000080043ce                FMC_SDRAM_ProgramRefreshRate
 .text.TM_BUFFER_GetFree
                0x00000000080043da       0x28 Drivers/TM_Bibliothek/tm_stm32_buffer.o
                0x00000000080043da                TM_BUFFER_GetFree
 .text.TM_BUFFER_Write
                0x0000000008004402       0x7e Drivers/TM_Bibliothek/tm_stm32_buffer.o
                0x0000000008004402                TM_BUFFER_Write
 .text.TM_DELAY_Init
                0x0000000008004480       0x3c Drivers/TM_Bibliothek/tm_stm32_delay.o
                0x0000000008004480                TM_DELAY_Init
 .text.TM_DELAY_1msHandler
                0x00000000080044bc        0x2 Drivers/TM_Bibliothek/tm_stm32_delay.o
                0x00000000080044bc                TM_DELAY_1msHandler
 *fill*         0x00000000080044be        0x2 
 .text.HAL_IncTick
                0x00000000080044c0       0x84 Drivers/TM_Bibliothek/tm_stm32_delay.o
                0x00000000080044c0                HAL_IncTick
 .text.HAL_GetTick
                0x0000000008004544        0xc Drivers/TM_Bibliothek/tm_stm32_delay.o
                0x0000000008004544                HAL_GetTick
 .text.HAL_Delay
                0x0000000008004550       0x34 Drivers/TM_Bibliothek/tm_stm32_delay.o
                0x0000000008004550                HAL_Delay
 .text.TM_DMA_ClearFlag
                0x0000000008004584       0x58 Drivers/TM_Bibliothek/tm_stm32_dma.o
                0x0000000008004584                TM_DMA_ClearFlag
 .text.TM_DMA_GetFlags
                0x00000000080045dc       0x58 Drivers/TM_Bibliothek/tm_stm32_dma.o
                0x00000000080045dc                TM_DMA_GetFlags
 .text.TM_DMA_TransferCompleteHandler
                0x0000000008004634        0x2 Drivers/TM_Bibliothek/tm_stm32_dma.o
                0x0000000008004634                TM_DMA_TransferCompleteHandler
 .text.TM_DMA_HalfTransferCompleteHandler
                0x0000000008004636        0x2 Drivers/TM_Bibliothek/tm_stm32_dma.o
                0x0000000008004636                TM_DMA_HalfTransferCompleteHandler
 .text.TM_DMA_TransferErrorHandler
                0x0000000008004638        0x2 Drivers/TM_Bibliothek/tm_stm32_dma.o
                0x0000000008004638                TM_DMA_TransferErrorHandler
 .text.TM_DMA_DirectModeErrorHandler
                0x000000000800463a        0x2 Drivers/TM_Bibliothek/tm_stm32_dma.o
                0x000000000800463a                TM_DMA_DirectModeErrorHandler
 .text.TM_DMA_FIFOErrorHandler
                0x000000000800463c        0x2 Drivers/TM_Bibliothek/tm_stm32_dma.o
                0x000000000800463c                TM_DMA_FIFOErrorHandler
 .text.TM_DMA_INT_ProcessInterrupt
                0x000000000800463e       0x84 Drivers/TM_Bibliothek/tm_stm32_dma.o
 *fill*         0x00000000080046c2        0x2 
 .text.DMA1_Stream0_IRQHandler
                0x00000000080046c4       0x10 Drivers/TM_Bibliothek/tm_stm32_dma.o
                0x00000000080046c4                DMA1_Stream0_IRQHandler
 .text.DMA1_Stream1_IRQHandler
                0x00000000080046d4       0x10 Drivers/TM_Bibliothek/tm_stm32_dma.o
                0x00000000080046d4                DMA1_Stream1_IRQHandler
 .text.DMA1_Stream2_IRQHandler
                0x00000000080046e4       0x10 Drivers/TM_Bibliothek/tm_stm32_dma.o
                0x00000000080046e4                DMA1_Stream2_IRQHandler
 .text.DMA1_Stream3_IRQHandler
                0x00000000080046f4       0x10 Drivers/TM_Bibliothek/tm_stm32_dma.o
                0x00000000080046f4                DMA1_Stream3_IRQHandler
 .text.DMA1_Stream4_IRQHandler
                0x0000000008004704       0x10 Drivers/TM_Bibliothek/tm_stm32_dma.o
                0x0000000008004704                DMA1_Stream4_IRQHandler
 .text.DMA1_Stream5_IRQHandler
                0x0000000008004714       0x10 Drivers/TM_Bibliothek/tm_stm32_dma.o
                0x0000000008004714                DMA1_Stream5_IRQHandler
 .text.DMA1_Stream6_IRQHandler
                0x0000000008004724       0x10 Drivers/TM_Bibliothek/tm_stm32_dma.o
                0x0000000008004724                DMA1_Stream6_IRQHandler
 .text.DMA1_Stream7_IRQHandler
                0x0000000008004734       0x10 Drivers/TM_Bibliothek/tm_stm32_dma.o
                0x0000000008004734                DMA1_Stream7_IRQHandler
 .text.DMA2_Stream0_IRQHandler
                0x0000000008004744       0x10 Drivers/TM_Bibliothek/tm_stm32_dma.o
                0x0000000008004744                DMA2_Stream0_IRQHandler
 .text.DMA2_Stream1_IRQHandler
                0x0000000008004754       0x10 Drivers/TM_Bibliothek/tm_stm32_dma.o
                0x0000000008004754                DMA2_Stream1_IRQHandler
 .text.DMA2_Stream4_IRQHandler
                0x0000000008004764       0x10 Drivers/TM_Bibliothek/tm_stm32_dma.o
                0x0000000008004764                DMA2_Stream4_IRQHandler
 .text.DMA2_Stream5_IRQHandler
                0x0000000008004774       0x10 Drivers/TM_Bibliothek/tm_stm32_dma.o
                0x0000000008004774                DMA2_Stream5_IRQHandler
 .text.DMA2_Stream6_IRQHandler
                0x0000000008004784       0x10 Drivers/TM_Bibliothek/tm_stm32_dma.o
                0x0000000008004784                DMA2_Stream6_IRQHandler
 .text.DMA2D_Convert565ToARGB8888
                0x0000000008004794        0xc Drivers/TM_Bibliothek/tm_stm32_dma2d_graphic.o
 .text.TM_DMA2DGRAPHIC_Init
                0x00000000080047a0       0x6c Drivers/TM_Bibliothek/tm_stm32_dma2d_graphic.o
                0x00000000080047a0                TM_DMA2DGRAPHIC_Init
 .text.TM_DMA2DGRAPHIC_SetLayer
                0x000000000800480c       0x14 Drivers/TM_Bibliothek/tm_stm32_dma2d_graphic.o
                0x000000000800480c                TM_DMA2DGRAPHIC_SetLayer
 .text.TM_DMA2DGRAPHIC_DrawPixel
                0x0000000008004820       0xb4 Drivers/TM_Bibliothek/tm_stm32_dma2d_graphic.o
                0x0000000008004820                TM_DMA2DGRAPHIC_DrawPixel
 .text.TM_DMA2DGRAPHIC_SetOrientation
                0x00000000080048d4       0x30 Drivers/TM_Bibliothek/tm_stm32_dma2d_graphic.o
                0x00000000080048d4                TM_DMA2DGRAPHIC_SetOrientation
 .text.TM_DMA2DGRAPHIC_Fill
                0x0000000008004904       0x68 Drivers/TM_Bibliothek/tm_stm32_dma2d_graphic.o
                0x0000000008004904                TM_DMA2DGRAPHIC_Fill
 .text.TM_INT_DMA2DGRAPHIC_SetConf
                0x000000000800496c       0x44 Drivers/TM_Bibliothek/tm_stm32_dma2d_graphic.o
                0x000000000800496c                TM_INT_DMA2DGRAPHIC_SetConf
 .text.TM_INT_DMA2DGRAPHIC_InitAndTransfer
                0x00000000080049b0       0x98 Drivers/TM_Bibliothek/tm_stm32_dma2d_graphic.o
                0x00000000080049b0                TM_INT_DMA2DGRAPHIC_InitAndTransfer
 .text.TM_INT_DMA2DGRAPHIC_SetMemory
                0x0000000008004a48       0x38 Drivers/TM_Bibliothek/tm_stm32_dma2d_graphic.o
                0x0000000008004a48                TM_INT_DMA2DGRAPHIC_SetMemory
 .text.TM_DMA2DGRAPHIC_DrawFilledRectangle
                0x0000000008004a80      0x130 Drivers/TM_Bibliothek/tm_stm32_dma2d_graphic.o
                0x0000000008004a80                TM_DMA2DGRAPHIC_DrawFilledRectangle
 .text.TM_GPIO_GetPortSource
                0x0000000008004bb0        0xe Drivers/TM_Bibliothek/tm_stm32_gpio.o
                0x0000000008004bb0                TM_GPIO_GetPortSource
 *fill*         0x0000000008004bbe        0x2 
 .text.TM_GPIO_INT_EnableClock
                0x0000000008004bc0       0x1c Drivers/TM_Bibliothek/tm_stm32_gpio.o
                0x0000000008004bc0                TM_GPIO_INT_EnableClock
 .text.TM_GPIO_INT_Init
                0x0000000008004bdc       0xa8 Drivers/TM_Bibliothek/tm_stm32_gpio.o
                0x0000000008004bdc                TM_GPIO_INT_Init
 .text.TM_GPIO_Init
                0x0000000008004c84       0x30 Drivers/TM_Bibliothek/tm_stm32_gpio.o
                0x0000000008004c84                TM_GPIO_Init
 .text.TM_GPIO_InitAlternate
                0x0000000008004cb4       0x6c Drivers/TM_Bibliothek/tm_stm32_gpio.o
                0x0000000008004cb4                TM_GPIO_InitAlternate
 .text.TM_I2C_FillSettings
                0x0000000008004d20       0x18 Drivers/TM_Bibliothek/tm_stm32_i2c.o
 .text.TM_I2C_GetHandle
                0x0000000008004d38       0x38 Drivers/TM_Bibliothek/tm_stm32_i2c.o
                0x0000000008004d38                TM_I2C_GetHandle
 .text.TM_I2C_Read
                0x0000000008004d70       0x56 Drivers/TM_Bibliothek/tm_stm32_i2c.o
                0x0000000008004d70                TM_I2C_Read
 .text.TM_I2C_ReadMulti
                0x0000000008004dc6       0x58 Drivers/TM_Bibliothek/tm_stm32_i2c.o
                0x0000000008004dc6                TM_I2C_ReadMulti
 .text.TM_I2C_Write
                0x0000000008004e1e       0x3a Drivers/TM_Bibliothek/tm_stm32_i2c.o
                0x0000000008004e1e                TM_I2C_Write
 .text.TM_I2C_InitCustomPinsCallback
                0x0000000008004e58        0x2 Drivers/TM_Bibliothek/tm_stm32_i2c.o
                0x0000000008004e58                TM_I2C_InitCustomPinsCallback
 *fill*         0x0000000008004e5a        0x2 
 .text.TM_I2C1_INT_InitPins
                0x0000000008004e5c       0x70 Drivers/TM_Bibliothek/tm_stm32_i2c.o
 .text.TM_I2C2_INT_InitPins
                0x0000000008004ecc       0x74 Drivers/TM_Bibliothek/tm_stm32_i2c.o
 .text.TM_I2C3_INT_InitPins
                0x0000000008004f40       0x70 Drivers/TM_Bibliothek/tm_stm32_i2c.o
 .text.TM_I2C_Init
                0x0000000008004fb0       0xb0 Drivers/TM_Bibliothek/tm_stm32_i2c.o
                0x0000000008004fb0                TM_I2C_Init
 .text.TM_ILI9341_SendCommand
                0x0000000008005060       0x64 Drivers/TM_Bibliothek/tm_stm32_lcd.o
 .text.TM_ILI9341_Delay
                0x00000000080050c4       0x16 Drivers/TM_Bibliothek/tm_stm32_lcd.o
 *fill*         0x00000000080050da        0x2 
 .text.TM_LCD_INT_InitPins
                0x00000000080050dc       0xec Drivers/TM_Bibliothek/tm_stm32_lcd.o
 .text.TM_LCD_INT_InitLTDC
                0x00000000080051c8       0xb0 Drivers/TM_Bibliothek/tm_stm32_lcd.o
 .text.TM_LCD_INT_InitLayers
                0x0000000008005278       0x80 Drivers/TM_Bibliothek/tm_stm32_lcd.o
 .text.TM_ILI9341_SendData
                0x00000000080052f8       0x64 Drivers/TM_Bibliothek/tm_stm32_lcd.o
 .text.TM_LCD_INT_InitLCD
                0x000000000800535c      0x2a8 Drivers/TM_Bibliothek/tm_stm32_lcd.o
 .text.TM_LCD_Fill
                0x0000000008005604        0xa Drivers/TM_Bibliothek/tm_stm32_lcd.o
                0x0000000008005604                TM_LCD_Fill
 *fill*         0x000000000800560e        0x2 
 .text.TM_LCD_SetOrientation
                0x0000000008005610       0x44 Drivers/TM_Bibliothek/tm_stm32_lcd.o
                0x0000000008005610                TM_LCD_SetOrientation
 .text.TM_LCD_DisplayOn
                0x0000000008005654       0x1c Drivers/TM_Bibliothek/tm_stm32_lcd.o
                0x0000000008005654                TM_LCD_DisplayOn
 .text.TM_LCD_SetXY
                0x0000000008005670       0x34 Drivers/TM_Bibliothek/tm_stm32_lcd.o
                0x0000000008005670                TM_LCD_SetXY
 .text.TM_LCD_GetCurrentX
                0x00000000080056a4        0xc Drivers/TM_Bibliothek/tm_stm32_lcd.o
                0x00000000080056a4                TM_LCD_GetCurrentX
 .text.TM_LCD_GetCurrentY
                0x00000000080056b0        0xc Drivers/TM_Bibliothek/tm_stm32_lcd.o
                0x00000000080056b0                TM_LCD_GetCurrentY
 .text.TM_LCD_SetFont
                0x00000000080056bc       0x10 Drivers/TM_Bibliothek/tm_stm32_lcd.o
                0x00000000080056bc                TM_LCD_SetFont
 .text.TM_LCD_SetColors
                0x00000000080056cc       0x14 Drivers/TM_Bibliothek/tm_stm32_lcd.o
                0x00000000080056cc                TM_LCD_SetColors
 .text.TM_LCD_Putc
                0x00000000080056e0       0xe0 Drivers/TM_Bibliothek/tm_stm32_lcd.o
                0x00000000080056e0                TM_LCD_Putc
 .text.TM_LCD_Puts
                0x00000000080057c0       0x18 Drivers/TM_Bibliothek/tm_stm32_lcd.o
                0x00000000080057c0                TM_LCD_Puts
 .text.TM_LCD_SetLayer1
                0x00000000080057d8       0x20 Drivers/TM_Bibliothek/tm_stm32_lcd.o
                0x00000000080057d8                TM_LCD_SetLayer1
 .text.TM_LCD_SetLayer2
                0x00000000080057f8       0x24 Drivers/TM_Bibliothek/tm_stm32_lcd.o
                0x00000000080057f8                TM_LCD_SetLayer2
 .text.TM_LCD_SetLayer1Opacity
                0x000000000800581c       0x14 Drivers/TM_Bibliothek/tm_stm32_lcd.o
                0x000000000800581c                TM_LCD_SetLayer1Opacity
 .text.TM_LCD_SetLayer2Opacity
                0x0000000008005830       0x14 Drivers/TM_Bibliothek/tm_stm32_lcd.o
                0x0000000008005830                TM_LCD_SetLayer2Opacity
 .text.TM_LCD_Init
                0x0000000008005844       0xc4 Drivers/TM_Bibliothek/tm_stm32_lcd.o
                0x0000000008005844                TM_LCD_Init
 .text.TM_LCD_DrawFilledRectangle
                0x0000000008005908       0x12 Drivers/TM_Bibliothek/tm_stm32_lcd.o
                0x0000000008005908                TM_LCD_DrawFilledRectangle
 *fill*         0x000000000800591a        0x2 
 .text.LTDC_IRQHandler
                0x000000000800591c       0x10 Drivers/TM_Bibliothek/tm_stm32_lcd.o
                0x000000000800591c                LTDC_IRQHandler
 .text.TM_SDRAM_InitCustomPinsCallback
                0x000000000800592c        0x4 Drivers/TM_Bibliothek/tm_stm32_sdram.o
                0x000000000800592c                TM_SDRAM_InitCustomPinsCallback
 .text.TM_SDRAM_InitPins
                0x0000000008005930       0x98 Drivers/TM_Bibliothek/tm_stm32_sdram.o
 .text.TM_SDRAM_Init
                0x00000000080059c8      0x138 Drivers/TM_Bibliothek/tm_stm32_sdram.o
                0x00000000080059c8                TM_SDRAM_Init
 .text.TM_SPI_InitCustomPinsCallback
                0x0000000008005b00        0x2 Drivers/TM_Bibliothek/tm_stm32_spi.o
                0x0000000008005b00                TM_SPI_InitCustomPinsCallback
 *fill*         0x0000000008005b02        0x2 
 .text.TM_SPI1_INT_InitPins
                0x0000000008005b04       0x58 Drivers/TM_Bibliothek/tm_stm32_spi.o
                0x0000000008005b04                TM_SPI1_INT_InitPins
 .text.TM_SPI2_INT_InitPins
                0x0000000008005b5c       0xbc Drivers/TM_Bibliothek/tm_stm32_spi.o
                0x0000000008005b5c                TM_SPI2_INT_InitPins
 .text.TM_SPI3_INT_InitPins
                0x0000000008005c18       0x5c Drivers/TM_Bibliothek/tm_stm32_spi.o
                0x0000000008005c18                TM_SPI3_INT_InitPins
 .text.TM_SPI4_INT_InitPins
                0x0000000008005c74       0x5c Drivers/TM_Bibliothek/tm_stm32_spi.o
                0x0000000008005c74                TM_SPI4_INT_InitPins
 .text.TM_SPI5_INT_InitPins
                0x0000000008005cd0       0x6c Drivers/TM_Bibliothek/tm_stm32_spi.o
                0x0000000008005cd0                TM_SPI5_INT_InitPins
 .text.TM_SPI6_INT_InitPins
                0x0000000008005d3c       0x3c Drivers/TM_Bibliothek/tm_stm32_spi.o
                0x0000000008005d3c                TM_SPI6_INT_InitPins
 .text.TM_SPIx_Init
                0x0000000008005d78      0x1c0 Drivers/TM_Bibliothek/tm_stm32_spi.o
 .text.TM_SPI_Init
                0x0000000008005f38       0xcc Drivers/TM_Bibliothek/tm_stm32_spi.o
                0x0000000008005f38                TM_SPI_Init
 .text.TM_USART_INT_ClearAllFlags
                0x0000000008006004       0x4e Drivers/TM_Bibliothek/tm_stm32_usart.o
 .text.TM_USART_INT_InsertToBuffer
                0x0000000008006052       0x18 Drivers/TM_Bibliothek/tm_stm32_usart.o
 *fill*         0x000000000800606a        0x2 
 .text.USART2_IRQHandler
                0x000000000800606c       0x2c Drivers/TM_Bibliothek/tm_stm32_usart.o
                0x000000000800606c                USART2_IRQHandler
 .text.USART3_IRQHandler
                0x0000000008006098       0x2c Drivers/TM_Bibliothek/tm_stm32_usart.o
                0x0000000008006098                USART3_IRQHandler
 .text.UART4_IRQHandler
                0x00000000080060c4       0x2c Drivers/TM_Bibliothek/tm_stm32_usart.o
                0x00000000080060c4                UART4_IRQHandler
 .text.UART5_IRQHandler
                0x00000000080060f0       0x2c Drivers/TM_Bibliothek/tm_stm32_usart.o
                0x00000000080060f0                UART5_IRQHandler
 .text.USART6_IRQHandler
                0x000000000800611c       0x2c Drivers/TM_Bibliothek/tm_stm32_usart.o
                0x000000000800611c                USART6_IRQHandler
 .text.UART7_IRQHandler
                0x0000000008006148       0x2c Drivers/TM_Bibliothek/tm_stm32_usart.o
                0x0000000008006148                UART7_IRQHandler
 .text.UART8_IRQHandler
                0x0000000008006174       0x2c Drivers/TM_Bibliothek/tm_stm32_usart.o
                0x0000000008006174                UART8_IRQHandler
 .text.TM_STMPE811_Read
                0x00000000080061a0       0x20 Drivers/TM_Bibliothek/tm_stm32f4_stmpe811.o
                0x00000000080061a0                TM_STMPE811_Read
 .text.TM_STMPE811_Init
                0x00000000080061c0      0x1a0 Drivers/TM_Bibliothek/tm_stm32f4_stmpe811.o
                0x00000000080061c0                TM_STMPE811_Init
 .text.TM_STMPE811_ReadX
                0x0000000008006360       0x70 Drivers/TM_Bibliothek/tm_stm32f4_stmpe811.o
                0x0000000008006360                TM_STMPE811_ReadX
 .text.TM_STMPE811_ReadY
                0x00000000080063d0       0x60 Drivers/TM_Bibliothek/tm_stm32f4_stmpe811.o
                0x00000000080063d0                TM_STMPE811_ReadY
 .text.TM_STMPE811_ReadTouch
                0x0000000008006430      0x104 Drivers/TM_Bibliothek/tm_stm32f4_stmpe811.o
                0x0000000008006430                TM_STMPE811_ReadTouch
 .text.MX_GPIO_Init
                0x0000000008006534      0x24c Src/main.o
 .text.HAL_GPIO_EXTI_Callback
                0x0000000008006780      0x220 Src/main.o
                0x0000000008006780                HAL_GPIO_EXTI_Callback
 .text.HAL_UART_RxCpltCallback
                0x00000000080069a0       0xb0 Src/main.o
                0x00000000080069a0                HAL_UART_RxCpltCallback
 .text._Error_Handler
                0x0000000008006a50        0x2 Src/main.o
                0x0000000008006a50                _Error_Handler
 *fill*         0x0000000008006a52        0x2 
 .text.MX_DMA_Init
                0x0000000008006a54       0x90 Src/main.o
 .text.MX_SPI3_Init
                0x0000000008006ae4       0x4c Src/main.o
 .text.MX_USART1_UART_Init
                0x0000000008006b30       0x3c Src/main.o
 .text.MX_DMA2D_Init
                0x0000000008006b6c       0x4c Src/main.o
 .text.MX_FMC_Init
                0x0000000008006bb8       0x5c Src/main.o
 .text.MX_SPI5_Init
                0x0000000008006c14       0x4c Src/main.o
 .text.MX_LTDC_Init
                0x0000000008006c60       0xac Src/main.o
 .text.MX_I2C3_Init
                0x0000000008006d0c       0x40 Src/main.o
 .text.SystemClock_Config
                0x0000000008006d4c       0xfc Src/main.o
                0x0000000008006d4c                SystemClock_Config
 .text.main     0x0000000008006e48      0x16c Src/main.o
                0x0000000008006e48                main
 .text.HAL_MspInit
                0x0000000008006fb4       0x5e Src/stm32f4xx_hal_msp.o
                0x0000000008006fb4                HAL_MspInit
 *fill*         0x0000000008007012        0x2 
 .text.HAL_DMA2D_MspInit
                0x0000000008007014       0x30 Src/stm32f4xx_hal_msp.o
                0x0000000008007014                HAL_DMA2D_MspInit
 .text.HAL_I2C_MspInit
                0x0000000008007044       0x74 Src/stm32f4xx_hal_msp.o
                0x0000000008007044                HAL_I2C_MspInit
 .text.HAL_LTDC_MspInit
                0x00000000080070b8      0x108 Src/stm32f4xx_hal_msp.o
                0x00000000080070b8                HAL_LTDC_MspInit
 .text.HAL_SPI_MspInit
                0x00000000080071c0       0xac Src/stm32f4xx_hal_msp.o
                0x00000000080071c0                HAL_SPI_MspInit
 .text.HAL_UART_MspInit
                0x000000000800726c       0xf4 Src/stm32f4xx_hal_msp.o
                0x000000000800726c                HAL_UART_MspInit
 .text.SVC_Handler
                0x0000000008007360        0x2 Src/stm32f4xx_it.o
                0x0000000008007360                SVC_Handler
 .text.PendSV_Handler
                0x0000000008007362        0x2 Src/stm32f4xx_it.o
                0x0000000008007362                PendSV_Handler
 .text.SysTick_Handler
                0x0000000008007364        0xc Src/stm32f4xx_it.o
                0x0000000008007364                SysTick_Handler
 .text.EXTI0_IRQHandler
                0x0000000008007370        0xa Src/stm32f4xx_it.o
                0x0000000008007370                EXTI0_IRQHandler
 .text.EXTI2_IRQHandler
                0x000000000800737a        0xa Src/stm32f4xx_it.o
                0x000000000800737a                EXTI2_IRQHandler
 .text.EXTI3_IRQHandler
                0x0000000008007384        0xa Src/stm32f4xx_it.o
                0x0000000008007384                EXTI3_IRQHandler
 .text.EXTI4_IRQHandler
                0x000000000800738e        0xa Src/stm32f4xx_it.o
                0x000000000800738e                EXTI4_IRQHandler
 .text.USART1_IRQHandler
                0x0000000008007398       0x10 Src/stm32f4xx_it.o
                0x0000000008007398                USART1_IRQHandler
 .text.EXTI15_10_IRQHandler
                0x00000000080073a8        0xc Src/stm32f4xx_it.o
                0x00000000080073a8                EXTI15_10_IRQHandler
 .text.DMA2_Stream2_IRQHandler
                0x00000000080073b4       0x10 Src/stm32f4xx_it.o
                0x00000000080073b4                DMA2_Stream2_IRQHandler
 .text.DMA2_Stream7_IRQHandler
                0x00000000080073c4       0x10 Src/stm32f4xx_it.o
                0x00000000080073c4                DMA2_Stream7_IRQHandler
 .text.SystemInit
                0x00000000080073d4       0x4c Src/system_stm32f4xx.o
                0x00000000080073d4                SystemInit
 .text.Reset_Handler
                0x0000000008007420       0x50 startup/startup_stm32f429xx.o
                0x0000000008007420                Reset_Handler
 .text.Default_Handler
                0x0000000008007470        0x2 startup/startup_stm32f429xx.o
                0x0000000008007470                RTC_Alarm_IRQHandler
                0x0000000008007470                HASH_RNG_IRQHandler
                0x0000000008007470                TIM8_CC_IRQHandler
                0x0000000008007470                DebugMon_Handler
                0x0000000008007470                SPI4_IRQHandler
                0x0000000008007470                TIM1_CC_IRQHandler
                0x0000000008007470                HardFault_Handler
                0x0000000008007470                PVD_IRQHandler
                0x0000000008007470                SDIO_IRQHandler
                0x0000000008007470                TAMP_STAMP_IRQHandler
                0x0000000008007470                NMI_Handler
                0x0000000008007470                CAN2_RX1_IRQHandler
                0x0000000008007470                TIM8_TRG_COM_TIM14_IRQHandler
                0x0000000008007470                TIM1_UP_TIM10_IRQHandler
                0x0000000008007470                TIM8_UP_TIM13_IRQHandler
                0x0000000008007470                I2C3_ER_IRQHandler
                0x0000000008007470                I2C2_EV_IRQHandler
                0x0000000008007470                CAN1_RX0_IRQHandler
                0x0000000008007470                FPU_IRQHandler
                0x0000000008007470                OTG_HS_WKUP_IRQHandler
                0x0000000008007470                UsageFault_Handler
                0x0000000008007470                LTDC_ER_IRQHandler
                0x0000000008007470                CAN2_SCE_IRQHandler
                0x0000000008007470                SPI1_IRQHandler
                0x0000000008007470                TIM6_DAC_IRQHandler
                0x0000000008007470                TIM1_BRK_TIM9_IRQHandler
                0x0000000008007470                DCMI_IRQHandler
                0x0000000008007470                CAN2_RX0_IRQHandler
                0x0000000008007470                DMA2_Stream3_IRQHandler
                0x0000000008007470                CAN1_RX1_IRQHandler
                0x0000000008007470                TIM4_IRQHandler
                0x0000000008007470                I2C1_EV_IRQHandler
                0x0000000008007470                TIM3_IRQHandler
                0x0000000008007470                RCC_IRQHandler
                0x0000000008007470                TIM8_BRK_TIM12_IRQHandler
                0x0000000008007470                Default_Handler
                0x0000000008007470                ADC_IRQHandler
                0x0000000008007470                SPI5_IRQHandler
                0x0000000008007470                TIM7_IRQHandler
                0x0000000008007470                CAN2_TX_IRQHandler
                0x0000000008007470                TIM5_IRQHandler
                0x0000000008007470                I2C3_EV_IRQHandler
                0x0000000008007470                EXTI9_5_IRQHandler
                0x0000000008007470                RTC_WKUP_IRQHandler
                0x0000000008007470                ETH_WKUP_IRQHandler
                0x0000000008007470                SPI2_IRQHandler
                0x0000000008007470                OTG_HS_EP1_IN_IRQHandler
                0x0000000008007470                MemManage_Handler
                0x0000000008007470                CAN1_TX_IRQHandler
                0x0000000008007470                ETH_IRQHandler
                0x0000000008007470                OTG_HS_EP1_OUT_IRQHandler
                0x0000000008007470                WWDG_IRQHandler
                0x0000000008007470                SPI6_IRQHandler
                0x0000000008007470                TIM2_IRQHandler
                0x0000000008007470                OTG_FS_WKUP_IRQHandler
                0x0000000008007470                TIM1_TRG_COM_TIM11_IRQHandler
                0x0000000008007470                OTG_HS_IRQHandler
                0x0000000008007470                DMA2D_IRQHandler
                0x0000000008007470                EXTI1_IRQHandler
                0x0000000008007470                I2C2_ER_IRQHandler
                0x0000000008007470                CAN1_SCE_IRQHandler
                0x0000000008007470                FLASH_IRQHandler
                0x0000000008007470                BusFault_Handler
                0x0000000008007470                OTG_FS_IRQHandler
                0x0000000008007470                SPI3_IRQHandler
                0x0000000008007470                I2C1_ER_IRQHandler
                0x0000000008007470                FMC_IRQHandler
                0x0000000008007470                SAI1_IRQHandler
 *fill*         0x0000000008007472        0x2 
 .text.__libc_init_array
                0x0000000008007474       0x48 /mnt/Speicher/STM32_IDE/plugins/fr.ac6.mcu.externaltools.arm-none.linux64_1.15.0.201708311556/tools/compiler/bin/../lib/gcc/arm-none-eabi/6.3.1/../../../../arm-none-eabi/lib/thumb/v7e-m/fpv4-sp/hard/libc_nano.a(lib_a-init.o)
                0x0000000008007474                __libc_init_array
 .text.memcpy   0x00000000080074bc       0x16 /mnt/Speicher/STM32_IDE/plugins/fr.ac6.mcu.externaltools.arm-none.linux64_1.15.0.201708311556/tools/compiler/bin/../lib/gcc/arm-none-eabi/6.3.1/../../../../arm-none-eabi/lib/thumb/v7e-m/fpv4-sp/hard/libc_nano.a(lib_a-memcpy-stub.o)
                0x00000000080074bc                memcpy
 .text.memset   0x00000000080074d2       0x10 /mnt/Speicher/STM32_IDE/plugins/fr.ac6.mcu.externaltools.arm-none.linux64_1.15.0.201708311556/tools/compiler/bin/../lib/gcc/arm-none-eabi/6.3.1/../../../../arm-none-eabi/lib/thumb/v7e-m/fpv4-sp/hard/libc_nano.a(lib_a-memset.o)
                0x00000000080074d2                memset
 *fill*         0x00000000080074e2        0x2 
 .text._free_r  0x00000000080074e4       0x9c /mnt/Speicher/STM32_IDE/plugins/fr.ac6.mcu.externaltools.arm-none.linux64_1.15.0.201708311556/tools/compiler/bin/../lib/gcc/arm-none-eabi/6.3.1/../../../../arm-none-eabi/lib/thumb/v7e-m/fpv4-sp/hard/libc_nano.a(lib_a-nano-freer.o)
                0x00000000080074e4                _free_r
 .text._malloc_r
                0x0000000008007580       0xbc /mnt/Speicher/STM32_IDE/plugins/fr.ac6.mcu.externaltools.arm-none.linux64_1.15.0.201708311556/tools/compiler/bin/../lib/gcc/arm-none-eabi/6.3.1/../../../../arm-none-eabi/lib/thumb/v7e-m/fpv4-sp/hard/libc_nano.a(lib_a-nano-mallocr.o)
                0x0000000008007580                _malloc_r
 .text._sbrk_r  0x000000000800763c       0x20 /mnt/Speicher/STM32_IDE/plugins/fr.ac6.mcu.externaltools.arm-none.linux64_1.15.0.201708311556/tools/compiler/bin/../lib/gcc/arm-none-eabi/6.3.1/../../../../arm-none-eabi/lib/thumb/v7e-m/fpv4-sp/hard/libc_nano.a(lib_a-sbrkr.o)
                0x000000000800763c                _sbrk_r
 .text.sprintf  0x000000000800765c       0x48 /mnt/Speicher/STM32_IDE/plugins/fr.ac6.mcu.externaltools.arm-none.linux64_1.15.0.201708311556/tools/compiler/bin/../lib/gcc/arm-none-eabi/6.3.1/../../../../arm-none-eabi/lib/thumb/v7e-m/fpv4-sp/hard/libc_nano.a(lib_a-sprintf.o)
                0x000000000800765c                sprintf
                0x000000000800765c                siprintf
 .text.__malloc_lock
                0x00000000080076a4        0x2 /mnt/Speicher/STM32_IDE/plugins/fr.ac6.mcu.externaltools.arm-none.linux64_1.15.0.201708311556/tools/compiler/bin/../lib/gcc/arm-none-eabi/6.3.1/../../../../arm-none-eabi/lib/thumb/v7e-m/fpv4-sp/hard/libc_nano.a(lib_a-mlock.o)
                0x00000000080076a4                __malloc_lock
 .text.__malloc_unlock
                0x00000000080076a6        0x2 /mnt/Speicher/STM32_IDE/plugins/fr.ac6.mcu.externaltools.arm-none.linux64_1.15.0.201708311556/tools/compiler/bin/../lib/gcc/arm-none-eabi/6.3.1/../../../../arm-none-eabi/lib/thumb/v7e-m/fpv4-sp/hard/libc_nano.a(lib_a-mlock.o)
                0x00000000080076a6                __malloc_unlock
 .text.__ssputs_r
                0x00000000080076a8       0xb6 /mnt/Speicher/STM32_IDE/plugins/fr.ac6.mcu.externaltools.arm-none.linux64_1.15.0.201708311556/tools/compiler/bin/../lib/gcc/arm-none-eabi/6.3.1/../../../../arm-none-eabi/lib/thumb/v7e-m/fpv4-sp/hard/libc_nano.a(lib_a-nano-svfprintf.o)
                0x00000000080076a8                __ssputs_r
 *fill*         0x000000000800775e        0x2 
 .text._svfprintf_r
                0x0000000008007760      0x1e8 /mnt/Speicher/STM32_IDE/plugins/fr.ac6.mcu.externaltools.arm-none.linux64_1.15.0.201708311556/tools/compiler/bin/../lib/gcc/arm-none-eabi/6.3.1/../../../../arm-none-eabi/lib/thumb/v7e-m/fpv4-sp/hard/libc_nano.a(lib_a-nano-svfprintf.o)
                0x0000000008007760                _svfprintf_r
                0x0000000008007760                _svfiprintf_r
 .text._printf_common
                0x0000000008007948       0xec /mnt/Speicher/STM32_IDE/plugins/fr.ac6.mcu.externaltools.arm-none.linux64_1.15.0.201708311556/tools/compiler/bin/../lib/gcc/arm-none-eabi/6.3.1/../../../../arm-none-eabi/lib/thumb/v7e-m/fpv4-sp/hard/libc_nano.a(lib_a-nano-vfprintf_i.o)
                0x0000000008007948                _printf_common
 .text._printf_i
                0x0000000008007a34      0x240 /mnt/Speicher/STM32_IDE/plugins/fr.ac6.mcu.externaltools.arm-none.linux64_1.15.0.201708311556/tools/compiler/bin/../lib/gcc/arm-none-eabi/6.3.1/../../../../arm-none-eabi/lib/thumb/v7e-m/fpv4-sp/hard/libc_nano.a(lib_a-nano-vfprintf_i.o)
                0x0000000008007a34                _printf_i
 .text.memmove  0x0000000008007c74       0x34 /mnt/Speicher/STM32_IDE/plugins/fr.ac6.mcu.externaltools.arm-none.linux64_1.15.0.201708311556/tools/compiler/bin/../lib/gcc/arm-none-eabi/6.3.1/../../../../arm-none-eabi/lib/thumb/v7e-m/fpv4-sp/hard/libc_nano.a(lib_a-memmove.o)
                0x0000000008007c74                memmove
 .text._realloc_r
                0x0000000008007ca8       0x4c /mnt/Speicher/STM32_IDE/plugins/fr.ac6.mcu.externaltools.arm-none.linux64_1.15.0.201708311556/tools/compiler/bin/../lib/gcc/arm-none-eabi/6.3.1/../../../../arm-none-eabi/lib/thumb/v7e-m/fpv4-sp/hard/libc_nano.a(lib_a-nano-reallocr.o)
                0x0000000008007ca8                _realloc_r
 .text._malloc_usable_size_r
                0x0000000008007cf4       0x12 /mnt/Speicher/STM32_IDE/plugins/fr.ac6.mcu.externaltools.arm-none.linux64_1.15.0.201708311556/tools/compiler/bin/../lib/gcc/arm-none-eabi/6.3.1/../../../../arm-none-eabi/lib/thumb/v7e-m/fpv4-sp/hard/libc_nano.a(lib_a-nano-msizer.o)
                0x0000000008007cf4                _malloc_usable_size_r
 *fill*         0x0000000008007d06        0x2 
 .text._sbrk    0x0000000008007d08       0x1c /mnt/Speicher/STM32_IDE/plugins/fr.ac6.mcu.externaltools.arm-none.linux64_1.15.0.201708311556/tools/compiler/bin/../lib/gcc/arm-none-eabi/6.3.1/../../../../arm-none-eabi/lib/thumb/v7e-m/fpv4-sp/hard/libnosys.a(sbrk.o)
                0x0000000008007d08                _sbrk
 *(.glue_7)
 .glue_7        0x0000000008007d24        0x0 linker stubs
 *(.glue_7t)
 .glue_7t       0x0000000008007d24        0x0 linker stubs
 *(.eh_frame)
 .eh_frame      0x0000000008007d24        0x0 /mnt/Speicher/STM32_IDE/plugins/fr.ac6.mcu.externaltools.arm-none.linux64_1.15.0.201708311556/tools/compiler/bin/../lib/gcc/arm-none-eabi/6.3.1/thumb/v7e-m/fpv4-sp/hard/crtbegin.o
 *(.init)
 .init          0x0000000008007d24        0x4 /mnt/Speicher/STM32_IDE/plugins/fr.ac6.mcu.externaltools.arm-none.linux64_1.15.0.201708311556/tools/compiler/bin/../lib/gcc/arm-none-eabi/6.3.1/thumb/v7e-m/fpv4-sp/hard/crti.o
                0x0000000008007d24                _init
 .init          0x0000000008007d28        0x8 /mnt/Speicher/STM32_IDE/plugins/fr.ac6.mcu.externaltools.arm-none.linux64_1.15.0.201708311556/tools/compiler/bin/../lib/gcc/arm-none-eabi/6.3.1/thumb/v7e-m/fpv4-sp/hard/crtn.o
 *(.fini)
 .fini          0x0000000008007d30        0x4 /mnt/Speicher/STM32_IDE/plugins/fr.ac6.mcu.externaltools.arm-none.linux64_1.15.0.201708311556/tools/compiler/bin/../lib/gcc/arm-none-eabi/6.3.1/thumb/v7e-m/fpv4-sp/hard/crti.o
                0x0000000008007d30                _fini
 .fini          0x0000000008007d34        0x8 /mnt/Speicher/STM32_IDE/plugins/fr.ac6.mcu.externaltools.arm-none.linux64_1.15.0.201708311556/tools/compiler/bin/../lib/gcc/arm-none-eabi/6.3.1/thumb/v7e-m/fpv4-sp/hard/crtn.o
                0x0000000008007d3c                . = ALIGN (0x4)
                0x0000000008007d3c                _etext = .

.vfp11_veneer   0x0000000008007d3c        0x0
 .vfp11_veneer  0x0000000008007d3c        0x0 linker stubs

.v4_bx          0x0000000008007d3c        0x0
 .v4_bx         0x0000000008007d3c        0x0 linker stubs

.iplt           0x0000000008007d3c        0x0
 .iplt          0x0000000008007d3c        0x0 /mnt/Speicher/STM32_IDE/plugins/fr.ac6.mcu.externaltools.arm-none.linux64_1.15.0.201708311556/tools/compiler/bin/../lib/gcc/arm-none-eabi/6.3.1/thumb/v7e-m/fpv4-sp/hard/crtbegin.o

.rodata         0x0000000008007d3c     0x2f54
                0x0000000008007d3c                . = ALIGN (0x4)
 *(.rodata)
 .rodata        0x0000000008007d3c        0x8 Drivers/STM32F4xx_HAL_Driver/Src/stm32f4xx_hal_dma.o
 .rodata        0x0000000008007d44       0x14 Drivers/TM_Bibliothek/tm_stm32_dma.o
 .rodata        0x0000000008007d58     0x2c14 Drivers/TM_Bibliothek/tm_stm32_fonts.o
                0x0000000008007d58                fh_logo_big
                0x0000000008008158                TM_Font16x26
                0x00000000080094a4                TM_Font11x18
                0x000000000800a200                TM_Font7x10
 .rodata        0x000000000800a96c       0x18 Src/system_stm32f4xx.o
                0x000000000800a96c                AHBPrescTable
                0x000000000800a97c                APBPrescTable
 *(.rodata*)
 .rodata.str1.4
                0x000000000800a984       0xf3 Drivers/AT_Bibliothek/at_lcd.o
 *fill*         0x000000000800aa77        0x1 
 .rodata.str1.4
                0x000000000800aa78      0x165 Drivers/AT_Bibliothek/at_schrittmotor.o
                                        0x169 (size before relaxing)
 *fill*         0x000000000800abdd        0x3 
 .rodata.str1.4
                0x000000000800abe0       0x5e Src/main.o
                                         0x62 (size before relaxing)
 *fill*         0x000000000800ac3e        0x2 
 .rodata.str1.4
                0x000000000800ac40       0x1c Src/stm32f4xx_hal_msp.o
                                         0x1b (size before relaxing)
 .rodata._svfprintf_r.str1.1
                0x000000000800ac5c       0x11 /mnt/Speicher/STM32_IDE/plugins/fr.ac6.mcu.externaltools.arm-none.linux64_1.15.0.201708311556/tools/compiler/bin/../lib/gcc/arm-none-eabi/6.3.1/../../../../arm-none-eabi/lib/thumb/v7e-m/fpv4-sp/hard/libc_nano.a(lib_a-nano-svfprintf.o)
 .rodata._printf_i.str1.1
                0x000000000800ac6d       0x22 /mnt/Speicher/STM32_IDE/plugins/fr.ac6.mcu.externaltools.arm-none.linux64_1.15.0.201708311556/tools/compiler/bin/../lib/gcc/arm-none-eabi/6.3.1/../../../../arm-none-eabi/lib/thumb/v7e-m/fpv4-sp/hard/libc_nano.a(lib_a-nano-vfprintf_i.o)
                0x000000000800ac90                . = ALIGN (0x4)
 *fill*         0x000000000800ac8f        0x1 

.rel.dyn        0x000000000800ac90        0x0
 .rel.iplt      0x000000000800ac90        0x0 /mnt/Speicher/STM32_IDE/plugins/fr.ac6.mcu.externaltools.arm-none.linux64_1.15.0.201708311556/tools/compiler/bin/../lib/gcc/arm-none-eabi/6.3.1/thumb/v7e-m/fpv4-sp/hard/crtbegin.o

.ARM.extab
 *(.ARM.extab* .gnu.linkonce.armextab.*)

.ARM            0x000000000800ac90        0x0
                0x000000000800ac90                __exidx_start = .
 *(.ARM.exidx*)
                0x000000000800ac90                __exidx_end = .

.preinit_array  0x000000000800ac90        0x0
                0x000000000800ac90                PROVIDE (__preinit_array_start, .)
 *(.preinit_array*)
                0x000000000800ac90                PROVIDE (__preinit_array_end, .)

.init_array     0x000000000800ac90        0x4
                0x000000000800ac90                PROVIDE (__init_array_start, .)
 *(SORT(.init_array.*))
 *(.init_array*)
 .init_array    0x000000000800ac90        0x4 /mnt/Speicher/STM32_IDE/plugins/fr.ac6.mcu.externaltools.arm-none.linux64_1.15.0.201708311556/tools/compiler/bin/../lib/gcc/arm-none-eabi/6.3.1/thumb/v7e-m/fpv4-sp/hard/crtbegin.o
                0x000000000800ac94                PROVIDE (__init_array_end, .)

.fini_array     0x000000000800ac94        0x4
                [!provide]                        PROVIDE (__fini_array_start, .)
 *(SORT(.fini_array.*))
 *(.fini_array*)
 .fini_array    0x000000000800ac94        0x4 /mnt/Speicher/STM32_IDE/plugins/fr.ac6.mcu.externaltools.arm-none.linux64_1.15.0.201708311556/tools/compiler/bin/../lib/gcc/arm-none-eabi/6.3.1/thumb/v7e-m/fpv4-sp/hard/crtbegin.o
                [!provide]                        PROVIDE (__fini_array_end, .)
                0x000000000800ac98                _sidata = LOADADDR (.data)

.data           0x0000000020000000      0x248 load address 0x000000000800ac98
                0x0000000020000000                . = ALIGN (0x4)
                0x0000000020000000                _sdata = .
 *(.data)
 .data          0x0000000020000000        0x4 Drivers/AT_Bibliothek/at_lcd.o
 .data          0x0000000020000004        0x4 Drivers/TM_Bibliothek/tm_stm32_dma2d_graphic.o
                0x0000000020000004                DMA2D_Color
 .data          0x0000000020000008       0x18 Drivers/TM_Bibliothek/tm_stm32_fonts.o
                0x0000000020000008                TM_Font_16x26
                0x0000000020000010                TM_Font_11x18
                0x0000000020000018                TM_Font_7x10
 .data          0x0000000020000020       0xfc Drivers/TM_Bibliothek/tm_stm32_i2c.o
 .data          0x000000002000011c       0xc0 Drivers/TM_Bibliothek/tm_stm32_usart.o
                0x000000002000011c                TM_USART1
                0x0000000020000134                TM_USART2
                0x000000002000014c                TM_USART3
                0x0000000020000164                TM_UART4
                0x000000002000017c                TM_UART5
                0x0000000020000194                TM_USART6
                0x00000000200001ac                TM_UART7
                0x00000000200001c4                TM_UART8
 .data          0x00000000200001dc        0x2 Src/main.o
                0x00000000200001dd                anschluss
 *fill*         0x00000000200001de        0x2 
 .data          0x00000000200001e0        0x4 Src/system_stm32f4xx.o
                0x00000000200001e0                SystemCoreClock
 *(.data*)
 .data._impure_ptr
                0x00000000200001e4        0x4 /mnt/Speicher/STM32_IDE/plugins/fr.ac6.mcu.externaltools.arm-none.linux64_1.15.0.201708311556/tools/compiler/bin/../lib/gcc/arm-none-eabi/6.3.1/../../../../arm-none-eabi/lib/thumb/v7e-m/fpv4-sp/hard/libc_nano.a(lib_a-impure.o)
                0x00000000200001e4                _impure_ptr
 .data.impure_data
                0x00000000200001e8       0x60 /mnt/Speicher/STM32_IDE/plugins/fr.ac6.mcu.externaltools.arm-none.linux64_1.15.0.201708311556/tools/compiler/bin/../lib/gcc/arm-none-eabi/6.3.1/../../../../arm-none-eabi/lib/thumb/v7e-m/fpv4-sp/hard/libc_nano.a(lib_a-impure.o)
                0x0000000020000248                . = ALIGN (0x4)
                0x0000000020000248                _edata = .
                0x000000000800aee0                _siccmram = LOADADDR (.ccmram)

.jcr            0x0000000020000248        0x0 load address 0x000000000800aee0
 .jcr           0x0000000020000248        0x0 /mnt/Speicher/STM32_IDE/plugins/fr.ac6.mcu.externaltools.arm-none.linux64_1.15.0.201708311556/tools/compiler/bin/../lib/gcc/arm-none-eabi/6.3.1/thumb/v7e-m/fpv4-sp/hard/crtbegin.o

.igot.plt       0x0000000020000248        0x0 load address 0x000000000800aee0
 .igot.plt      0x0000000020000248        0x0 /mnt/Speicher/STM32_IDE/plugins/fr.ac6.mcu.externaltools.arm-none.linux64_1.15.0.201708311556/tools/compiler/bin/../lib/gcc/arm-none-eabi/6.3.1/thumb/v7e-m/fpv4-sp/hard/crtbegin.o

.ccmram         0x0000000010000000        0x0 load address 0x000000000800aee0
                0x0000000010000000                . = ALIGN (0x4)
                0x0000000010000000                _sccmram = .
 *(.ccmram)
 *(.ccmram*)
                0x0000000010000000                . = ALIGN (0x4)
                0x0000000010000000                _eccmram = .
                0x0000000010000000                . = ALIGN (0x4)

.bss            0x0000000020000248      0xb10
                0x0000000020000248                _sbss = .
                0x0000000020000248                __bss_start__ = _sbss
 *(.bss)
 .bss           0x0000000020000248       0x1c /mnt/Speicher/STM32_IDE/plugins/fr.ac6.mcu.externaltools.arm-none.linux64_1.15.0.201708311556/tools/compiler/bin/../lib/gcc/arm-none-eabi/6.3.1/thumb/v7e-m/fpv4-sp/hard/crtbegin.o
 .bss           0x0000000020000264      0x466 Drivers/AT_Bibliothek/at_lcd.o
 *fill*         0x00000000200006ca        0x2 
 .bss           0x00000000200006cc       0x20 Drivers/TM_Bibliothek/tm_stm32_delay.o
                0x00000000200006e4                TM_Time
                0x00000000200006e8                TM_Time2
 .bss           0x00000000200006ec       0x40 Drivers/TM_Bibliothek/tm_stm32_dma2d_graphic.o
 .bss           0x000000002000072c       0x1a Drivers/TM_Bibliothek/tm_stm32_gpio.o
 *fill*         0x0000000020000746        0x2 
 .bss           0x0000000020000748       0xd8 Drivers/TM_Bibliothek/tm_stm32_lcd.o
 .bss           0x0000000020000820        0x1 Drivers/TM_Bibliothek/tm_stm32_sdram.o
 .bss           0x0000000020000821        0x5 Src/main.o
                0x0000000020000821                INIT_DONE
                0x0000000020000822                UART1_Data
                0x0000000020000823                i
                0x0000000020000824                aktuelle_taste
                0x0000000020000825                aktuelle_seite
 *(.bss*)
 *fill*         0x0000000020000826        0x2 
 .bss.__malloc_free_list
                0x0000000020000828        0x4 /mnt/Speicher/STM32_IDE/plugins/fr.ac6.mcu.externaltools.arm-none.linux64_1.15.0.201708311556/tools/compiler/bin/../lib/gcc/arm-none-eabi/6.3.1/../../../../arm-none-eabi/lib/thumb/v7e-m/fpv4-sp/hard/libc_nano.a(lib_a-nano-mallocr.o)
                0x0000000020000828                __malloc_free_list
 .bss.__malloc_sbrk_start
                0x000000002000082c        0x4 /mnt/Speicher/STM32_IDE/plugins/fr.ac6.mcu.externaltools.arm-none.linux64_1.15.0.201708311556/tools/compiler/bin/../lib/gcc/arm-none-eabi/6.3.1/../../../../arm-none-eabi/lib/thumb/v7e-m/fpv4-sp/hard/libc_nano.a(lib_a-nano-mallocr.o)
                0x000000002000082c                __malloc_sbrk_start
 .bss.heap_end.5239
                0x0000000020000830        0x4 /mnt/Speicher/STM32_IDE/plugins/fr.ac6.mcu.externaltools.arm-none.linux64_1.15.0.201708311556/tools/compiler/bin/../lib/gcc/arm-none-eabi/6.3.1/../../../../arm-none-eabi/lib/thumb/v7e-m/fpv4-sp/hard/libnosys.a(sbrk.o)
 *(COMMON)
 COMMON         0x0000000020000834       0x1e Drivers/AT_Bibliothek/at_io_expander.o
                0x0000000020000834                str
 *fill*         0x0000000020000852        0x2 
 COMMON         0x0000000020000854       0x2c Drivers/AT_Bibliothek/at_schrittmotor.o
                0x0000000020000854                dSPIN_RegsStruct
 COMMON         0x0000000020000880       0x2c Drivers/TM_Bibliothek/tm_stm32_dma2d_graphic.o
                0x0000000020000880                DMA2D_Height
                0x0000000020000884                DIS
                0x00000000200008a4                DMA2D_StartAddress
                0x00000000200008a8                DMA2D_Width
 COMMON         0x00000000200008ac      0x100 Drivers/TM_Bibliothek/tm_stm32_usart.o
                0x00000000200008ac                UART5_Buffer
                0x00000000200008cc                USART6_Buffer
                0x00000000200008ec                USART2_Buffer
                0x000000002000090c                USART1_Buffer
                0x000000002000092c                USART3_Buffer
                0x000000002000094c                UART4_Buffer
                0x000000002000096c                UART8_Buffer
                0x000000002000098c                UART7_Buffer
 COMMON         0x00000000200009ac      0x3a8 Src/main.o
                0x00000000200009ac                hi2c3
                0x0000000020000a00                hdma_memtomem_dma2_stream0
                0x0000000020000a60                hspi5
                0x0000000020000ab8                hspi3
                0x0000000020000b10                hltdc
                0x0000000020000bb8                hdma_usart1_tx
                0x0000000020000c18                UART_Buffer
                0x0000000020000c38                hdma_usart1_rx
                0x0000000020000c98                huart1
                0x0000000020000cd8                testmin
                0x0000000020000ce0                hdma2d
                0x0000000020000d20                hsdram1
 COMMON         0x0000000020000d54        0x4 /mnt/Speicher/STM32_IDE/plugins/fr.ac6.mcu.externaltools.arm-none.linux64_1.15.0.201708311556/tools/compiler/bin/../lib/gcc/arm-none-eabi/6.3.1/../../../../arm-none-eabi/lib/thumb/v7e-m/fpv4-sp/hard/libc_nano.a(lib_a-reent.o)
                0x0000000020000d54                errno
                0x0000000020000d58                . = ALIGN (0x4)
                0x0000000020000d58                _ebss = .
                0x0000000020000d58                __bss_end__ = _ebss

._user_heap_stack
                0x0000000020000d58      0x600
                0x0000000020000d58                . = ALIGN (0x8)
                0x0000000020000d58                PROVIDE (end, .)
                [!provide]                        PROVIDE (_end, .)
                0x0000000020000f58                . = (. + _Min_Heap_Size)
 *fill*         0x0000000020000d58      0x200 
                0x0000000020001358                . = (. + _Min_Stack_Size)
 *fill*         0x0000000020000f58      0x400 
                0x0000000020001358                . = ALIGN (0x8)

/DISCARD/
 libc.a(*)
 libm.a(*)
 libgcc.a(*)

.ARM.attributes
                0x0000000000000000       0x30
 *(.ARM.attributes)
 .ARM.attributes
                0x0000000000000000       0x22 /mnt/Speicher/STM32_IDE/plugins/fr.ac6.mcu.externaltools.arm-none.linux64_1.15.0.201708311556/tools/compiler/bin/../lib/gcc/arm-none-eabi/6.3.1/thumb/v7e-m/fpv4-sp/hard/crti.o
 .ARM.attributes
                0x0000000000000022       0x34 /mnt/Speicher/STM32_IDE/plugins/fr.ac6.mcu.externaltools.arm-none.linux64_1.15.0.201708311556/tools/compiler/bin/../lib/gcc/arm-none-eabi/6.3.1/thumb/v7e-m/fpv4-sp/hard/crtbegin.o
 .ARM.attributes
                0x0000000000000056       0x39 Drivers/AT_Bibliothek/at_io_expander.o
 .ARM.attributes
                0x000000000000008f       0x39 Drivers/AT_Bibliothek/at_lcd.o
 .ARM.attributes
                0x00000000000000c8       0x39 Drivers/AT_Bibliothek/at_schrittmotor.o
 .ARM.attributes
                0x0000000000000101       0x39 Drivers/DSPIN_L6472_Treiber/dspin.o
 .ARM.attributes
                0x000000000000013a       0x39 Drivers/STM32F4xx_HAL_Driver/Src/stm32f4xx_hal.o
 .ARM.attributes
                0x0000000000000173       0x39 Drivers/STM32F4xx_HAL_Driver/Src/stm32f4xx_hal_cortex.o
 .ARM.attributes
                0x00000000000001ac       0x39 Drivers/STM32F4xx_HAL_Driver/Src/stm32f4xx_hal_dma.o
 .ARM.attributes
                0x00000000000001e5       0x39 Drivers/STM32F4xx_HAL_Driver/Src/stm32f4xx_hal_dma2d.o
 .ARM.attributes
                0x000000000000021e       0x39 Drivers/STM32F4xx_HAL_Driver/Src/stm32f4xx_hal_gpio.o
 .ARM.attributes
                0x0000000000000257       0x39 Drivers/STM32F4xx_HAL_Driver/Src/stm32f4xx_hal_i2c.o
 .ARM.attributes
                0x0000000000000290       0x39 Drivers/STM32F4xx_HAL_Driver/Src/stm32f4xx_hal_i2c_ex.o
 .ARM.attributes
                0x00000000000002c9       0x39 Drivers/STM32F4xx_HAL_Driver/Src/stm32f4xx_hal_ltdc.o
 .ARM.attributes
                0x0000000000000302       0x39 Drivers/STM32F4xx_HAL_Driver/Src/stm32f4xx_hal_pwr_ex.o
 .ARM.attributes
                0x000000000000033b       0x39 Drivers/STM32F4xx_HAL_Driver/Src/stm32f4xx_hal_rcc.o
 .ARM.attributes
                0x0000000000000374       0x39 Drivers/STM32F4xx_HAL_Driver/Src/stm32f4xx_hal_rcc_ex.o
 .ARM.attributes
                0x00000000000003ad       0x39 Drivers/STM32F4xx_HAL_Driver/Src/stm32f4xx_hal_sdram.o
 .ARM.attributes
                0x00000000000003e6       0x39 Drivers/STM32F4xx_HAL_Driver/Src/stm32f4xx_hal_spi.o
 .ARM.attributes
                0x000000000000041f       0x39 Drivers/STM32F4xx_HAL_Driver/Src/stm32f4xx_hal_uart.o
 .ARM.attributes
                0x0000000000000458       0x39 Drivers/STM32F4xx_HAL_Driver/Src/stm32f4xx_ll_fmc.o
 .ARM.attributes
                0x0000000000000491       0x39 Drivers/TM_Bibliothek/tm_stm32_buffer.o
 .ARM.attributes
                0x00000000000004ca       0x39 Drivers/TM_Bibliothek/tm_stm32_delay.o
 .ARM.attributes
                0x0000000000000503       0x39 Drivers/TM_Bibliothek/tm_stm32_dma.o
 .ARM.attributes
                0x000000000000053c       0x39 Drivers/TM_Bibliothek/tm_stm32_dma2d_graphic.o
 .ARM.attributes
                0x0000000000000575       0x39 Drivers/TM_Bibliothek/tm_stm32_fonts.o
 .ARM.attributes
                0x00000000000005ae       0x39 Drivers/TM_Bibliothek/tm_stm32_gpio.o
 .ARM.attributes
                0x00000000000005e7       0x39 Drivers/TM_Bibliothek/tm_stm32_i2c.o
 .ARM.attributes
                0x0000000000000620       0x39 Drivers/TM_Bibliothek/tm_stm32_lcd.o
 .ARM.attributes
                0x0000000000000659       0x39 Drivers/TM_Bibliothek/tm_stm32_sdram.o
 .ARM.attributes
                0x0000000000000692       0x39 Drivers/TM_Bibliothek/tm_stm32_spi.o
 .ARM.attributes
                0x00000000000006cb       0x39 Drivers/TM_Bibliothek/tm_stm32_usart.o
 .ARM.attributes
                0x0000000000000704       0x39 Drivers/TM_Bibliothek/tm_stm32f4_stmpe811.o
 .ARM.attributes
                0x000000000000073d       0x39 Src/main.o
 .ARM.attributes
                0x0000000000000776       0x39 Src/stm32f4xx_hal_msp.o
 .ARM.attributes
                0x00000000000007af       0x39 Src/stm32f4xx_it.o
 .ARM.attributes
                0x00000000000007e8       0x39 Src/system_stm32f4xx.o
 .ARM.attributes
                0x0000000000000821       0x21 startup/startup_stm32f429xx.o
 .ARM.attributes
                0x0000000000000842       0x34 /mnt/Speicher/STM32_IDE/plugins/fr.ac6.mcu.externaltools.arm-none.linux64_1.15.0.201708311556/tools/compiler/bin/../lib/gcc/arm-none-eabi/6.3.1/../../../../arm-none-eabi/lib/thumb/v7e-m/fpv4-sp/hard/libc_nano.a(lib_a-impure.o)
 .ARM.attributes
                0x0000000000000876       0x34 /mnt/Speicher/STM32_IDE/plugins/fr.ac6.mcu.externaltools.arm-none.linux64_1.15.0.201708311556/tools/compiler/bin/../lib/gcc/arm-none-eabi/6.3.1/../../../../arm-none-eabi/lib/thumb/v7e-m/fpv4-sp/hard/libc_nano.a(lib_a-init.o)
 .ARM.attributes
                0x00000000000008aa       0x34 /mnt/Speicher/STM32_IDE/plugins/fr.ac6.mcu.externaltools.arm-none.linux64_1.15.0.201708311556/tools/compiler/bin/../lib/gcc/arm-none-eabi/6.3.1/../../../../arm-none-eabi/lib/thumb/v7e-m/fpv4-sp/hard/libc_nano.a(lib_a-memcpy-stub.o)
 .ARM.attributes
                0x00000000000008de       0x34 /mnt/Speicher/STM32_IDE/plugins/fr.ac6.mcu.externaltools.arm-none.linux64_1.15.0.201708311556/tools/compiler/bin/../lib/gcc/arm-none-eabi/6.3.1/../../../../arm-none-eabi/lib/thumb/v7e-m/fpv4-sp/hard/libc_nano.a(lib_a-memset.o)
 .ARM.attributes
                0x0000000000000912       0x34 /mnt/Speicher/STM32_IDE/plugins/fr.ac6.mcu.externaltools.arm-none.linux64_1.15.0.201708311556/tools/compiler/bin/../lib/gcc/arm-none-eabi/6.3.1/../../../../arm-none-eabi/lib/thumb/v7e-m/fpv4-sp/hard/libc_nano.a(lib_a-nano-freer.o)
 .ARM.attributes
                0x0000000000000946       0x34 /mnt/Speicher/STM32_IDE/plugins/fr.ac6.mcu.externaltools.arm-none.linux64_1.15.0.201708311556/tools/compiler/bin/../lib/gcc/arm-none-eabi/6.3.1/../../../../arm-none-eabi/lib/thumb/v7e-m/fpv4-sp/hard/libc_nano.a(lib_a-nano-mallocr.o)
 .ARM.attributes
                0x000000000000097a       0x34 /mnt/Speicher/STM32_IDE/plugins/fr.ac6.mcu.externaltools.arm-none.linux64_1.15.0.201708311556/tools/compiler/bin/../lib/gcc/arm-none-eabi/6.3.1/../../../../arm-none-eabi/lib/thumb/v7e-m/fpv4-sp/hard/libc_nano.a(lib_a-sbrkr.o)
 .ARM.attributes
                0x00000000000009ae       0x34 /mnt/Speicher/STM32_IDE/plugins/fr.ac6.mcu.externaltools.arm-none.linux64_1.15.0.201708311556/tools/compiler/bin/../lib/gcc/arm-none-eabi/6.3.1/../../../../arm-none-eabi/lib/thumb/v7e-m/fpv4-sp/hard/libc_nano.a(lib_a-sprintf.o)
 .ARM.attributes
                0x00000000000009e2       0x34 /mnt/Speicher/STM32_IDE/plugins/fr.ac6.mcu.externaltools.arm-none.linux64_1.15.0.201708311556/tools/compiler/bin/../lib/gcc/arm-none-eabi/6.3.1/../../../../arm-none-eabi/lib/thumb/v7e-m/fpv4-sp/hard/libc_nano.a(lib_a-mlock.o)
 .ARM.attributes
                0x0000000000000a16       0x34 /mnt/Speicher/STM32_IDE/plugins/fr.ac6.mcu.externaltools.arm-none.linux64_1.15.0.201708311556/tools/compiler/bin/../lib/gcc/arm-none-eabi/6.3.1/../../../../arm-none-eabi/lib/thumb/v7e-m/fpv4-sp/hard/libc_nano.a(lib_a-nano-svfprintf.o)
 .ARM.attributes
                0x0000000000000a4a       0x34 /mnt/Speicher/STM32_IDE/plugins/fr.ac6.mcu.externaltools.arm-none.linux64_1.15.0.201708311556/tools/compiler/bin/../lib/gcc/arm-none-eabi/6.3.1/../../../../arm-none-eabi/lib/thumb/v7e-m/fpv4-sp/hard/libc_nano.a(lib_a-nano-vfprintf_i.o)
 .ARM.attributes
                0x0000000000000a7e       0x34 /mnt/Speicher/STM32_IDE/plugins/fr.ac6.mcu.externaltools.arm-none.linux64_1.15.0.201708311556/tools/compiler/bin/../lib/gcc/arm-none-eabi/6.3.1/../../../../arm-none-eabi/lib/thumb/v7e-m/fpv4-sp/hard/libc_nano.a(lib_a-reent.o)
 .ARM.attributes
                0x0000000000000ab2       0x20 /mnt/Speicher/STM32_IDE/plugins/fr.ac6.mcu.externaltools.arm-none.linux64_1.15.0.201708311556/tools/compiler/bin/../lib/gcc/arm-none-eabi/6.3.1/../../../../arm-none-eabi/lib/thumb/v7e-m/fpv4-sp/hard/libc_nano.a(lib_a-memchr.o)
 .ARM.attributes
                0x0000000000000ad2       0x34 /mnt/Speicher/STM32_IDE/plugins/fr.ac6.mcu.externaltools.arm-none.linux64_1.15.0.201708311556/tools/compiler/bin/../lib/gcc/arm-none-eabi/6.3.1/../../../../arm-none-eabi/lib/thumb/v7e-m/fpv4-sp/hard/libc_nano.a(lib_a-memmove.o)
 .ARM.attributes
                0x0000000000000b06       0x34 /mnt/Speicher/STM32_IDE/plugins/fr.ac6.mcu.externaltools.arm-none.linux64_1.15.0.201708311556/tools/compiler/bin/../lib/gcc/arm-none-eabi/6.3.1/../../../../arm-none-eabi/lib/thumb/v7e-m/fpv4-sp/hard/libc_nano.a(lib_a-nano-reallocr.o)
 .ARM.attributes
                0x0000000000000b3a       0x34 /mnt/Speicher/STM32_IDE/plugins/fr.ac6.mcu.externaltools.arm-none.linux64_1.15.0.201708311556/tools/compiler/bin/../lib/gcc/arm-none-eabi/6.3.1/../../../../arm-none-eabi/lib/thumb/v7e-m/fpv4-sp/hard/libc_nano.a(lib_a-nano-msizer.o)
 .ARM.attributes
                0x0000000000000b6e       0x34 /mnt/Speicher/STM32_IDE/plugins/fr.ac6.mcu.externaltools.arm-none.linux64_1.15.0.201708311556/tools/compiler/bin/../lib/gcc/arm-none-eabi/6.3.1/../../../../arm-none-eabi/lib/thumb/v7e-m/fpv4-sp/hard/libnosys.a(sbrk.o)
 .ARM.attributes
                0x0000000000000ba2       0x22 /mnt/Speicher/STM32_IDE/plugins/fr.ac6.mcu.externaltools.arm-none.linux64_1.15.0.201708311556/tools/compiler/bin/../lib/gcc/arm-none-eabi/6.3.1/thumb/v7e-m/fpv4-sp/hard/crtn.o
OUTPUT(Schrittmotor_V4.elf elf32-littlearm)

.debug_info     0x0000000000000000    0x38580
 .debug_info    0x0000000000000000     0x10a5 Drivers/AT_Bibliothek/at_io_expander.o
 .debug_info    0x00000000000010a5     0x1b1e Drivers/AT_Bibliothek/at_lcd.o
 .debug_info    0x0000000000002bc3     0x1c6f Drivers/AT_Bibliothek/at_schrittmotor.o
 .debug_info    0x0000000000004832     0x1662 Drivers/DSPIN_L6472_Treiber/dspin.o
 .debug_info    0x0000000000005e94     0x126e Drivers/STM32F4xx_HAL_Driver/Src/stm32f4xx_hal.o
 .debug_info    0x0000000000007102     0x1790 Drivers/STM32F4xx_HAL_Driver/Src/stm32f4xx_hal_cortex.o
 .debug_info    0x0000000000008892     0x127c Drivers/STM32F4xx_HAL_Driver/Src/stm32f4xx_hal_dma.o
 .debug_info    0x0000000000009b0e     0x1b71 Drivers/STM32F4xx_HAL_Driver/Src/stm32f4xx_hal_dma2d.o
 .debug_info    0x000000000000b67f      0xfb1 Drivers/STM32F4xx_HAL_Driver/Src/stm32f4xx_hal_gpio.o
 .debug_info    0x000000000000c630     0x36ef Drivers/STM32F4xx_HAL_Driver/Src/stm32f4xx_hal_i2c.o
 .debug_info    0x000000000000fd1f      0xeee Drivers/STM32F4xx_HAL_Driver/Src/stm32f4xx_hal_i2c_ex.o
 .debug_info    0x0000000000010c0d     0x1b56 Drivers/STM32F4xx_HAL_Driver/Src/stm32f4xx_hal_ltdc.o
 .debug_info    0x0000000000012763     0x11a5 Drivers/STM32F4xx_HAL_Driver/Src/stm32f4xx_hal_pwr_ex.o
 .debug_info    0x0000000000013908     0x151a Drivers/STM32F4xx_HAL_Driver/Src/stm32f4xx_hal_rcc.o
 .debug_info    0x0000000000014e22     0x11aa Drivers/STM32F4xx_HAL_Driver/Src/stm32f4xx_hal_rcc_ex.o
 .debug_info    0x0000000000015fcc     0x15f1 Drivers/STM32F4xx_HAL_Driver/Src/stm32f4xx_hal_sdram.o
 .debug_info    0x00000000000175bd     0x220a Drivers/STM32F4xx_HAL_Driver/Src/stm32f4xx_hal_spi.o
 .debug_info    0x00000000000197c7     0x1f1d Drivers/STM32F4xx_HAL_Driver/Src/stm32f4xx_hal_uart.o
 .debug_info    0x000000000001b6e4     0x1745 Drivers/STM32F4xx_HAL_Driver/Src/stm32f4xx_ll_fmc.o
 .debug_info    0x000000000001ce29     0x1083 Drivers/TM_Bibliothek/tm_stm32_buffer.o
 .debug_info    0x000000000001deac      0xfd8 Drivers/TM_Bibliothek/tm_stm32_delay.o
 .debug_info    0x000000000001ee84     0x17bd Drivers/TM_Bibliothek/tm_stm32_dma.o
 .debug_info    0x0000000000020641     0x285f Drivers/TM_Bibliothek/tm_stm32_dma2d_graphic.o
 .debug_info    0x0000000000022ea0      0xb54 Drivers/TM_Bibliothek/tm_stm32_fonts.o
 .debug_info    0x00000000000239f4     0x11e9 Drivers/TM_Bibliothek/tm_stm32_gpio.o
 .debug_info    0x0000000000024bdd     0x20be Drivers/TM_Bibliothek/tm_stm32_i2c.o
 .debug_info    0x0000000000026c9b     0x2e96 Drivers/TM_Bibliothek/tm_stm32_lcd.o
 .debug_info    0x0000000000029b31     0x13dd Drivers/TM_Bibliothek/tm_stm32_sdram.o
 .debug_info    0x000000000002af0e     0x1f75 Drivers/TM_Bibliothek/tm_stm32_spi.o
 .debug_info    0x000000000002ce83     0x2b41 Drivers/TM_Bibliothek/tm_stm32_usart.o
 .debug_info    0x000000000002f9c4     0x12cf Drivers/TM_Bibliothek/tm_stm32f4_stmpe811.o
 .debug_info    0x0000000000030c93     0x3691 Src/main.o
 .debug_info    0x0000000000034324     0x2534 Src/stm32f4xx_hal_msp.o
 .debug_info    0x0000000000036858      0xf5c Src/stm32f4xx_it.o
 .debug_info    0x00000000000377b4      0xd4a Src/system_stm32f4xx.o
 .debug_info    0x00000000000384fe       0x82 startup/startup_stm32f429xx.o

.debug_abbrev   0x0000000000000000     0x686c
 .debug_abbrev  0x0000000000000000      0x2de Drivers/AT_Bibliothek/at_io_expander.o
 .debug_abbrev  0x00000000000002de      0x323 Drivers/AT_Bibliothek/at_lcd.o
 .debug_abbrev  0x0000000000000601      0x360 Drivers/AT_Bibliothek/at_schrittmotor.o
 .debug_abbrev  0x0000000000000961      0x30a Drivers/DSPIN_L6472_Treiber/dspin.o
 .debug_abbrev  0x0000000000000c6b      0x347 Drivers/STM32F4xx_HAL_Driver/Src/stm32f4xx_hal.o
 .debug_abbrev  0x0000000000000fb2      0x3d4 Drivers/STM32F4xx_HAL_Driver/Src/stm32f4xx_hal_cortex.o
 .debug_abbrev  0x0000000000001386      0x328 Drivers/STM32F4xx_HAL_Driver/Src/stm32f4xx_hal_dma.o
 .debug_abbrev  0x00000000000016ae      0x34b Drivers/STM32F4xx_HAL_Driver/Src/stm32f4xx_hal_dma2d.o
 .debug_abbrev  0x00000000000019f9      0x2a5 Drivers/STM32F4xx_HAL_Driver/Src/stm32f4xx_hal_gpio.o
 .debug_abbrev  0x0000000000001c9e      0x2f9 Drivers/STM32F4xx_HAL_Driver/Src/stm32f4xx_hal_i2c.o
 .debug_abbrev  0x0000000000001f97      0x214 Drivers/STM32F4xx_HAL_Driver/Src/stm32f4xx_hal_i2c_ex.o
 .debug_abbrev  0x00000000000021ab      0x2f8 Drivers/STM32F4xx_HAL_Driver/Src/stm32f4xx_hal_ltdc.o
 .debug_abbrev  0x00000000000024a3      0x33c Drivers/STM32F4xx_HAL_Driver/Src/stm32f4xx_hal_pwr_ex.o
 .debug_abbrev  0x00000000000027df      0x370 Drivers/STM32F4xx_HAL_Driver/Src/stm32f4xx_hal_rcc.o
 .debug_abbrev  0x0000000000002b4f      0x2e0 Drivers/STM32F4xx_HAL_Driver/Src/stm32f4xx_hal_rcc_ex.o
 .debug_abbrev  0x0000000000002e2f      0x2d5 Drivers/STM32F4xx_HAL_Driver/Src/stm32f4xx_hal_sdram.o
 .debug_abbrev  0x0000000000003104      0x2f0 Drivers/STM32F4xx_HAL_Driver/Src/stm32f4xx_hal_spi.o
 .debug_abbrev  0x00000000000033f4      0x342 Drivers/STM32F4xx_HAL_Driver/Src/stm32f4xx_hal_uart.o
 .debug_abbrev  0x0000000000003736      0x286 Drivers/STM32F4xx_HAL_Driver/Src/stm32f4xx_ll_fmc.o
 .debug_abbrev  0x00000000000039bc      0x2ef Drivers/TM_Bibliothek/tm_stm32_buffer.o
 .debug_abbrev  0x0000000000003cab      0x386 Drivers/TM_Bibliothek/tm_stm32_delay.o
 .debug_abbrev  0x0000000000004031      0x2be Drivers/TM_Bibliothek/tm_stm32_dma.o
 .debug_abbrev  0x00000000000042ef      0x397 Drivers/TM_Bibliothek/tm_stm32_dma2d_graphic.o
 .debug_abbrev  0x0000000000004686      0x238 Drivers/TM_Bibliothek/tm_stm32_fonts.o
 .debug_abbrev  0x00000000000048be      0x2c8 Drivers/TM_Bibliothek/tm_stm32_gpio.o
 .debug_abbrev  0x0000000000004b86      0x31c Drivers/TM_Bibliothek/tm_stm32_i2c.o
 .debug_abbrev  0x0000000000004ea2      0x39e Drivers/TM_Bibliothek/tm_stm32_lcd.o
 .debug_abbrev  0x0000000000005240      0x26e Drivers/TM_Bibliothek/tm_stm32_sdram.o
 .debug_abbrev  0x00000000000054ae      0x30d Drivers/TM_Bibliothek/tm_stm32_spi.o
 .debug_abbrev  0x00000000000057bb      0x357 Drivers/TM_Bibliothek/tm_stm32_usart.o
 .debug_abbrev  0x0000000000005b12      0x2f7 Drivers/TM_Bibliothek/tm_stm32f4_stmpe811.o
 .debug_abbrev  0x0000000000005e09      0x35c Src/main.o
 .debug_abbrev  0x0000000000006165      0x2ba Src/stm32f4xx_hal_msp.o
 .debug_abbrev  0x000000000000641f      0x236 Src/stm32f4xx_it.o
 .debug_abbrev  0x0000000000006655      0x205 Src/system_stm32f4xx.o
 .debug_abbrev  0x000000000000685a       0x12 startup/startup_stm32f429xx.o

.debug_loc      0x0000000000000000    0x12648
 .debug_loc     0x0000000000000000      0x24e Drivers/AT_Bibliothek/at_io_expander.o
 .debug_loc     0x000000000000024e      0x220 Drivers/AT_Bibliothek/at_lcd.o
 .debug_loc     0x000000000000046e      0x4ad Drivers/AT_Bibliothek/at_schrittmotor.o
 .debug_loc     0x000000000000091b      0x358 Drivers/DSPIN_L6472_Treiber/dspin.o
 .debug_loc     0x0000000000000c73       0xbd Drivers/STM32F4xx_HAL_Driver/Src/stm32f4xx_hal.o
 .debug_loc     0x0000000000000d30      0x5ce Drivers/STM32F4xx_HAL_Driver/Src/stm32f4xx_hal_cortex.o
 .debug_loc     0x00000000000012fe      0xafd Drivers/STM32F4xx_HAL_Driver/Src/stm32f4xx_hal_dma.o
 .debug_loc     0x0000000000001dfb     0x1162 Drivers/STM32F4xx_HAL_Driver/Src/stm32f4xx_hal_dma2d.o
 .debug_loc     0x0000000000002f5d      0x3fd Drivers/STM32F4xx_HAL_Driver/Src/stm32f4xx_hal_gpio.o
 .debug_loc     0x000000000000335a     0x31a5 Drivers/STM32F4xx_HAL_Driver/Src/stm32f4xx_hal_i2c.o
 .debug_loc     0x00000000000064ff       0xe0 Drivers/STM32F4xx_HAL_Driver/Src/stm32f4xx_hal_i2c_ex.o
 .debug_loc     0x00000000000065df     0x1603 Drivers/STM32F4xx_HAL_Driver/Src/stm32f4xx_hal_ltdc.o
 .debug_loc     0x0000000000007be2      0x1ef Drivers/STM32F4xx_HAL_Driver/Src/stm32f4xx_hal_pwr_ex.o
 .debug_loc     0x0000000000007dd1      0x53b Drivers/STM32F4xx_HAL_Driver/Src/stm32f4xx_hal_rcc.o
 .debug_loc     0x000000000000830c      0x40a Drivers/STM32F4xx_HAL_Driver/Src/stm32f4xx_hal_rcc_ex.o
 .debug_loc     0x0000000000008716      0xc21 Drivers/STM32F4xx_HAL_Driver/Src/stm32f4xx_hal_sdram.o
 .debug_loc     0x0000000000009337     0x1984 Drivers/STM32F4xx_HAL_Driver/Src/stm32f4xx_hal_spi.o
 .debug_loc     0x000000000000acbb     0x1532 Drivers/STM32F4xx_HAL_Driver/Src/stm32f4xx_hal_uart.o
 .debug_loc     0x000000000000c1ed      0xac5 Drivers/STM32F4xx_HAL_Driver/Src/stm32f4xx_ll_fmc.o
 .debug_loc     0x000000000000ccb2      0xb7c Drivers/TM_Bibliothek/tm_stm32_buffer.o
 .debug_loc     0x000000000000d82e      0x1fe Drivers/TM_Bibliothek/tm_stm32_delay.o
 .debug_loc     0x000000000000da2c      0x39a Drivers/TM_Bibliothek/tm_stm32_dma.o
 .debug_loc     0x000000000000ddc6     0x1818 Drivers/TM_Bibliothek/tm_stm32_dma2d_graphic.o
 .debug_loc     0x000000000000f5de       0x5d Drivers/TM_Bibliothek/tm_stm32_fonts.o
 .debug_loc     0x000000000000f63b      0x561 Drivers/TM_Bibliothek/tm_stm32_gpio.o
 .debug_loc     0x000000000000fb9c      0x948 Drivers/TM_Bibliothek/tm_stm32_i2c.o
 .debug_loc     0x00000000000104e4      0x864 Drivers/TM_Bibliothek/tm_stm32_lcd.o
 .debug_loc     0x0000000000010d48       0x21 Drivers/TM_Bibliothek/tm_stm32_sdram.o
 .debug_loc     0x0000000000010d69      0x848 Drivers/TM_Bibliothek/tm_stm32_spi.o
 .debug_loc     0x00000000000115b1      0x95c Drivers/TM_Bibliothek/tm_stm32_usart.o
 .debug_loc     0x0000000000011f0d      0x2e3 Drivers/TM_Bibliothek/tm_stm32f4_stmpe811.o
 .debug_loc     0x00000000000121f0      0x174 Src/main.o
 .debug_loc     0x0000000000012364      0x1a6 Src/stm32f4xx_hal_msp.o
 .debug_loc     0x000000000001250a      0x13e Src/system_stm32f4xx.o

.debug_aranges  0x0000000000000000     0x19f8
 .debug_aranges
                0x0000000000000000       0x50 Drivers/AT_Bibliothek/at_io_expander.o
 .debug_aranges